
> nx run ngx-xmpp:test --browsers=ChromeHeadlessInsecure --watch=false --include=**/multi-user-chat.plugin.spec.ts

Browserslist: caniuse-lite is outdated. Please run:
  npx update-browserslist-db@latest
  Why you should do it regularly: https://github.com/browserslist/update-db#readme
- Generating browser application bundles (phase: setup)...
[32m✔[39m Browser application bundle generation complete.
[32m01 01 2026 00:39:31.315:INFO [karma-server]: [39mKarma v6.4.2 server started at http://localhost:9876/
[32m01 01 2026 00:39:31.321:INFO [launcher]: [39mLaunching browsers ChromeHeadlessInsecure with concurrency unlimited
[32m01 01 2026 00:39:31.324:INFO [launcher]: [39mStarting browser ChromeHeadless
[32m01 01 2026 00:39:31.866:INFO [Chrome Headless 115.0.5790.98 (Mac OS 10.15.7)]: [39mConnected on socket Az_fnTJ7hDXyRlhQAAAB with id 73683572
LOG LOG: [36m'[Ejabberd API] Requesting muc_online_rooms from http://localhost:52810/api/ with user local-admin@local-jabber.entenhausen.pazz.de'[39m
LOG: '[Ejabberd API] Requesting muc_online_rooms from http://localhost:52810/api/ with user local-admin@local-jabber.entenhausen.pazz.de'
LOG LOG: [36m'[Ejabberd API] Response muc_online_rooms: 200 OK'[39m
LOG: '[Ejabberd API] Response muc_online_rooms: 200 OK'
LOG LOG: [36m'[Ejabberd API] Requesting registered_users from http://localhost:52810/api/ with user local-admin@local-jabber.entenhausen.pazz.de'[39m
LOG: '[Ejabberd API] Requesting registered_users from http://localhost:52810/api/ with user local-admin@local-jabber.entenhausen.pazz.de'
LOG LOG: [36m'[Ejabberd API] Response registered_users: 200 OK'[39m
LOG: '[Ejabberd API] Response registered_users: 200 OK'
LOG LOG: [36m'[Ejabberd API] Requesting registered_users from http://localhost:52810/api/ with user local-admin@local-jabber.entenhausen.pazz.de'[39m
LOG: '[Ejabberd API] Requesting registered_users from http://localhost:52810/api/ with user local-admin@local-jabber.entenhausen.pazz.de'
LOG LOG: [36m'[Ejabberd API] Requesting registered_users from http://localhost:52810/api/ with user local-admin@local-jabber.entenhausen.pazz.de'[39m
LOG: '[Ejabberd API] Requesting registered_users from http://localhost:52810/api/ with user local-admin@local-jabber.entenhausen.pazz.de'
LOG LOG: [36m'[Ejabberd API] Requesting registered_users from http://localhost:52810/api/ with user local-admin@local-jabber.entenhausen.pazz.de'[39m
LOG: '[Ejabberd API] Requesting registered_users from http://localhost:52810/api/ with user local-admin@local-jabber.entenhausen.pazz.de'
LOG LOG: [36m'[Ejabberd API] Requesting registered_users from http://localhost:52810/api/ with user local-admin@local-jabber.entenhausen.pazz.de'[39m
LOG: '[Ejabberd API] Requesting registered_users from http://localhost:52810/api/ with user local-admin@local-jabber.entenhausen.pazz.de'
LOG LOG: [36m'[Ejabberd API] Requesting registered_users from http://localhost:52810/api/ with user local-admin@local-jabber.entenhausen.pazz.de'[39m
LOG: '[Ejabberd API] Requesting registered_users from http://localhost:52810/api/ with user local-admin@local-jabber.entenhausen.pazz.de'
LOG LOG: [36m'[Ejabberd API] Response registered_users: 200 OK'[39m
LOG: '[Ejabberd API] Response registered_users: 200 OK'
LOG LOG: [36m'[Ejabberd API] Response registered_users: 200 OK'[39m
LOG: '[Ejabberd API] Response registered_users: 200 OK'
LOG LOG: [36m'[Ejabberd API] Response registered_users: 200 OK'[39m
LOG: '[Ejabberd API] Response registered_users: 200 OK'
LOG LOG: [36m'[Ejabberd API] Response registered_users: 200 OK'[39m
LOG: '[Ejabberd API] Response registered_users: 200 OK'
LOG LOG: [36m'[Ejabberd API] Response registered_users: 200 OK'[39m
LOG: '[Ejabberd API] Response registered_users: 200 OK'
LOG LOG: [36m'[Ejabberd API] Requesting registered_users from http://localhost:52810/api/ with user local-admin@local-jabber.entenhausen.pazz.de'[39m
LOG: '[Ejabberd API] Requesting registered_users from http://localhost:52810/api/ with user local-admin@local-jabber.entenhausen.pazz.de'
LOG LOG: [36m'[Ejabberd API] Response registered_users: 200 OK'[39m
LOG: '[Ejabberd API] Response registered_users: 200 OK'
LOG LOG: [36m'[Ejabberd API] Requesting check_account from http://localhost:52810/api/ with user local-admin@local-jabber.entenhausen.pazz.de'[39m
LOG: '[Ejabberd API] Requesting check_account from http://localhost:52810/api/ with user local-admin@local-jabber.entenhausen.pazz.de'
LOG LOG: [36m'[Ejabberd API] Response check_account: 200 OK'[39m
LOG: '[Ejabberd API] Response check_account: 200 OK'
LOG LOG: [36m'[Ejabberd API] Requesting register from http://localhost:52810/api/ with user local-admin@local-jabber.entenhausen.pazz.de'[39m
LOG: '[Ejabberd API] Requesting register from http://localhost:52810/api/ with user local-admin@local-jabber.entenhausen.pazz.de'
LOG LOG: [36m'[Ejabberd API] Response register: 200 OK'[39m
LOG: '[Ejabberd API] Response register: 200 OK'
LOG LOG: [36m'[Ejabberd API] Requesting registered_users from http://localhost:52810/api/ with user local-admin@local-jabber.entenhausen.pazz.de'[39m
LOG: '[Ejabberd API] Requesting registered_users from http://localhost:52810/api/ with user local-admin@local-jabber.entenhausen.pazz.de'
LOG LOG: [36m'[Ejabberd API] Response registered_users: 200 OK'[39m
LOG: '[Ejabberd API] Response registered_users: 200 OK'
LOG LOG: [36m'[Ejabberd API] Requesting registered_users from http://localhost:52810/api/ with user local-admin@local-jabber.entenhausen.pazz.de'[39m
LOG: '[Ejabberd API] Requesting registered_users from http://localhost:52810/api/ with user local-admin@local-jabber.entenhausen.pazz.de'
LOG LOG: [36m'[Ejabberd API] Response registered_users: 200 OK'[39m
LOG: '[Ejabberd API] Response registered_users: 200 OK'
LOG LOG: [36m'[Ejabberd API] Requesting check_account from http://localhost:52810/api/ with user local-admin@local-jabber.entenhausen.pazz.de'[39m
LOG: '[Ejabberd API] Requesting check_account from http://localhost:52810/api/ with user local-admin@local-jabber.entenhausen.pazz.de'
LOG LOG: [36m'[Ejabberd API] Response check_account: 200 OK'[39m
LOG: '[Ejabberd API] Response check_account: 200 OK'
LOG LOG: [36m'[Ejabberd API] Requesting unregister from http://localhost:52810/api/ with user local-admin@local-jabber.entenhausen.pazz.de'[39m
LOG: '[Ejabberd API] Requesting unregister from http://localhost:52810/api/ with user local-admin@local-jabber.entenhausen.pazz.de'
LOG LOG: [36m'[Ejabberd API] Response unregister: 200 OK'[39m
LOG: '[Ejabberd API] Response unregister: 200 OK'
LOG LOG: [36m'[Ejabberd API] Requesting destroy_room from http://localhost:52810/api/ with user local-admin@local-jabber.entenhausen.pazz.de'[39m
LOG: '[Ejabberd API] Requesting destroy_room from http://localhost:52810/api/ with user local-admin@local-jabber.entenhausen.pazz.de'
LOG LOG: [36m'[Ejabberd API] Requesting destroy_room from http://localhost:52810/api/ with user local-admin@local-jabber.entenhausen.pazz.de'[39m
LOG: '[Ejabberd API] Requesting destroy_room from http://localhost:52810/api/ with user local-admin@local-jabber.entenhausen.pazz.de'
LOG LOG: [36m'[Ejabberd API] Requesting destroy_room from http://localhost:52810/api/ with user local-admin@local-jabber.entenhausen.pazz.de'[39m
LOG: '[Ejabberd API] Requesting destroy_room from http://localhost:52810/api/ with user local-admin@local-jabber.entenhausen.pazz.de'
LOG LOG: [36m'[Ejabberd API] Requesting destroy_room from http://localhost:52810/api/ with user local-admin@local-jabber.entenhausen.pazz.de'[39m
LOG: '[Ejabberd API] Requesting destroy_room from http://localhost:52810/api/ with user local-admin@local-jabber.entenhausen.pazz.de'
LOG LOG: [36m'[Ejabberd API] Requesting destroy_room from http://localhost:52810/api/ with user local-admin@local-jabber.entenhausen.pazz.de'[39m
LOG: '[Ejabberd API] Requesting destroy_room from http://localhost:52810/api/ with user local-admin@local-jabber.entenhausen.pazz.de'
LOG LOG: [36m'[Ejabberd API] Requesting destroy_room from http://localhost:52810/api/ with user local-admin@local-jabber.entenhausen.pazz.de'[39m
LOG: '[Ejabberd API] Requesting destroy_room from http://localhost:52810/api/ with user local-admin@local-jabber.entenhausen.pazz.de'
LOG LOG: [36m'[Ejabberd API] Response destroy_room: 400 Bad Request'[39m
LOG: '[Ejabberd API] Response destroy_room: 400 Bad Request'
LOG LOG: [36m'[Ejabberd API] Response destroy_room: 400 Bad Request'[39m
LOG: '[Ejabberd API] Response destroy_room: 400 Bad Request'
LOG LOG: [36m'[Ejabberd API] Response destroy_room: 400 Bad Request'[39m
LOG: '[Ejabberd API] Response destroy_room: 400 Bad Request'
LOG LOG: [36m'[Ejabberd API] Response destroy_room: 400 Bad Request'[39m
LOG: '[Ejabberd API] Response destroy_room: 400 Bad Request'
LOG LOG: [36m'[Ejabberd API] Response destroy_room: 400 Bad Request'[39m
LOG: '[Ejabberd API] Response destroy_room: 400 Bad Request'
LOG LOG: [36m'[Ejabberd API] Response destroy_room: 400 Bad Request'[39m
LOG: '[Ejabberd API] Response destroy_room: 400 Bad Request'
LOG LOG: [36m'[Ejabberd API] Requesting registered_users from http://localhost:52810/api/ with user local-admin@local-jabber.entenhausen.pazz.de'[39m
LOG: '[Ejabberd API] Requesting registered_users from http://localhost:52810/api/ with user local-admin@local-jabber.entenhausen.pazz.de'
LOG LOG: [36m'[Ejabberd API] Requesting registered_users from http://localhost:52810/api/ with user local-admin@local-jabber.entenhausen.pazz.de'[39m
LOG: '[Ejabberd API] Requesting registered_users from http://localhost:52810/api/ with user local-admin@local-jabber.entenhausen.pazz.de'
LOG LOG: [36m'[Ejabberd API] Requesting registered_users from http://localhost:52810/api/ with user local-admin@local-jabber.entenhausen.pazz.de'[39m
LOG: '[Ejabberd API] Requesting registered_users from http://localhost:52810/api/ with user local-admin@local-jabber.entenhausen.pazz.de'
LOG LOG: [36m'[Ejabberd API] Requesting registered_users from http://localhost:52810/api/ with user local-admin@local-jabber.entenhausen.pazz.de'[39m
LOG: '[Ejabberd API] Requesting registered_users from http://localhost:52810/api/ with user local-admin@local-jabber.entenhausen.pazz.de'
LOG LOG: [36m'[Ejabberd API] Requesting registered_users from http://localhost:52810/api/ with user local-admin@local-jabber.entenhausen.pazz.de'[39m
LOG: '[Ejabberd API] Requesting registered_users from http://localhost:52810/api/ with user local-admin@local-jabber.entenhausen.pazz.de'
LOG LOG: [36m'[Ejabberd API] Response registered_users: 200 OK'[39m
LOG: '[Ejabberd API] Response registered_users: 200 OK'
LOG LOG: [36m'[Ejabberd API] Response registered_users: 200 OK'[39m
LOG: '[Ejabberd API] Response registered_users: 200 OK'
LOG LOG: [36m'[Ejabberd API] Response registered_users: 200 OK'[39m
LOG: '[Ejabberd API] Response registered_users: 200 OK'
LOG LOG: [36m'[Ejabberd API] Response registered_users: 200 OK'[39m
LOG: '[Ejabberd API] Response registered_users: 200 OK'
LOG LOG: [36m'[Ejabberd API] Response registered_users: 200 OK'[39m
LOG: '[Ejabberd API] Response registered_users: 200 OK'
  multi user chat plugin
    room messaging
      [32m✓ [39mshould be able to send messages
LOG LOG: [36m'[Ejabberd API] Requesting muc_online_rooms from http://localhost:52810/api/ with user local-admin@local-jabber.entenhausen.pazz.de'[39m
LOG: '[Ejabberd API] Requesting muc_online_rooms from http://localhost:52810/api/ with user local-admin@local-jabber.entenhausen.pazz.de'
LOG LOG: [36m'[Ejabberd API] Response muc_online_rooms: 200 OK'[39m
LOG: '[Ejabberd API] Response muc_online_rooms: 200 OK'
LOG LOG: [36m'[Ejabberd API] Requesting registered_users from http://localhost:52810/api/ with user local-admin@local-jabber.entenhausen.pazz.de'[39m
LOG: '[Ejabberd API] Requesting registered_users from http://localhost:52810/api/ with user local-admin@local-jabber.entenhausen.pazz.de'
LOG LOG: [36m'[Ejabberd API] Response registered_users: 200 OK'[39m
LOG: '[Ejabberd API] Response registered_users: 200 OK'
LOG LOG: [36m'[Ejabberd API] Requesting registered_users from http://localhost:52810/api/ with user local-admin@local-jabber.entenhausen.pazz.de'[39m
LOG: '[Ejabberd API] Requesting registered_users from http://localhost:52810/api/ with user local-admin@local-jabber.entenhausen.pazz.de'
LOG LOG: [36m'[Ejabberd API] Requesting registered_users from http://localhost:52810/api/ with user local-admin@local-jabber.entenhausen.pazz.de'[39m
LOG: '[Ejabberd API] Requesting registered_users from http://localhost:52810/api/ with user local-admin@local-jabber.entenhausen.pazz.de'
LOG LOG: [36m'[Ejabberd API] Requesting registered_users from http://localhost:52810/api/ with user local-admin@local-jabber.entenhausen.pazz.de'[39m
LOG: '[Ejabberd API] Requesting registered_users from http://localhost:52810/api/ with user local-admin@local-jabber.entenhausen.pazz.de'
LOG LOG: [36m'[Ejabberd API] Requesting registered_users from http://localhost:52810/api/ with user local-admin@local-jabber.entenhausen.pazz.de'[39m
LOG: '[Ejabberd API] Requesting registered_users from http://localhost:52810/api/ with user local-admin@local-jabber.entenhausen.pazz.de'
LOG LOG: [36m'[Ejabberd API] Requesting registered_users from http://localhost:52810/api/ with user local-admin@local-jabber.entenhausen.pazz.de'[39m
LOG: '[Ejabberd API] Requesting registered_users from http://localhost:52810/api/ with user local-admin@local-jabber.entenhausen.pazz.de'
LOG LOG: [36m'[Ejabberd API] Response registered_users: 200 OK'[39m
LOG: '[Ejabberd API] Response registered_users: 200 OK'
LOG LOG: [36m'[Ejabberd API] Response registered_users: 200 OK'[39m
LOG: '[Ejabberd API] Response registered_users: 200 OK'
LOG LOG: [36m'[Ejabberd API] Response registered_users: 200 OK'[39m
LOG: '[Ejabberd API] Response registered_users: 200 OK'
LOG LOG: [36m'[Ejabberd API] Response registered_users: 200 OK'[39m
LOG: '[Ejabberd API] Response registered_users: 200 OK'
LOG LOG: [36m'[Ejabberd API] Response registered_users: 200 OK'[39m
LOG: '[Ejabberd API] Response registered_users: 200 OK'
LOG LOG: [36m'[Ejabberd API] Requesting registered_users from http://localhost:52810/api/ with user local-admin@local-jabber.entenhausen.pazz.de'[39m
LOG: '[Ejabberd API] Requesting registered_users from http://localhost:52810/api/ with user local-admin@local-jabber.entenhausen.pazz.de'
LOG LOG: [36m'[Ejabberd API] Response registered_users: 200 OK'[39m
LOG: '[Ejabberd API] Response registered_users: 200 OK'
LOG LOG: [36m'[Ejabberd API] Requesting check_account from http://localhost:52810/api/ with user local-admin@local-jabber.entenhausen.pazz.de'[39m
LOG: '[Ejabberd API] Requesting check_account from http://localhost:52810/api/ with user local-admin@local-jabber.entenhausen.pazz.de'
LOG LOG: [36m'[Ejabberd API] Response check_account: 200 OK'[39m
LOG: '[Ejabberd API] Response check_account: 200 OK'
LOG LOG: [36m'[Ejabberd API] Requesting register from http://localhost:52810/api/ with user local-admin@local-jabber.entenhausen.pazz.de'[39m
LOG: '[Ejabberd API] Requesting register from http://localhost:52810/api/ with user local-admin@local-jabber.entenhausen.pazz.de'
LOG LOG: [36m'[Ejabberd API] Response register: 200 OK'[39m
LOG: '[Ejabberd API] Response register: 200 OK'
LOG LOG: [36m'[Ejabberd API] Requesting registered_users from http://localhost:52810/api/ with user local-admin@local-jabber.entenhausen.pazz.de'[39m
LOG: '[Ejabberd API] Requesting registered_users from http://localhost:52810/api/ with user local-admin@local-jabber.entenhausen.pazz.de'
LOG LOG: [36m'[Ejabberd API] Response registered_users: 200 OK'[39m
LOG: '[Ejabberd API] Response registered_users: 200 OK'
LOG LOG: [36m'[Ejabberd API] Requesting registered_users from http://localhost:52810/api/ with user local-admin@local-jabber.entenhausen.pazz.de'[39m
LOG: '[Ejabberd API] Requesting registered_users from http://localhost:52810/api/ with user local-admin@local-jabber.entenhausen.pazz.de'
LOG LOG: [36m'[Ejabberd API] Response registered_users: 200 OK'[39m
LOG: '[Ejabberd API] Response registered_users: 200 OK'
LOG LOG: [36m'[Ejabberd API] Requesting check_account from http://localhost:52810/api/ with user local-admin@local-jabber.entenhausen.pazz.de'[39m
LOG: '[Ejabberd API] Requesting check_account from http://localhost:52810/api/ with user local-admin@local-jabber.entenhausen.pazz.de'
LOG LOG: [36m'[Ejabberd API] Response check_account: 200 OK'[39m
LOG: '[Ejabberd API] Response check_account: 200 OK'
LOG LOG: [36m'[Ejabberd API] Requesting register from http://localhost:52810/api/ with user local-admin@local-jabber.entenhausen.pazz.de'[39m
LOG: '[Ejabberd API] Requesting register from http://localhost:52810/api/ with user local-admin@local-jabber.entenhausen.pazz.de'
LOG LOG: [36m'[Ejabberd API] Response register: 200 OK'[39m
LOG: '[Ejabberd API] Response register: 200 OK'
LOG LOG: [36m'[Ejabberd API] Requesting registered_users from http://localhost:52810/api/ with user local-admin@local-jabber.entenhausen.pazz.de'[39m
LOG: '[Ejabberd API] Requesting registered_users from http://localhost:52810/api/ with user local-admin@local-jabber.entenhausen.pazz.de'
LOG LOG: [36m'[Ejabberd API] Response registered_users: 200 OK'[39m
LOG: '[Ejabberd API] Response registered_users: 200 OK'
LOG LOG: [36m'[Ejabberd API] Requesting check_account from http://localhost:52810/api/ with user local-admin@local-jabber.entenhausen.pazz.de'[39m
LOG: '[Ejabberd API] Requesting check_account from http://localhost:52810/api/ with user local-admin@local-jabber.entenhausen.pazz.de'
LOG LOG: [36m'[Ejabberd API] Response check_account: 200 OK'[39m
LOG: '[Ejabberd API] Response check_account: 200 OK'
LOG LOG: [36m'[Ejabberd API] Requesting unregister from http://localhost:52810/api/ with user local-admin@local-jabber.entenhausen.pazz.de'[39m
LOG: '[Ejabberd API] Requesting unregister from http://localhost:52810/api/ with user local-admin@local-jabber.entenhausen.pazz.de'
LOG LOG: [36m'[Ejabberd API] Response unregister: 200 OK'[39m
LOG: '[Ejabberd API] Response unregister: 200 OK'
LOG LOG: [36m'[Ejabberd API] Requesting destroy_room from http://localhost:52810/api/ with user local-admin@local-jabber.entenhausen.pazz.de'[39m
LOG: '[Ejabberd API] Requesting destroy_room from http://localhost:52810/api/ with user local-admin@local-jabber.entenhausen.pazz.de'
LOG LOG: [36m'[Ejabberd API] Requesting destroy_room from http://localhost:52810/api/ with user local-admin@local-jabber.entenhausen.pazz.de'[39m
LOG: '[Ejabberd API] Requesting destroy_room from http://localhost:52810/api/ with user local-admin@local-jabber.entenhausen.pazz.de'
LOG LOG: [36m'[Ejabberd API] Requesting destroy_room from http://localhost:52810/api/ with user local-admin@local-jabber.entenhausen.pazz.de'[39m
LOG: '[Ejabberd API] Requesting destroy_room from http://localhost:52810/api/ with user local-admin@local-jabber.entenhausen.pazz.de'
LOG LOG: [36m'[Ejabberd API] Requesting destroy_room from http://localhost:52810/api/ with user local-admin@local-jabber.entenhausen.pazz.de'[39m
LOG: '[Ejabberd API] Requesting destroy_room from http://localhost:52810/api/ with user local-admin@local-jabber.entenhausen.pazz.de'
LOG LOG: [36m'[Ejabberd API] Requesting destroy_room from http://localhost:52810/api/ with user local-admin@local-jabber.entenhausen.pazz.de'[39m
LOG: '[Ejabberd API] Requesting destroy_room from http://localhost:52810/api/ with user local-admin@local-jabber.entenhausen.pazz.de'
LOG LOG: [36m'[Ejabberd API] Requesting destroy_room from http://localhost:52810/api/ with user local-admin@local-jabber.entenhausen.pazz.de'[39m
LOG: '[Ejabberd API] Requesting destroy_room from http://localhost:52810/api/ with user local-admin@local-jabber.entenhausen.pazz.de'
LOG LOG: [36m'[Ejabberd API] Response destroy_room: 200 OK'[39m
LOG: '[Ejabberd API] Response destroy_room: 200 OK'
LOG LOG: [36m'[Ejabberd API] Response destroy_room: 400 Bad Request'[39m
LOG: '[Ejabberd API] Response destroy_room: 400 Bad Request'
LOG LOG: [36m'[Ejabberd API] Response destroy_room: 400 Bad Request'[39m
LOG: '[Ejabberd API] Response destroy_room: 400 Bad Request'
LOG LOG: [36m'[Ejabberd API] Response destroy_room: 400 Bad Request'[39m
LOG: '[Ejabberd API] Response destroy_room: 400 Bad Request'
LOG LOG: [36m'[Ejabberd API] Response destroy_room: 400 Bad Request'[39m
LOG: '[Ejabberd API] Response destroy_room: 400 Bad Request'
LOG LOG: [36m'[Ejabberd API] Response destroy_room: 400 Bad Request'[39m
LOG: '[Ejabberd API] Response destroy_room: 400 Bad Request'
LOG LOG: [36m'[Ejabberd API] Requesting registered_users from http://localhost:52810/api/ with user local-admin@local-jabber.entenhausen.pazz.de'[39m
LOG: '[Ejabberd API] Requesting registered_users from http://localhost:52810/api/ with user local-admin@local-jabber.entenhausen.pazz.de'
LOG LOG: [36m'[Ejabberd API] Requesting registered_users from http://localhost:52810/api/ with user local-admin@local-jabber.entenhausen.pazz.de'[39m
LOG: '[Ejabberd API] Requesting registered_users from http://localhost:52810/api/ with user local-admin@local-jabber.entenhausen.pazz.de'
LOG LOG: [36m'[Ejabberd API] Requesting registered_users from http://localhost:52810/api/ with user local-admin@local-jabber.entenhausen.pazz.de'[39m
LOG: '[Ejabberd API] Requesting registered_users from http://localhost:52810/api/ with user local-admin@local-jabber.entenhausen.pazz.de'
LOG LOG: [36m'[Ejabberd API] Requesting registered_users from http://localhost:52810/api/ with user local-admin@local-jabber.entenhausen.pazz.de'[39m
LOG: '[Ejabberd API] Requesting registered_users from http://localhost:52810/api/ with user local-admin@local-jabber.entenhausen.pazz.de'
LOG LOG: [36m'[Ejabberd API] Requesting registered_users from http://localhost:52810/api/ with user local-admin@local-jabber.entenhausen.pazz.de'[39m
LOG: '[Ejabberd API] Requesting registered_users from http://localhost:52810/api/ with user local-admin@local-jabber.entenhausen.pazz.de'
LOG LOG: [36m'[Ejabberd API] Response registered_users: 200 OK'[39m
LOG: '[Ejabberd API] Response registered_users: 200 OK'
LOG LOG: [36m'[Ejabberd API] Response registered_users: 200 OK'[39m
LOG: '[Ejabberd API] Response registered_users: 200 OK'
LOG LOG: [36m'[Ejabberd API] Response registered_users: 200 OK'[39m
LOG: '[Ejabberd API] Response registered_users: 200 OK'
LOG LOG: [36m'[Ejabberd API] Response registered_users: 200 OK'[39m
LOG: '[Ejabberd API] Response registered_users: 200 OK'
LOG LOG: [36m'[Ejabberd API] Requesting check_account from http://localhost:52810/api/ with user local-admin@local-jabber.entenhausen.pazz.de'[39m
LOG: '[Ejabberd API] Requesting check_account from http://localhost:52810/api/ with user local-admin@local-jabber.entenhausen.pazz.de'
LOG LOG: [36m'[Ejabberd API] Response registered_users: 200 OK'[39m
LOG: '[Ejabberd API] Response registered_users: 200 OK'
LOG LOG: [36m'[Ejabberd API] Response check_account: 200 OK'[39m
LOG: '[Ejabberd API] Response check_account: 200 OK'
LOG LOG: [36m'[Ejabberd API] Requesting unregister from http://localhost:52810/api/ with user local-admin@local-jabber.entenhausen.pazz.de'[39m
LOG: '[Ejabberd API] Requesting unregister from http://localhost:52810/api/ with user local-admin@local-jabber.entenhausen.pazz.de'
LOG LOG: [36m'[Ejabberd API] Response unregister: 200 OK'[39m
LOG: '[Ejabberd API] Response unregister: 200 OK'
      [31m✗ [39m[31mshould be able to receive messages[39m
	Error: Timeout waiting for message count 2, got 0
	    at libs/ngx-xmpp/src/test/multi-user-chat.plugin.spec.ts:39:11
	    at Generator.next (<anonymous>)
	    at asyncGeneratorStep (node_modules/@babel/runtime/helpers/esm/asyncToGenerator.js:3:1)
	    at apply (node_modules/@babel/runtime/helpers/esm/asyncToGenerator.js:22:1)
	Uncaught Error: Error in stream occurred error=<stream:error xmlns:stream="http://etherx.jabber.org/streams"><conflict xmlns="urn:ietf:params:xml:ns:xmpp-streams"/><text xmlns="urn:ietf:params:xml:ns:xmpp-streams" xml:lang="en">User removed</text></stream:error> ; errors=<conflict xmlns="urn:ietf:params:xml:ns:xmpp-streams"/>
	<text xmlns="urn:ietf:params:xml:ns:xmpp-streams" xml:lang="en">User removed</text>
	 thrown
LOG LOG: [36m'[Ejabberd API] Requesting muc_online_rooms from http://localhost:52810/api/ with user local-admin@local-jabber.entenhausen.pazz.de'[39m
LOG: '[Ejabberd API] Requesting muc_online_rooms from http://localhost:52810/api/ with user local-admin@local-jabber.entenhausen.pazz.de'
LOG LOG: [36m'[Ejabberd API] Response muc_online_rooms: 200 OK'[39m
LOG: '[Ejabberd API] Response muc_online_rooms: 200 OK'
LOG LOG: [36m'[Ejabberd API] Requesting registered_users from http://localhost:52810/api/ with user local-admin@local-jabber.entenhausen.pazz.de'[39m
LOG: '[Ejabberd API] Requesting registered_users from http://localhost:52810/api/ with user local-admin@local-jabber.entenhausen.pazz.de'
LOG LOG: [36m'[Ejabberd API] Response registered_users: 200 OK'[39m
LOG: '[Ejabberd API] Response registered_users: 200 OK'
LOG LOG: [36m'[Ejabberd API] Requesting registered_users from http://localhost:52810/api/ with user local-admin@local-jabber.entenhausen.pazz.de'[39m
LOG: '[Ejabberd API] Requesting registered_users from http://localhost:52810/api/ with user local-admin@local-jabber.entenhausen.pazz.de'
LOG LOG: [36m'[Ejabberd API] Requesting registered_users from http://localhost:52810/api/ with user local-admin@local-jabber.entenhausen.pazz.de'[39m
LOG: '[Ejabberd API] Requesting registered_users from http://localhost:52810/api/ with user local-admin@local-jabber.entenhausen.pazz.de'
LOG LOG: [36m'[Ejabberd API] Requesting registered_users from http://localhost:52810/api/ with user local-admin@local-jabber.entenhausen.pazz.de'[39m
LOG: '[Ejabberd API] Requesting registered_users from http://localhost:52810/api/ with user local-admin@local-jabber.entenhausen.pazz.de'
LOG LOG: [36m'[Ejabberd API] Requesting registered_users from http://localhost:52810/api/ with user local-admin@local-jabber.entenhausen.pazz.de'[39m
LOG: '[Ejabberd API] Requesting registered_users from http://localhost:52810/api/ with user local-admin@local-jabber.entenhausen.pazz.de'
LOG LOG: [36m'[Ejabberd API] Requesting registered_users from http://localhost:52810/api/ with user local-admin@local-jabber.entenhausen.pazz.de'[39m
LOG: '[Ejabberd API] Requesting registered_users from http://localhost:52810/api/ with user local-admin@local-jabber.entenhausen.pazz.de'
LOG LOG: [36m'[Ejabberd API] Response registered_users: 200 OK'[39m
LOG: '[Ejabberd API] Response registered_users: 200 OK'
LOG LOG: [36m'[Ejabberd API] Response registered_users: 200 OK'[39m
LOG: '[Ejabberd API] Response registered_users: 200 OK'
LOG LOG: [36m'[Ejabberd API] Response registered_users: 200 OK'[39m
LOG: '[Ejabberd API] Response registered_users: 200 OK'
LOG LOG: [36m'[Ejabberd API] Response registered_users: 200 OK'[39m
LOG: '[Ejabberd API] Response registered_users: 200 OK'
LOG LOG: [36m'[Ejabberd API] Response registered_users: 200 OK'[39m
LOG: '[Ejabberd API] Response registered_users: 200 OK'
LOG LOG: [36m'[Ejabberd API] Requesting registered_users from http://localhost:52810/api/ with user local-admin@local-jabber.entenhausen.pazz.de'[39m
LOG: '[Ejabberd API] Requesting registered_users from http://localhost:52810/api/ with user local-admin@local-jabber.entenhausen.pazz.de'
LOG LOG: [36m'[Ejabberd API] Response registered_users: 200 OK'[39m
LOG: '[Ejabberd API] Response registered_users: 200 OK'
LOG LOG: [36m'[Ejabberd API] Requesting check_account from http://localhost:52810/api/ with user local-admin@local-jabber.entenhausen.pazz.de'[39m
LOG: '[Ejabberd API] Requesting check_account from http://localhost:52810/api/ with user local-admin@local-jabber.entenhausen.pazz.de'
LOG LOG: [36m'[Ejabberd API] Response check_account: 200 OK'[39m
LOG: '[Ejabberd API] Response check_account: 200 OK'
LOG LOG: [36m'[Ejabberd API] Requesting register from http://localhost:52810/api/ with user local-admin@local-jabber.entenhausen.pazz.de'[39m
LOG: '[Ejabberd API] Requesting register from http://localhost:52810/api/ with user local-admin@local-jabber.entenhausen.pazz.de'
LOG LOG: [36m'[Ejabberd API] Response register: 200 OK'[39m
LOG: '[Ejabberd API] Response register: 200 OK'
LOG LOG: [36m'[Ejabberd API] Requesting registered_users from http://localhost:52810/api/ with user local-admin@local-jabber.entenhausen.pazz.de'[39m
LOG: '[Ejabberd API] Requesting registered_users from http://localhost:52810/api/ with user local-admin@local-jabber.entenhausen.pazz.de'
LOG LOG: [36m'[Ejabberd API] Response registered_users: 200 OK'[39m
LOG: '[Ejabberd API] Response registered_users: 200 OK'
LOG LOG: [36m'[Ejabberd API] Requesting check_account from http://localhost:52810/api/ with user local-admin@local-jabber.entenhausen.pazz.de'[39m
LOG: '[Ejabberd API] Requesting check_account from http://localhost:52810/api/ with user local-admin@local-jabber.entenhausen.pazz.de'
LOG LOG: [36m'[Ejabberd API] Response check_account: 200 OK'[39m
LOG: '[Ejabberd API] Response check_account: 200 OK'
LOG LOG: [36m'[Ejabberd API] Requesting register from http://localhost:52810/api/ with user local-admin@local-jabber.entenhausen.pazz.de'[39m
LOG: '[Ejabberd API] Requesting register from http://localhost:52810/api/ with user local-admin@local-jabber.entenhausen.pazz.de'
LOG LOG: [36m'[Ejabberd API] Response register: 200 OK'[39m
LOG: '[Ejabberd API] Response register: 200 OK'
LOG LOG: [36m'[Ejabberd API] Requesting get_room_occupants from http://localhost:52810/api/ with user local-admin@local-jabber.entenhausen.pazz.de'[39m
LOG: '[Ejabberd API] Requesting get_room_occupants from http://localhost:52810/api/ with user local-admin@local-jabber.entenhausen.pazz.de'
LOG LOG: [36m'[Ejabberd API] Response get_room_occupants: 200 OK'[39m
LOG: '[Ejabberd API] Response get_room_occupants: 200 OK'
