
> nx run ngx-xmpp:test --include **/message-archive.plugin.spec.ts

- Generating browser application bundles (phase: setup)...
[32m✔[39m Browser application bundle generation complete.
[32m12 01 2026 22:20:12.021:INFO [karma-server]: [39mKarma v6.4.2 server started at http://localhost:9876/
[32m12 01 2026 22:20:12.023:INFO [launcher]: [39mLaunching browsers ChromeHeadlessInsecure with concurrency unlimited
[32m12 01 2026 22:20:12.025:INFO [launcher]: [39mStarting browser ChromeHeadless
[32m12 01 2026 22:20:12.244:INFO [Chrome Headless 115.0.5790.98 (Mac OS 10.15.7)]: [39mConnected on socket tW-dJGGqcHCqCjanAAAB with id 39223193
LOG LOG: [36m'fakeWebsocketInStanza: injecting stanza...'[39m
LOG: 'fakeWebsocketInStanza: injecting stanza...'
  message archive plugin
    [31m✗ [39m[31mshould handle MUC/Sub archive stanzas correctly[39m
	Expected 0 to be 1.
	    at <Jasmine>
	    at UserContext.<anonymous> (libs/ngx-xmpp/src/test/message-archive.plugin.spec.ts:192:34)
	    at Generator.next (<anonymous>)
	    at asyncGeneratorStep (node_modules/@babel/runtime/helpers/esm/asyncToGenerator.js:3:1)
	Expected undefined to be 'group chat the second!'.
	    at <Jasmine>
	    at UserContext.<anonymous> (libs/ngx-xmpp/src/test/message-archive.plugin.spec.ts:196:31)
	    at Generator.next (<anonymous>)
	    at asyncGeneratorStep (node_modules/@babel/runtime/helpers/esm/asyncToGenerator.js:3:1)
	Expected undefined to equal Date(Tue Aug 17 2021 17:33:25 GMT+0200 (Central European Summer Time)).
	    at <Jasmine>
	    at UserContext.<anonymous> (libs/ngx-xmpp/src/test/message-archive.plugin.spec.ts:197:35)
	    at Generator.next (<anonymous>)
	    at asyncGeneratorStep (node_modules/@babel/runtime/helpers/esm/asyncToGenerator.js:3:1)
	Expected undefined to be 'in'.
	    at <Jasmine>
	    at UserContext.<anonymous> (libs/ngx-xmpp/src/test/message-archive.plugin.spec.ts:198:36)
	    at Generator.next (<anonymous>)
	    at asyncGeneratorStep (node_modules/@babel/runtime/helpers/esm/asyncToGenerator.js:3:1)
	Expected undefined to be true.
	    at <Jasmine>
	    at UserContext.<anonymous> (libs/ngx-xmpp/src/test/message-archive.plugin.spec.ts:199:38)
	    at Generator.next (<anonymous>)
	    at asyncGeneratorStep (node_modules/@babel/runtime/helpers/esm/asyncToGenerator.js:3:1)
Chrome Headless 115.0.5790.98 (Mac OS 10.15.7): Executed 1 of 4[31m (1 FAILED)[39m (skipped 3) (3.466 secs / 3.456 secs)
[31mTOTAL: 1 FAILED, 0 SUCCESS[39m
[32m✔[39m Browser application bundle generation complete.
[32m✔[39m Browser application bundle generation complete.



 NX   Running target test for project ngx-xmpp failed

Failed tasks:

- ngx-xmpp:test

Hint: run the command with --verbose for more details.

