
> nx run ngx-xmpp:test --include libs/ngx-xmpp/src/test/multi-user-chat.plugin.spec.ts

Browserslist: caniuse-lite is outdated. Please run:
  npx update-browserslist-db@latest
  Why you should do it regularly: https://github.com/browserslist/update-db#readme
- Generating browser application bundles (phase: setup)...
[32m✔[39m Browser application bundle generation complete.
[33m07 01 2026 18:39:03.327:WARN [karma]: [39mNo captured browser, open http://localhost:9884/
[32m07 01 2026 18:39:03.336:INFO [karma-server]: [39mKarma v6.4.2 server started at http://localhost:9884/
[32m07 01 2026 18:39:03.336:INFO [launcher]: [39mLaunching browsers ChromeHeadlessInsecure with concurrency unlimited
[32m07 01 2026 18:39:03.339:INFO [launcher]: [39mStarting browser ChromeHeadless
[32m07 01 2026 18:39:03.640:INFO [Chrome Headless 115.0.5790.98 (Mac OS 10.15.7)]: [39mConnected on socket gjwxIWXOwtroNMqPAAAB with id 9889736
LOG LOG: [36m'[Ejabberd API] Requesting registered_users from http://localhost:52810/api/ with user local-admin@local-jabber.entenhausen.pazz.de'[39m
LOG: '[Ejabberd API] Requesting registered_users from http://localhost:52810/api/ with user local-admin@local-jabber.entenhausen.pazz.de'
LOG LOG: [36m'[Ejabberd API] Response registered_users: 200 OK'[39m
LOG: '[Ejabberd API] Response registered_users: 200 OK'
LOG LOG: [36m'[Ejabberd API] Requesting muc_online_rooms from http://localhost:52810/api/ with user local-admin@local-jabber.entenhausen.pazz.de'[39m
LOG: '[Ejabberd API] Requesting muc_online_rooms from http://localhost:52810/api/ with user local-admin@local-jabber.entenhausen.pazz.de'
LOG LOG: [36m'[Ejabberd API] Response muc_online_rooms: 200 OK'[39m
LOG: '[Ejabberd API] Response muc_online_rooms: 200 OK'
LOG LOG: [36m'[Ejabberd API] Requesting registered_users from http://localhost:52810/api/ with user local-admin@local-jabber.entenhausen.pazz.de'[39m
LOG: '[Ejabberd API] Requesting registered_users from http://localhost:52810/api/ with user local-admin@local-jabber.entenhausen.pazz.de'
LOG LOG: [36m'[Ejabberd API] Requesting registered_users from http://localhost:52810/api/ with user local-admin@local-jabber.entenhausen.pazz.de'[39m
LOG: '[Ejabberd API] Requesting registered_users from http://localhost:52810/api/ with user local-admin@local-jabber.entenhausen.pazz.de'
LOG LOG: [36m'[Ejabberd API] Requesting registered_users from http://localhost:52810/api/ with user local-admin@local-jabber.entenhausen.pazz.de'[39m
LOG: '[Ejabberd API] Requesting registered_users from http://localhost:52810/api/ with user local-admin@local-jabber.entenhausen.pazz.de'
LOG LOG: [36m'[Ejabberd API] Requesting registered_users from http://localhost:52810/api/ with user local-admin@local-jabber.entenhausen.pazz.de'[39m
LOG: '[Ejabberd API] Requesting registered_users from http://localhost:52810/api/ with user local-admin@local-jabber.entenhausen.pazz.de'
LOG LOG: [36m'[Ejabberd API] Requesting registered_users from http://localhost:52810/api/ with user local-admin@local-jabber.entenhausen.pazz.de'[39m
LOG: '[Ejabberd API] Requesting registered_users from http://localhost:52810/api/ with user local-admin@local-jabber.entenhausen.pazz.de'
LOG LOG: [36m'[Ejabberd API] Response registered_users: 200 OK'[39m
LOG: '[Ejabberd API] Response registered_users: 200 OK'
LOG LOG: [36m'[Ejabberd API] Response registered_users: 200 OK'[39m
LOG: '[Ejabberd API] Response registered_users: 200 OK'
LOG LOG: [36m'[Ejabberd API] Response registered_users: 200 OK'[39m
LOG: '[Ejabberd API] Response registered_users: 200 OK'
LOG LOG: [36m'[Ejabberd API] Response registered_users: 200 OK'[39m
LOG: '[Ejabberd API] Response registered_users: 200 OK'
LOG LOG: [36m'[Ejabberd API] Response registered_users: 200 OK'[39m
LOG: '[Ejabberd API] Response registered_users: 200 OK'
LOG LOG: [36m'[Ejabberd API] Requesting registered_users from http://localhost:52810/api/ with user local-admin@local-jabber.entenhausen.pazz.de'[39m
LOG: '[Ejabberd API] Requesting registered_users from http://localhost:52810/api/ with user local-admin@local-jabber.entenhausen.pazz.de'
LOG LOG: [36m'[Ejabberd API] Response registered_users: 200 OK'[39m
LOG: '[Ejabberd API] Response registered_users: 200 OK'
LOG LOG: [36m'[Ejabberd API] Requesting check_account from http://localhost:52810/api/ with user local-admin@local-jabber.entenhausen.pazz.de'[39m
LOG: '[Ejabberd API] Requesting check_account from http://localhost:52810/api/ with user local-admin@local-jabber.entenhausen.pazz.de'
LOG LOG: [36m'[Ejabberd API] Response check_account: 200 OK'[39m
LOG: '[Ejabberd API] Response check_account: 200 OK'
LOG LOG: [36m'[Ejabberd API] Requesting register from http://localhost:52810/api/ with user local-admin@local-jabber.entenhausen.pazz.de'[39m
LOG: '[Ejabberd API] Requesting register from http://localhost:52810/api/ with user local-admin@local-jabber.entenhausen.pazz.de'
LOG LOG: [36m'[Ejabberd API] Response register: 200 OK'[39m
LOG: '[Ejabberd API] Response register: 200 OK'
LOG LOG: [36m'[TestUtils] Cleaning up 5 tracked rooms...'[39m
LOG: '[TestUtils] Cleaning up 5 tracked rooms...'
LOG LOG: [36m'[Ejabberd API] Requesting destroy_room from http://localhost:52810/api/ with user local-admin@local-jabber.entenhausen.pazz.de'[39m
LOG: '[Ejabberd API] Requesting destroy_room from http://localhost:52810/api/ with user local-admin@local-jabber.entenhausen.pazz.de'
LOG LOG: [36m'[Ejabberd API] Response destroy_room: 400 Bad Request'[39m
LOG: '[Ejabberd API] Response destroy_room: 400 Bad Request'
LOG LOG: [36m'[Ejabberd API] Requesting destroy_room from http://localhost:52810/api/ with user local-admin@local-jabber.entenhausen.pazz.de'[39m
LOG: '[Ejabberd API] Requesting destroy_room from http://localhost:52810/api/ with user local-admin@local-jabber.entenhausen.pazz.de'
LOG LOG: [36m'[Ejabberd API] Response destroy_room: 400 Bad Request'[39m
LOG: '[Ejabberd API] Response destroy_room: 400 Bad Request'
LOG LOG: [36m'[Ejabberd API] Requesting destroy_room from http://localhost:52810/api/ with user local-admin@local-jabber.entenhausen.pazz.de'[39m
LOG: '[Ejabberd API] Requesting destroy_room from http://localhost:52810/api/ with user local-admin@local-jabber.entenhausen.pazz.de'
LOG LOG: [36m'[Ejabberd API] Response destroy_room: 400 Bad Request'[39m
LOG: '[Ejabberd API] Response destroy_room: 400 Bad Request'
LOG LOG: [36m'[Ejabberd API] Requesting destroy_room from http://localhost:52810/api/ with user local-admin@local-jabber.entenhausen.pazz.de'[39m
LOG: '[Ejabberd API] Requesting destroy_room from http://localhost:52810/api/ with user local-admin@local-jabber.entenhausen.pazz.de'
LOG LOG: [36m'[Ejabberd API] Response destroy_room: 400 Bad Request'[39m
LOG: '[Ejabberd API] Response destroy_room: 400 Bad Request'
LOG LOG: [36m'[Ejabberd API] Requesting destroy_room from http://localhost:52810/api/ with user local-admin@local-jabber.entenhausen.pazz.de'[39m
LOG: '[Ejabberd API] Requesting destroy_room from http://localhost:52810/api/ with user local-admin@local-jabber.entenhausen.pazz.de'
LOG LOG: [36m'[Ejabberd API] Response destroy_room: 400 Bad Request'[39m
LOG: '[Ejabberd API] Response destroy_room: 400 Bad Request'
LOG LOG: [36m'[Ejabberd API] Requesting destroy_room from http://localhost:52810/api/ with user local-admin@local-jabber.entenhausen.pazz.de'[39m
LOG: '[Ejabberd API] Requesting destroy_room from http://localhost:52810/api/ with user local-admin@local-jabber.entenhausen.pazz.de'
LOG LOG: [36m'[Ejabberd API] Response destroy_room: 400 Bad Request'[39m
LOG: '[Ejabberd API] Response destroy_room: 400 Bad Request'
LOG LOG: [36m'[Ejabberd API] Requesting destroy_room from http://localhost:52810/api/ with user local-admin@local-jabber.entenhausen.pazz.de'[39m
LOG: '[Ejabberd API] Requesting destroy_room from http://localhost:52810/api/ with user local-admin@local-jabber.entenhausen.pazz.de'
LOG LOG: [36m'[Ejabberd API] Response destroy_room: 400 Bad Request'[39m
LOG: '[Ejabberd API] Response destroy_room: 400 Bad Request'
LOG LOG: [36m'[Ejabberd API] Requesting destroy_room from http://localhost:52810/api/ with user local-admin@local-jabber.entenhausen.pazz.de'[39m
LOG: '[Ejabberd API] Requesting destroy_room from http://localhost:52810/api/ with user local-admin@local-jabber.entenhausen.pazz.de'
LOG LOG: [36m'[Ejabberd API] Response destroy_room: 400 Bad Request'[39m
LOG: '[Ejabberd API] Response destroy_room: 400 Bad Request'
LOG LOG: [36m'[Ejabberd API] Requesting destroy_room from http://localhost:52810/api/ with user local-admin@local-jabber.entenhausen.pazz.de'[39m
LOG: '[Ejabberd API] Requesting destroy_room from http://localhost:52810/api/ with user local-admin@local-jabber.entenhausen.pazz.de'
LOG LOG: [36m'[Ejabberd API] Response destroy_room: 400 Bad Request'[39m
LOG: '[Ejabberd API] Response destroy_room: 400 Bad Request'
LOG LOG: [36m'[Ejabberd API] Requesting destroy_room from http://localhost:52810/api/ with user local-admin@local-jabber.entenhausen.pazz.de'[39m
LOG: '[Ejabberd API] Requesting destroy_room from http://localhost:52810/api/ with user local-admin@local-jabber.entenhausen.pazz.de'
LOG LOG: [36m'[Ejabberd API] Response destroy_room: 400 Bad Request'[39m
LOG: '[Ejabberd API] Response destroy_room: 400 Bad Request'
LOG LOG: [36m'[Ejabberd API] Requesting registered_users from http://localhost:52810/api/ with user local-admin@local-jabber.entenhausen.pazz.de'[39m
LOG: '[Ejabberd API] Requesting registered_users from http://localhost:52810/api/ with user local-admin@local-jabber.entenhausen.pazz.de'
LOG LOG: [36m'[Ejabberd API] Requesting registered_users from http://localhost:52810/api/ with user local-admin@local-jabber.entenhausen.pazz.de'[39m
LOG: '[Ejabberd API] Requesting registered_users from http://localhost:52810/api/ with user local-admin@local-jabber.entenhausen.pazz.de'
LOG LOG: [36m'[Ejabberd API] Requesting registered_users from http://localhost:52810/api/ with user local-admin@local-jabber.entenhausen.pazz.de'[39m
LOG: '[Ejabberd API] Requesting registered_users from http://localhost:52810/api/ with user local-admin@local-jabber.entenhausen.pazz.de'
LOG LOG: [36m'[Ejabberd API] Requesting registered_users from http://localhost:52810/api/ with user local-admin@local-jabber.entenhausen.pazz.de'[39m
LOG: '[Ejabberd API] Requesting registered_users from http://localhost:52810/api/ with user local-admin@local-jabber.entenhausen.pazz.de'
LOG LOG: [36m'[Ejabberd API] Requesting registered_users from http://localhost:52810/api/ with user local-admin@local-jabber.entenhausen.pazz.de'[39m
LOG: '[Ejabberd API] Requesting registered_users from http://localhost:52810/api/ with user local-admin@local-jabber.entenhausen.pazz.de'
LOG LOG: [36m'[Ejabberd API] Response registered_users: 200 OK'[39m
LOG: '[Ejabberd API] Response registered_users: 200 OK'
LOG LOG: [36m'[Ejabberd API] Response registered_users: 200 OK'[39m
LOG: '[Ejabberd API] Response registered_users: 200 OK'
LOG LOG: [36m'[Ejabberd API] Requesting check_account from http://localhost:52810/api/ with user local-admin@local-jabber.entenhausen.pazz.de'[39m
LOG: '[Ejabberd API] Requesting check_account from http://localhost:52810/api/ with user local-admin@local-jabber.entenhausen.pazz.de'
LOG LOG: [36m'[Ejabberd API] Response registered_users: 200 OK'[39m
LOG: '[Ejabberd API] Response registered_users: 200 OK'
LOG LOG: [36m'[Ejabberd API] Response registered_users: 200 OK'[39m
LOG: '[Ejabberd API] Response registered_users: 200 OK'
LOG LOG: [36m'[Ejabberd API] Response registered_users: 200 OK'[39m
LOG: '[Ejabberd API] Response registered_users: 200 OK'
LOG LOG: [36m'[Ejabberd API] Response check_account: 200 OK'[39m
LOG: '[Ejabberd API] Response check_account: 200 OK'
LOG LOG: [36m'[Ejabberd API] Requesting unregister from http://localhost:52810/api/ with user local-admin@local-jabber.entenhausen.pazz.de'[39m
LOG: '[Ejabberd API] Requesting unregister from http://localhost:52810/api/ with user local-admin@local-jabber.entenhausen.pazz.de'
LOG LOG: [36m'[Ejabberd API] Response unregister: 200 OK'[39m
LOG: '[Ejabberd API] Response unregister: 200 OK'
  multi user chat plugin
    room operations handling
      [32m✓ [39mshould be able to change room topic
LOG LOG: [36m'[Ejabberd API] Requesting registered_users from http://localhost:52810/api/ with user local-admin@local-jabber.entenhausen.pazz.de'[39m
LOG: '[Ejabberd API] Requesting registered_users from http://localhost:52810/api/ with user local-admin@local-jabber.entenhausen.pazz.de'
LOG LOG: [36m'[Ejabberd API] Response registered_users: 200 OK'[39m
LOG: '[Ejabberd API] Response registered_users: 200 OK'
LOG LOG: [36m'[Ejabberd API] Requesting muc_online_rooms from http://localhost:52810/api/ with user local-admin@local-jabber.entenhausen.pazz.de'[39m
LOG: '[Ejabberd API] Requesting muc_online_rooms from http://localhost:52810/api/ with user local-admin@local-jabber.entenhausen.pazz.de'
LOG LOG: [36m'[Ejabberd API] Response muc_online_rooms: 200 OK'[39m
LOG: '[Ejabberd API] Response muc_online_rooms: 200 OK'
LOG LOG: [36m'[Cleanup] Found 1 rooms to destroy matching prefixes: heroRoom, villainRoom, princessRoom, fatherRoom, friendRoom, configtestroom, chatroom'[39m
LOG: '[Cleanup] Found 1 rooms to destroy matching prefixes: heroRoom, villainRoom, princessRoom, fatherRoom, friendRoom, configtestroom, chatroom'
LOG LOG: [36m'[Ejabberd API] Requesting destroy_room from http://localhost:52810/api/ with user local-admin@local-jabber.entenhausen.pazz.de'[39m
LOG: '[Ejabberd API] Requesting destroy_room from http://localhost:52810/api/ with user local-admin@local-jabber.entenhausen.pazz.de'
LOG LOG: [36m'[Ejabberd API] Response destroy_room: 200 OK'[39m
LOG: '[Ejabberd API] Response destroy_room: 200 OK'
LOG LOG: [36m'[Ejabberd API] Requesting registered_users from http://localhost:52810/api/ with user local-admin@local-jabber.entenhausen.pazz.de'[39m
LOG: '[Ejabberd API] Requesting registered_users from http://localhost:52810/api/ with user local-admin@local-jabber.entenhausen.pazz.de'
LOG LOG: [36m'[Ejabberd API] Requesting registered_users from http://localhost:52810/api/ with user local-admin@local-jabber.entenhausen.pazz.de'[39m
LOG: '[Ejabberd API] Requesting registered_users from http://localhost:52810/api/ with user local-admin@local-jabber.entenhausen.pazz.de'
LOG LOG: [36m'[Ejabberd API] Requesting registered_users from http://localhost:52810/api/ with user local-admin@local-jabber.entenhausen.pazz.de'[39m
LOG: '[Ejabberd API] Requesting registered_users from http://localhost:52810/api/ with user local-admin@local-jabber.entenhausen.pazz.de'
LOG LOG: [36m'[Ejabberd API] Requesting registered_users from http://localhost:52810/api/ with user local-admin@local-jabber.entenhausen.pazz.de'[39m
LOG: '[Ejabberd API] Requesting registered_users from http://localhost:52810/api/ with user local-admin@local-jabber.entenhausen.pazz.de'
LOG LOG: [36m'[Ejabberd API] Requesting registered_users from http://localhost:52810/api/ with user local-admin@local-jabber.entenhausen.pazz.de'[39m
LOG: '[Ejabberd API] Requesting registered_users from http://localhost:52810/api/ with user local-admin@local-jabber.entenhausen.pazz.de'
LOG LOG: [36m'[Ejabberd API] Response registered_users: 200 OK'[39m
LOG: '[Ejabberd API] Response registered_users: 200 OK'
LOG LOG: [36m'[Ejabberd API] Response registered_users: 200 OK'[39m
LOG: '[Ejabberd API] Response registered_users: 200 OK'
LOG LOG: [36m'[Ejabberd API] Response registered_users: 200 OK'[39m
LOG: '[Ejabberd API] Response registered_users: 200 OK'
LOG LOG: [36m'[Ejabberd API] Response registered_users: 200 OK'[39m
LOG: '[Ejabberd API] Response registered_users: 200 OK'
LOG LOG: [36m'[Ejabberd API] Response registered_users: 200 OK'[39m
LOG: '[Ejabberd API] Response registered_users: 200 OK'
LOG LOG: [36m'[Ejabberd API] Requesting registered_users from http://localhost:52810/api/ with user local-admin@local-jabber.entenhausen.pazz.de'[39m
LOG: '[Ejabberd API] Requesting registered_users from http://localhost:52810/api/ with user local-admin@local-jabber.entenhausen.pazz.de'
LOG LOG: [36m'[Ejabberd API] Response registered_users: 200 OK'[39m
LOG: '[Ejabberd API] Response registered_users: 200 OK'
LOG LOG: [36m'[Ejabberd API] Requesting registered_users from http://localhost:52810/api/ with user local-admin@local-jabber.entenhausen.pazz.de'[39m
LOG: '[Ejabberd API] Requesting registered_users from http://localhost:52810/api/ with user local-admin@local-jabber.entenhausen.pazz.de'
LOG LOG: [36m'[Ejabberd API] Response registered_users: 200 OK'[39m
LOG: '[Ejabberd API] Response registered_users: 200 OK'
LOG LOG: [36m'[Ejabberd API] Requesting registered_users from http://localhost:52810/api/ with user local-admin@local-jabber.entenhausen.pazz.de'[39m
LOG: '[Ejabberd API] Requesting registered_users from http://localhost:52810/api/ with user local-admin@local-jabber.entenhausen.pazz.de'
LOG LOG: [36m'[Ejabberd API] Response registered_users: 200 OK'[39m
LOG: '[Ejabberd API] Response registered_users: 200 OK'
LOG LOG: [36m'[Ejabberd API] Requesting check_account from http://localhost:52810/api/ with user local-admin@local-jabber.entenhausen.pazz.de'[39m
LOG: '[Ejabberd API] Requesting check_account from http://localhost:52810/api/ with user local-admin@local-jabber.entenhausen.pazz.de'
LOG LOG: [36m'[Ejabberd API] Response check_account: 200 OK'[39m
LOG: '[Ejabberd API] Response check_account: 200 OK'
LOG LOG: [36m'[Ejabberd API] Requesting register from http://localhost:52810/api/ with user local-admin@local-jabber.entenhausen.pazz.de'[39m
LOG: '[Ejabberd API] Requesting register from http://localhost:52810/api/ with user local-admin@local-jabber.entenhausen.pazz.de'
LOG LOG: [36m'[Ejabberd API] Response register: 200 OK'[39m
LOG: '[Ejabberd API] Response register: 200 OK'
LOG LOG: [36m'[Ejabberd API] Requesting registered_users from http://localhost:52810/api/ with user local-admin@local-jabber.entenhausen.pazz.de'[39m
LOG: '[Ejabberd API] Requesting registered_users from http://localhost:52810/api/ with user local-admin@local-jabber.entenhausen.pazz.de'
LOG LOG: [36m'[Ejabberd API] Response registered_users: 200 OK'[39m
LOG: '[Ejabberd API] Response registered_users: 200 OK'
LOG LOG: [36m'[Ejabberd API] Requesting check_account from http://localhost:52810/api/ with user local-admin@local-jabber.entenhausen.pazz.de'[39m
LOG: '[Ejabberd API] Requesting check_account from http://localhost:52810/api/ with user local-admin@local-jabber.entenhausen.pazz.de'
LOG LOG: [36m'[Ejabberd API] Response check_account: 200 OK'[39m
LOG: '[Ejabberd API] Response check_account: 200 OK'
LOG LOG: [36m'[Ejabberd API] Requesting register from http://localhost:52810/api/ with user local-admin@local-jabber.entenhausen.pazz.de'[39m
LOG: '[Ejabberd API] Requesting register from http://localhost:52810/api/ with user local-admin@local-jabber.entenhausen.pazz.de'
LOG LOG: [36m'[Ejabberd API] Response register: 200 OK'[39m
LOG: '[Ejabberd API] Response register: 200 OK'
LOG LOG: [36m'[Ejabberd API] Requesting get_room_occupants from http://localhost:52810/api/ with user local-admin@local-jabber.entenhausen.pazz.de'[39m
LOG: '[Ejabberd API] Requesting get_room_occupants from http://localhost:52810/api/ with user local-admin@local-jabber.entenhausen.pazz.de'
LOG LOG: [36m'[Ejabberd API] Response get_room_occupants: 200 OK'[39m
LOG: '[Ejabberd API] Response get_room_occupants: 200 OK'
LOG LOG: [36m'[Ejabberd API] Requesting get_room_occupants from http://localhost:52810/api/ with user local-admin@local-jabber.entenhausen.pazz.de'[39m
LOG: '[Ejabberd API] Requesting get_room_occupants from http://localhost:52810/api/ with user local-admin@local-jabber.entenhausen.pazz.de'
LOG LOG: [36m'[Ejabberd API] Response get_room_occupants: 200 OK'[39m
LOG: '[Ejabberd API] Response get_room_occupants: 200 OK'
LOG LOG: [36m'[Ejabberd API] Requesting get_room_affiliation from http://localhost:52810/api/ with user local-admin@local-jabber.entenhausen.pazz.de'[39m
LOG: '[Ejabberd API] Requesting get_room_affiliation from http://localhost:52810/api/ with user local-admin@local-jabber.entenhausen.pazz.de'
LOG LOG: [36m'[Ejabberd API] Response get_room_affiliation: 200 OK'[39m
LOG: '[Ejabberd API] Response get_room_affiliation: 200 OK'
LOG LOG: [36m'[Ejabberd API] Requesting get_room_occupants from http://localhost:52810/api/ with user local-admin@local-jabber.entenhausen.pazz.de'[39m
LOG: '[Ejabberd API] Requesting get_room_occupants from http://localhost:52810/api/ with user local-admin@local-jabber.entenhausen.pazz.de'
LOG LOG: [36m'[Ejabberd API] Response get_room_occupants: 200 OK'[39m
LOG: '[Ejabberd API] Response get_room_occupants: 200 OK'
LOG LOG: [36m<xml:debug:log><outgoing:xml><open xmlns="urn:ietf:params:xml:ns:xmpp-framing" to="local-jabber.entenhausen.pazz.de" version="1.0"></open></outgoing:xml><incoming:xml><open xmlns="urn:ietf:params:xml:ns:xmpp-framing" id="17072478665138354225" version="1.0" xml:lang="en" from="local-jabber.entenhausen.pazz.de"></open><stream:features xmlns:stream="http://etherx.jabber.org/streams"><mechanisms xmlns="urn:ietf:params:xml:ns:xmpp-sasl"><mechanism>PLAIN</mechanism><mechanism>SCRAM-SHA-1</mechanism><mechanism>X-OAUTH2</mechanism></mechanisms><register xmlns="http://jabber.org/features/iq-register"></register></stream:features><stream:features xmlns:stream="http://etherx.jabber.org/streams"><mechanisms xmlns="urn:ietf:params:xml:ns:xmpp-sasl"><mechanism>PLAIN</mechanism><mechanism>SCRAM-SHA-1</mechanism><mechanism>X-OAUTH2</mechanism></mechanisms><register xmlns="http://jabber.org/features/iq-register"></register></stream:features></incoming:xml><outgoing:xml><auth xmlns="urn:ietf:params:xml:ns:xmpp-sasl" mechanism="SCRAM-SHA-1">biwsbj1oZXJvLHI9cGwvcktodnl1ZGViUmhmSjJtTUFEQT09</auth></outgoing:xml><incoming:xml><challenge xmlns="urn:ietf:params:xml:ns:xmpp-sasl">cj1wbC9yS2h2eXVkZWJSaGZKMm1NQURBPT1VZzdiVnpMbkM4c3ZHQ2hDZnloVTRnPT0scz1KbDh5YXRDWmhrck5CcXVCT2N5TGh3PT0saT00MDk2</challenge></incoming:xml><outgoing:xml><response xmlns="urn:ietf:params:xml:ns:xmpp-sasl">Yz1iaXdzLHI9cGwvcktodnl1ZGViUmhmSjJtTUFEQT09VWc3YlZ6TG5DOHN2R0NoQ2Z5aFU0Zz09LHA9YzVKdlVNejlnblJVbTZVejBHK0Y2SS9PYnljPQ==</response></outgoing:xml><incoming:xml><success xmlns="urn:ietf:params:xml:ns:xmpp-sasl">dj04TmIwOTEyNUo2SVJsU1krWDFMcXovZGZvR1E9</success></incoming:xml><outgoing:xml><open xmlns="urn:ietf:params:xml:ns:xmpp-framing" to="local-jabber.entenhausen.pazz.de" version="1.0"></open></outgoing:xml><incoming:xml><open xmlns="urn:ietf:params:xml:ns:xmpp-framing" id="362935624479852314" version="1.0" xml:lang="en" from="local-jabber.entenhausen.pazz.de"></open><stream:features xmlns:stream="http://etherx.jabber.org/streams"><bind xmlns="urn:ietf:params:xml:ns:xmpp-bind"></bind><session xmlns="urn:ietf:params:xml:ns:xmpp-session"><optional></optional></session><c xmlns="http://jabber.org/protocol/caps" ver="55W0fZiAYW8VIbjTRZlOlKIFYc8=" node="http://www.process-one.net/en/ejabberd/" hash="sha-1"></c><sm xmlns="urn:xmpp:sm:2"></sm><sm xmlns="urn:xmpp:sm:3"></sm><ver xmlns="urn:xmpp:features:rosterver"></ver><csi xmlns="urn:xmpp:csi:0"></csi></stream:features></incoming:xml><outgoing:xml><iq type="set" id="_bind_auth_2" xmlns="jabber:client"><bind xmlns="urn:ietf:params:xml:ns:xmpp-bind"></bind></iq></outgoing:xml><incoming:xml><iq xmlns="jabber:client" type="result" id="_bind_auth_2"><bind xmlns="urn:ietf:params:xml:ns:xmpp-bind"><jid>hero@local-jabber.entenhausen.pazz.de/238315012352992814329478</jid></bind></iq></incoming:xml><outgoing:xml><iq type="set" id="_session_auth_2" xmlns="jabber:client"><session xmlns="urn:ietf:params:xml:ns:xmpp-session"></session></iq><iq type="get" to="local-jabber.entenhausen.pazz.de" from="hero@local-jabber.entenhausen.pazz.de/238315012352992814329478" xmlns="jabber:client" id="25f29b7f-e88a-4f29-b23f-4177eb48b7fe:sendIQ"><time xmlns="urn:xmpp:time"></time></iq><iq type="get" xmlns="jabber:client" id="528cb8f7-4e05-4e3e-873e-0dce2c19925f:sendIQ"><pubsub xmlns="http://jabber.org/protocol/pubsub"><items node="ngxchat:unreadmessagedate"></items></pubsub></iq><iq type="set" id="enable_carbons" xmlns="jabber:client"><enable xmlns="urn:xmpp:carbons:2"></enable></iq><iq type="get" xmlns="jabber:client" id="35569336-f7e9-42e7-8343-97c1159ec521:sendIQ"><pubsub xmlns="http://jabber.org/protocol/pubsub"><items node="ngxchat:contactmessagestates"></items></pubsub></iq><iq type="get" xmlns="jabber:client" id="44e19a6e-099a-4893-a56b-02fd8fd1ecd4:sendIQ"><query xmlns="jabber:iq:roster"></query></iq><iq type="get" to="conference.local-jabber.entenhausen.pazz.de" xmlns="jabber:client" id="2d0e90f9-300b-4ee7-b9d7-27bdba506d64:sendIQ"><query xmlns="http://jabber.org/protocol/disco#items"></query></iq><iq type="set" xmlns="jabber:client" id="4dfb38ac-ae0e-43d9-ac58-a86872805376:sendIQ"><query xmlns="urn:xmpp:mam:2"><set xmlns="http://jabber.org/protocol/rsm"><max>20</max><before></before></set></query></iq><iq type="get" to="local-jabber.entenhausen.pazz.de" xmlns="jabber:client" id="4e286f30-55b3-4333-ac22-e16d6a3e1573:sendIQ"><query xmlns="http://jabber.org/protocol/disco#items"></query></iq></outgoing:xml><incoming:xml><iq xmlns="jabber:client" xml:lang="en" to="hero@local-jabber.entenhausen.pazz.de/238315012352992814329478" from="local-jabber.entenhausen.pazz.de" type="result" id="_session_auth_2"></iq><iq xmlns="jabber:client" xml:lang="en" to="hero@local-jabber.entenhausen.pazz.de/238315012352992814329478" from="local-jabber.entenhausen.pazz.de" type="result" id="25f29b7f-e88a-4f29-b23f-4177eb48b7fe:sendIQ"><time xmlns="urn:xmpp:time"><tzo>+00:00</tzo><utc>2026-01-07T17:39:25.962473Z</utc></time></iq><iq xmlns="jabber:client" xml:lang="en" to="hero@local-jabber.entenhausen.pazz.de/238315012352992814329478" from="hero@local-jabber.entenhausen.pazz.de" type="error" id="528cb8f7-4e05-4e3e-873e-0dce2c19925f:sendIQ"><pubsub xmlns="http://jabber.org/protocol/pubsub"><items node="ngxchat:unreadmessagedate"></items></pubsub><error type="cancel"><item-not-found xmlns="urn:ietf:params:xml:ns:xmpp-stanzas"></item-not-found><text xmlns="urn:ietf:params:xml:ns:xmpp-stanzas" xml:lang="en">Node not found</text></error></iq><iq xmlns="jabber:client" xml:lang="en" to="hero@local-jabber.entenhausen.pazz.de/238315012352992814329478" from="hero@local-jabber.entenhausen.pazz.de" type="result" id="enable_carbons"></iq><iq xmlns="jabber:client" xml:lang="en" to="hero@local-jabber.entenhausen.pazz.de/238315012352992814329478" from="hero@local-jabber.entenhausen.pazz.de" type="error" id="35569336-f7e9-42e7-8343-97c1159ec521:sendIQ"><pubsub xmlns="http://jabber.org/protocol/pubsub"><items node="ngxchat:contactmessagestates"></items></pubsub><error type="cancel"><item-not-found xmlns="urn:ietf:params:xml:ns:xmpp-stanzas"></item-not-found><text xmlns="urn:ietf:params:xml:ns:xmpp-stanzas" xml:lang="en">Node not found</text></error></iq><iq xmlns="jabber:client" xml:lang="en" to="hero@local-jabber.entenhausen.pazz.de/238315012352992814329478" from="hero@local-jabber.entenhausen.pazz.de" type="result" id="44e19a6e-099a-4893-a56b-02fd8fd1ecd4:sendIQ"><query xmlns="jabber:iq:roster"></query></iq><iq xmlns="jabber:client" xml:lang="en" to="hero@local-jabber.entenhausen.pazz.de/238315012352992814329478" from="conference.local-jabber.entenhausen.pazz.de" type="result" id="2d0e90f9-300b-4ee7-b9d7-27bdba506d64:sendIQ"><query xmlns="http://jabber.org/protocol/disco#items"><item name="heroroom-i15o78 (private, 0)" jid="heroroom-i15o78@conference.local-jabber.entenhausen.pazz.de"></item></query></iq><iq xmlns="jabber:client" xml:lang="en" to="hero@local-jabber.entenhausen.pazz.de/238315012352992814329478" from="hero@local-jabber.entenhausen.pazz.de" type="result" id="4dfb38ac-ae0e-43d9-ac58-a86872805376:sendIQ"><fin xmlns="urn:xmpp:mam:2" complete="true"><set xmlns="http://jabber.org/protocol/rsm"><count>0</count></set></fin></iq><iq xmlns="jabber:client" xml:lang="en" to="hero@local-jabber.entenhausen.pazz.de/238315012352992814329478" from="local-jabber.entenhausen.pazz.de" type="result" id="4e286f30-55b3-4333-ac22-e16d6a3e1573:sendIQ"><query xmlns="http://jabber.org/protocol/disco#items"><item jid="conference.local-jabber.entenhausen.pazz.de"></item><item jid="pubsub.local-jabber.entenhausen.pazz.de"></item><item jid="upload.local-jabber.entenhausen.pazz.de"></item></query></iq></incoming:xml><outgoing:xml><iq type="get" to="conference.local-jabber.entenhausen.pazz.de" xmlns="jabber:client" id="e563ec42-1398-4255-8db9-326659c2d8d8:sendIQ"><query xmlns="http://jabber.org/protocol/disco#info"></query></iq><iq type="get" to="pubsub.local-jabber.entenhausen.pazz.de" xmlns="jabber:client" id="2dc67110-f901-4404-8d4c-b130395e67bb:sendIQ"><query xmlns="http://jabber.org/protocol/disco#info"></query></iq><iq type="get" to="upload.local-jabber.entenhausen.pazz.de" xmlns="jabber:client" id="1e593bf5-371b-4f38-91c0-95d788905f49:sendIQ"><query xmlns="http://jabber.org/protocol/disco#info"></query></iq></outgoing:xml><incoming:xml><iq xmlns="jabber:client" xml:lang="en" to="hero@local-jabber.entenhausen.pazz.de/238315012352992814329478" from="conference.local-jabber.entenhausen.pazz.de" type="result" id="e563ec42-1398-4255-8db9-326659c2d8d8:sendIQ"><query xmlns="http://jabber.org/protocol/disco#info"><identity name="Chatrooms" type="text" category="conference"></identity><feature var="http://jabber.org/protocol/disco#info"></feature><feature var="http://jabber.org/protocol/disco#items"></feature><feature var="http://jabber.org/protocol/muc"></feature><feature var="vcard-temp"></feature><feature var="urn:xmpp:mucsub:0"></feature><feature var="http://jabber.org/protocol/muc#unique"></feature><feature var="jabber:iq:register"></feature><feature var="http://jabber.org/protocol/rsm"></feature><feature var="urn:xmpp:mam:tmp"></feature><feature var="urn:xmpp:mam:0"></feature><feature var="urn:xmpp:mam:1"></feature><feature var="urn:xmpp:mam:2"></feature><x xmlns="jabber:x:data" type="result"><field var="FORM_TYPE" type="hidden"><value>http://jabber.org/network/serverinfo</value></field></x></query></iq><iq xmlns="jabber:client" xml:lang="en" to="hero@local-jabber.entenhausen.pazz.de/238315012352992814329478" from="pubsub.local-jabber.entenhausen.pazz.de" type="result" id="2dc67110-f901-4404-8d4c-b130395e67bb:sendIQ"><query xmlns="http://jabber.org/protocol/disco#info"><identity name="Publish-Subscribe" type="service" category="pubsub"></identity><feature var="http://jabber.org/protocol/disco#info"></feature><feature var="http://jabber.org/protocol/disco#items"></feature><feature var="http://jabber.org/protocol/pubsub"></feature><feature var="http://jabber.org/protocol/commands"></feature><feature var="vcard-temp"></feature><feature var="http://jabber.org/protocol/pubsub#access-authorize"></feature><feature var="http://jabber.org/protocol/pubsub#access-open"></feature><feature var="http://jabber.org/protocol/pubsub#access-presence"></feature><feature var="http://jabber.org/protocol/pubsub#access-whitelist"></feature><feature var="http://jabber.org/protocol/pubsub#auto-create"></feature><feature var="http://jabber.org/protocol/pubsub#auto-subscribe"></feature><feature var="http://jabber.org/protocol/pubsub#collections"></feature><feature var="http://jabber.org/protocol/pubsub#config-node"></feature><feature var="http://jabber.org/protocol/pubsub#config-node-max"></feature><feature var="http://jabber.org/protocol/pubsub#create-and-configure"></feature><feature var="http://jabber.org/protocol/pubsub#create-nodes"></feature><feature var="http://jabber.org/protocol/pubsub#delete-items"></feature><feature var="http://jabber.org/protocol/pubsub#delete-nodes"></feature><feature var="http://jabber.org/protocol/pubsub#filtered-notifications"></feature><feature var="http://jabber.org/protocol/pubsub#get-pending"></feature><feature var="http://jabber.org/protocol/pubsub#instant-nodes"></feature><feature var="http://jabber.org/protocol/pubsub#item-ids"></feature><feature var="http://jabber.org/protocol/pubsub#last-published"></feature><feature var="http://jabber.org/protocol/pubsub#manage-subscriptions"></feature><feature var="http://jabber.org/protocol/pubsub#member-affiliation"></feature><feature var="http://jabber.org/protocol/pubsub#modify-affiliations"></feature><feature var="http://jabber.org/protocol/pubsub#multi-items"></feature><feature var="http://jabber.org/protocol/pubsub#outcast-affiliation"></feature><feature var="http://jabber.org/protocol/pubsub#persistent-items"></feature><feature var="http://jabber.org/protocol/pubsub#presence-notifications"></feature><feature var="http://jabber.org/protocol/pubsub#presence-subscribe"></feature><feature var="http://jabber.org/protocol/pubsub#publish"></feature><feature var="http://jabber.org/protocol/pubsub#publish-only-affiliation"></feature><feature var="http://jabber.org/protocol/pubsub#publish-options"></feature><feature var="http://jabber.org/protocol/pubsub#publisher-affiliation"></feature><feature var="http://jabber.org/protocol/pubsub#purge-nodes"></feature><feature var="http://jabber.org/protocol/pubsub#retract-items"></feature><feature var="http://jabber.org/protocol/pubsub#retrieve-affiliations"></feature><feature var="http://jabber.org/protocol/pubsub#retrieve-default"></feature><feature var="http://jabber.org/protocol/pubsub#retrieve-items"></feature><feature var="http://jabber.org/protocol/pubsub#retrieve-subscriptions"></feature><feature var="http://jabber.org/protocol/rsm"></feature><feature var="http://jabber.org/protocol/pubsub#shim"></feature><feature var="http://jabber.org/protocol/pubsub#subscribe"></feature><feature var="http://jabber.org/protocol/pubsub#subscription-notifications"></feature><x xmlns="jabber:x:data" type="result"><field var="FORM_TYPE" type="hidden"><value>http://jabber.org/network/serverinfo</value></field></x></query></iq><iq xmlns="jabber:client" xml:lang="en" to="hero@local-jabber.entenhausen.pazz.de/238315012352992814329478" from="upload.local-jabber.entenhausen.pazz.de" type="result" id="1e593bf5-371b-4f38-91c0-95d788905f49:sendIQ"><query xmlns="http://jabber.org/protocol/disco#info"><identity name="HTTP File Upload" type="file" category="store"></identity><feature var="urn:xmpp:http:upload"></feature><feature var="urn:xmpp:http:upload:0"></feature><feature var="eu:siacs:conversations:http:upload"></feature><feature var="vcard-temp"></feature><feature var="http://jabber.org/protocol/disco#info"></feature><feature var="http://jabber.org/protocol/disco#items"></feature><x xmlns="jabber:x:data" type="result"><field var="FORM_TYPE" type="hidden"><value>urn:xmpp:http:upload</value></field><field var="max-file-size" type="text-single" label="Maximum file size"><value>104857600</value></field></x><x xmlns="jabber:x:data" type="result"><field var="FORM_TYPE" type="hidden"><value>urn:xmpp:http:upload:0</value></field><field var="max-file-size" type="text-single" label="Maximum file size"><value>104857600</value></field></x><x xmlns="jabber:x:data" type="result"><field var="FORM_TYPE" type="hidden"><value>http://jabber.org/network/serverinfo</value></field></x></query></iq></incoming:xml><outgoing:xml><iq type="get" to="local-jabber.entenhausen.pazz.de" xmlns="jabber:client" id="fc5f6866-befc-486d-9606-81e39b916016:sendIQ"><query xmlns="http://jabber.org/protocol/disco#info"></query></iq></outgoing:xml><incoming:xml><iq xmlns="jabber:client" xml:lang="en" to="hero@local-jabber.entenhausen.pazz.de/238315012352992814329478" from="local-jabber.entenhausen.pazz.de" type="result" id="fc5f6866-befc-486d-9606-81e39b916016:sendIQ"><query xmlns="http://jabber.org/protocol/disco#info"><identity type="pep" category="pubsub"></identity><identity name="ejabberd" type="im" category="server"></identity><feature var="http://jabber.org/protocol/commands"></feature><feature var="http://jabber.org/protocol/disco#info"></feature><feature var="http://jabber.org/protocol/disco#items"></feature><feature var="http://jabber.org/protocol/offline"></feature><feature var="http://jabber.org/protocol/pubsub"></feature><feature var="http://jabber.org/protocol/pubsub#access-authorize"></feature><feature var="http://jabber.org/protocol/pubsub#access-open"></feature><feature var="http://jabber.org/protocol/pubsub#access-presence"></feature><feature var="http://jabber.org/protocol/pubsub#access-whitelist"></feature><feature var="http://jabber.org/protocol/pubsub#auto-create"></feature><feature var="http://jabber.org/protocol/pubsub#auto-subscribe"></feature><feature var="http://jabber.org/protocol/pubsub#collections"></feature><feature var="http://jabber.org/protocol/pubsub#config-node"></feature><feature var="http://jabber.org/protocol/pubsub#config-node-max"></feature><feature var="http://jabber.org/protocol/pubsub#create-and-configure"></feature><feature var="http://jabber.org/protocol/pubsub#create-nodes"></feature><feature var="http://jabber.org/protocol/pubsub#delete-items"></feature><feature var="http://jabber.org/protocol/pubsub#delete-nodes"></feature><feature var="http://jabber.org/protocol/pubsub#filtered-notifications"></feature><feature var="http://jabber.org/protocol/pubsub#get-pending"></feature><feature var="http://jabber.org/protocol/pubsub#instant-nodes"></feature><feature var="http://jabber.org/protocol/pubsub#item-ids"></feature><feature var="http://jabber.org/protocol/pubsub#last-published"></feature><feature var="http://jabber.org/protocol/pubsub#manage-subscriptions"></feature><feature var="http://jabber.org/protocol/pubsub#member-affiliation"></feature><feature var="http://jabber.org/protocol/pubsub#modify-affiliations"></feature><feature var="http://jabber.org/protocol/pubsub#multi-items"></feature><feature var="http://jabber.org/protocol/pubsub#outcast-affiliation"></feature><feature var="http://jabber.org/protocol/pubsub#persistent-items"></feature><feature var="http://jabber.org/protocol/pubsub#presence-notifications"></feature><feature var="http://jabber.org/protocol/pubsub#presence-subscribe"></feature><feature var="http://jabber.org/protocol/pubsub#publish"></feature><feature var="http://jabber.org/protocol/pubsub#publish-only-affiliation"></feature><feature var="http://jabber.org/protocol/pubsub#publish-options"></feature><feature var="http://jabber.org/protocol/pubsub#publisher-affiliation"></feature><feature var="http://jabber.org/protocol/pubsub#purge-nodes"></feature><feature var="http://jabber.org/protocol/pubsub#retract-items"></feature><feature var="http://jabber.org/protocol/pubsub#retrieve-affiliations"></feature><feature var="http://jabber.org/protocol/pubsub#retrieve-default"></feature><feature var="http://jabber.org/protocol/pubsub#retrieve-items"></feature><feature var="http://jabber.org/protocol/pubsub#retrieve-subscriptions"></feature><feature var="http://jabber.org/protocol/pubsub#shim"></feature><feature var="http://jabber.org/protocol/pubsub#subscribe"></feature><feature var="http://jabber.org/protocol/pubsub#subscription-notifications"></feature><feature var="http://jabber.org/protocol/rsm"></feature><feature var="http://jabber.org/protocol/stats"></feature><feature var="iq"></feature><feature var="jabber:iq:last"></feature><feature var="jabber:iq:privacy"></feature><feature var="jabber:iq:register"></feature><feature var="jabber:iq:version"></feature><feature var="msgoffline"></feature><feature var="presence"></feature><feature var="urn:xmpp:blocking"></feature><feature var="urn:xmpp:carbons:2"></feature><feature var="urn:xmpp:carbons:rules:0"></feature><feature var="urn:xmpp:mam:0"></feature><feature var="urn:xmpp:mam:1"></feature><feature var="urn:xmpp:mam:2"></feature><feature var="urn:xmpp:mam:tmp"></feature><feature var="urn:xmpp:ping"></feature><feature var="urn:xmpp:time"></feature><feature var="vcard-temp"></feature><x xmlns="jabber:x:data" type="result"><field var="FORM_TYPE" type="hidden"><value>http://jabber.org/network/serverinfo</value></field></x></query></iq></incoming:xml><outgoing:xml><iq type="set" xmlns="jabber:client" id="e539e00a-5afb-4c1f-ac3c-25a3577b0946:sendIQ"><prefs xmlns="urn:xmpp:mam:2" default="always"></prefs></iq></outgoing:xml><incoming:xml><iq xmlns="jabber:client" xml:lang="en" to="hero@local-jabber.entenhausen.pazz.de/238315012352992814329478" from="hero@local-jabber.entenhausen.pazz.de" type="result" id="e539e00a-5afb-4c1f-ac3c-25a3577b0946:sendIQ"><prefs xmlns="urn:xmpp:mam:2" default="always"><always></always><never></never></prefs></iq></incoming:xml><outgoing:xml><presence type="available" xmlns="jabber:client"></presence></outgoing:xml></xml:debug:log>[39m
LOG: <xml:debug:log><outgoing:xml><open xmlns="urn:ietf:params:xml:ns:xmpp-framing" to="local-jabber.entenhausen.pazz.de" version="1.0"></open></outgoing:xml><incoming:xml><open xmlns="urn:ietf:params:xml:ns:xmpp-framing" id="17072478665138354225" version="1.0" xml:lang="en" from="local-jabber.entenhausen.pazz.de"></open><stream:features xmlns:stream="http://etherx.jabber.org/streams"><mechanisms xmlns="urn:ietf:params:xml:ns:xmpp-sasl"><mechanism>PLAIN</mechanism><mechanism>SCRAM-SHA-1</mechanism><mechanism>X-OAUTH2</mechanism></mechanisms><register xmlns="http://jabber.org/features/iq-register"></register></stream:features><stream:features xmlns:stream="http://etherx.jabber.org/streams"><mechanisms xmlns="urn:ietf:params:xml:ns:xmpp-sasl"><mechanism>PLAIN</mechanism><mechanism>SCRAM-SHA-1</mechanism><mechanism>X-OAUTH2</mechanism></mechanisms><register xmlns="http://jabber.org/features/iq-register"></register></stream:features></incoming:xml><outgoing:xml><auth xmlns="urn:ietf:params:xml:ns:xmpp-sasl" mechanism="SCRAM-SHA-1">biwsbj1oZXJvLHI9cGwvcktodnl1ZGViUmhmSjJtTUFEQT09</auth></outgoing:xml><incoming:xml><challenge xmlns="urn:ietf:params:xml:ns:xmpp-sasl">cj1wbC9yS2h2eXVkZWJSaGZKMm1NQURBPT1VZzdiVnpMbkM4c3ZHQ2hDZnloVTRnPT0scz1KbDh5YXRDWmhrck5CcXVCT2N5TGh3PT0saT00MDk2</challenge></incoming:xml><outgoing:xml><response xmlns="urn:ietf:params:xml:ns:xmpp-sasl">Yz1iaXdzLHI9cGwvcktodnl1ZGViUmhmSjJtTUFEQT09VWc3YlZ6TG5DOHN2R0NoQ2Z5aFU0Zz09LHA9YzVKdlVNejlnblJVbTZVejBHK0Y2SS9PYnljPQ==</response></outgoing:xml><incoming:xml><success xmlns="urn:ietf:params:xml:ns:xmpp-sasl">dj04TmIwOTEyNUo2SVJsU1krWDFMcXovZGZvR1E9</success></incoming:xml><outgoing:xml><open xmlns="urn:ietf:params:xml:ns:xmpp-framing" to="local-jabber.entenhausen.pazz.de" version="1.0"></open></outgoing:xml><incoming:xml><open xmlns="urn:ietf:params:xml:ns:xmpp-framing" id="362935624479852314" version="1.0" xml:lang="en" from="local-jabber.entenhausen.pazz.de"></open><stream:features xmlns:stream="http://etherx.jabber.org/streams"><bind xmlns="urn:ietf:params:xml:ns:xmpp-bind"></bind><session xmlns="urn:ietf:params:xml:ns:xmpp-session"><optional></optional></session><c xmlns="http://jabber.org/protocol/caps" ver="55W0fZiAYW8VIbjTRZlOlKIFYc8=" node="http://www.process-one.net/en/ejabberd/" hash="sha-1"></c><sm xmlns="urn:xmpp:sm:2"></sm><sm xmlns="urn:xmpp:sm:3"></sm><ver xmlns="urn:xmpp:features:rosterver"></ver><csi xmlns="urn:xmpp:csi:0"></csi></stream:features></incoming:xml><outgoing:xml><iq type="set" id="_bind_auth_2" xmlns="jabber:client"><bind xmlns="urn:ietf:params:xml:ns:xmpp-bind"></bind></iq></outgoing:xml><incoming:xml><iq xmlns="jabber:client" type="result" id="_bind_auth_2"><bind xmlns="urn:ietf:params:xml:ns:xmpp-bind"><jid>hero@local-jabber.entenhausen.pazz.de/238315012352992814329478</jid></bind></iq></incoming:xml><outgoing:xml><iq type="set" id="_session_auth_2" xmlns="jabber:client"><session xmlns="urn:ietf:params:xml:ns:xmpp-session"></session></iq><iq type="get" to="local-jabber.entenhausen.pazz.de" from="hero@local-jabber.entenhausen.pazz.de/238315012352992814329478" xmlns="jabber:client" id="25f29b7f-e88a-4f29-b23f-4177eb48b7fe:sendIQ"><time xmlns="urn:xmpp:time"></time></iq><iq type="get" xmlns="jabber:client" id="528cb8f7-4e05-4e3e-873e-0dce2c19925f:sendIQ"><pubsub xmlns="http://jabber.org/protocol/pubsub"><items node="ngxchat:unreadmessagedate"></items></pubsub></iq><iq type="set" id="enable_carbons" xmlns="jabber:client"><enable xmlns="urn:xmpp:carbons:2"></enable></iq><iq type="get" xmlns="jabber:client" id="35569336-f7e9-42e7-8343-97c1159ec521:sendIQ"><pubsub xmlns="http://jabber.org/protocol/pubsub"><items node="ngxchat:contactmessagestates"></items></pubsub></iq><iq type="get" xmlns="jabber:client" id="44e19a6e-099a-4893-a56b-02fd8fd1ecd4:sendIQ"><query xmlns="jabber:iq:roster"></query></iq><iq type="get" to="conference.local-jabber.entenhausen.pazz.de" xmlns="jabber:client" id="2d0e90f9-300b-4ee7-b9d7-27bdba506d64:sendIQ"><query xmlns="http://jabber.org/protocol/disco#items"></query></iq><iq type="set" xmlns="jabber:client" id="4dfb38ac-ae0e-43d9-ac58-a86872805376:sendIQ"><query xmlns="urn:xmpp:mam:2"><set xmlns="http://jabber.org/protocol/rsm"><max>20</max><before></before></set></query></iq><iq type="get" to="local-jabber.entenhausen.pazz.de" xmlns="jabber:client" id="4e286f30-55b3-4333-ac22-e16d6a3e1573:sendIQ"><query xmlns="http://jabber.org/protocol/disco#items"></query></iq></outgoing:xml><incoming:xml><iq xmlns="jabber:client" xml:lang="en" to="hero@local-jabber.entenhausen.pazz.de/238315012352992814329478" from="local-jabber.entenhausen.pazz.de" type="result" id="_session_auth_2"></iq><iq xmlns="jabber:client" xml:lang="en" to="hero@local-jabber.entenhausen.pazz.de/238315012352992814329478" from="local-jabber.entenhausen.pazz.de" type="result" id="25f29b7f-e88a-4f29-b23f-4177eb48b7fe:sendIQ"><time xmlns="urn:xmpp:time"><tzo>+00:00</tzo><utc>2026-01-07T17:39:25.962473Z</utc></time></iq><iq xmlns="jabber:client" xml:lang="en" to="hero@local-jabber.entenhausen.pazz.de/238315012352992814329478" from="hero@local-jabber.entenhausen.pazz.de" type="error" id="528cb8f7-4e05-4e3e-873e-0dce2c19925f:sendIQ"><pubsub xmlns="http://jabber.org/protocol/pubsub"><items node="ngxchat:unreadmessagedate"></items></pubsub><error type="cancel"><item-not-found xmlns="urn:ietf:params:xml:ns:xmpp-stanzas"></item-not-found><text xmlns="urn:ietf:params:xml:ns:xmpp-stanzas" xml:lang="en">Node not found</text></error></iq><iq xmlns="jabber:client" xml:lang="en" to="hero@local-jabber.entenhausen.pazz.de/238315012352992814329478" from="hero@local-jabber.entenhausen.pazz.de" type="result" id="enable_carbons"></iq><iq xmlns="jabber:client" xml:lang="en" to="hero@local-jabber.entenhausen.pazz.de/238315012352992814329478" from="hero@local-jabber.entenhausen.pazz.de" type="error" id="35569336-f7e9-42e7-8343-97c1159ec521:sendIQ"><pubsub xmlns="http://jabber.org/protocol/pubsub"><items node="ngxchat:contactmessagestates"></items></pubsub><error type="cancel"><item-not-found xmlns="urn:ietf:params:xml:ns:xmpp-stanzas"></item-not-found><text xmlns="urn:ietf:params:xml:ns:xmpp-stanzas" xml:lang="en">Node not found</text></error></iq><iq xmlns="jabber:client" xml:lang="en" to="hero@local-jabber.entenhausen.pazz.de/238315012352992814329478" from="hero@local-jabber.entenhausen.pazz.de" type="result" id="44e19a6e-099a-4893-a56b-02fd8fd1ecd4:sendIQ"><query xmlns="jabber:iq:roster"></query></iq><iq xmlns="jabber:client" xml:lang="en" to="hero@local-jabber.entenhausen.pazz.de/238315012352992814329478" from="conference.local-jabber.entenhausen.pazz.de" type="result" id="2d0e90f9-300b-4ee7-b9d7-27bdba506d64:sendIQ"><query xmlns="http://jabber.org/protocol/disco#items"><item name="heroroom-i15o78 (private, 0)" jid="heroroom-i15o78@conference.local-jabber.entenhausen.pazz.de"></item></query></iq><iq xmlns="jabber:client" xml:lang="en" to="hero@local-jabber.entenhausen.pazz.de/238315012352992814329478" from="hero@local-jabber.entenhausen.pazz.de" type="result" id="4dfb38ac-ae0e-43d9-ac58-a86872805376:sendIQ"><fin xmlns="urn:xmpp:mam:2" complete="true"><set xmlns="http://jabber.org/protocol/rsm"><count>0</count></set></fin></iq><iq xmlns="jabber:client" xml:lang="en" to="hero@local-jabber.entenhausen.pazz.de/238315012352992814329478" from="local-jabber.entenhausen.pazz.de" type="result" id="4e286f30-55b3-4333-ac22-e16d6a3e1573:sendIQ"><query xmlns="http://jabber.org/protocol/disco#items"><item jid="conference.local-jabber.entenhausen.pazz.de"></item><item jid="pubsub.local-jabber.entenhausen.pazz.de"></item><item jid="upload.local-jabber.entenhausen.pazz.de"></item></query></iq></incoming:xml><outgoing:xml><iq type="get" to="conference.local-jabber.entenhausen.pazz.de" xmlns="jabber:client" id="e563ec42-1398-4255-8db9-326659c2d8d8:sendIQ"><query xmlns="http://jabber.org/protocol/disco#info"></query></iq><iq type="get" to="pubsub.local-jabber.entenhausen.pazz.de" xmlns="jabber:client" id="2dc67110-f901-4404-8d4c-b130395e67bb:sendIQ"><query xmlns="http://jabber.org/protocol/disco#info"></query></iq><iq type="get" to="upload.local-jabber.entenhausen.pazz.de" xmlns="jabber:client" id="1e593bf5-371b-4f38-91c0-95d788905f49:sendIQ"><query xmlns="http://jabber.org/protocol/disco#info"></query></iq></outgoing:xml><incoming:xml><iq xmlns="jabber:client" xml:lang="en" to="hero@local-jabber.entenhausen.pazz.de/238315012352992814329478" from="conference.local-jabber.entenhausen.pazz.de" type="result" id="e563ec42-1398-4255-8db9-326659c2d8d8:sendIQ"><query xmlns="http://jabber.org/protocol/disco#info"><identity name="Chatrooms" type="text" category="conference"></identity><feature var="http://jabber.org/protocol/disco#info"></feature><feature var="http://jabber.org/protocol/disco#items"></feature><feature var="http://jabber.org/protocol/muc"></feature><feature var="vcard-temp"></feature><feature var="urn:xmpp:mucsub:0"></feature><feature var="http://jabber.org/protocol/muc#unique"></feature><feature var="jabber:iq:register"></feature><feature var="http://jabber.org/protocol/rsm"></feature><feature var="urn:xmpp:mam:tmp"></feature><feature var="urn:xmpp:mam:0"></feature><feature var="urn:xmpp:mam:1"></feature><feature var="urn:xmpp:mam:2"></feature><x xmlns="jabber:x:data" type="result"><field var="FORM_TYPE" type="hidden"><value>http://jabber.org/network/serverinfo</value></field></x></query></iq><iq xmlns="jabber:client" xml:lang="en" to="hero@local-jabber.entenhausen.pazz.de/238315012352992814329478" from="pubsub.local-jabber.entenhausen.pazz.de" type="result" id="2dc67110-f901-4404-8d4c-b130395e67bb:sendIQ"><query xmlns="http://jabber.org/protocol/disco#info"><identity name="Publish-Subscribe" type="service" category="pubsub"></identity><feature var="http://jabber.org/protocol/disco#info"></feature><feature var="http://jabber.org/protocol/disco#items"></feature><feature var="http://jabber.org/protocol/pubsub"></feature><feature var="http://jabber.org/protocol/commands"></feature><feature var="vcard-temp"></feature><feature var="http://jabber.org/protocol/pubsub#access-authorize"></feature><feature var="http://jabber.org/protocol/pubsub#access-open"></feature><feature var="http://jabber.org/protocol/pubsub#access-presence"></feature><feature var="http://jabber.org/protocol/pubsub#access-whitelist"></feature><feature var="http://jabber.org/protocol/pubsub#auto-create"></feature><feature var="http://jabber.org/protocol/pubsub#auto-subscribe"></feature><feature var="http://jabber.org/protocol/pubsub#collections"></feature><feature var="http://jabber.org/protocol/pubsub#config-node"></feature><feature var="http://jabber.org/protocol/pubsub#config-node-max"></feature><feature var="http://jabber.org/protocol/pubsub#create-and-configure"></feature><feature var="http://jabber.org/protocol/pubsub#create-nodes"></feature><feature var="http://jabber.org/protocol/pubsub#delete-items"></feature><feature var="http://jabber.org/protocol/pubsub#delete-nodes"></feature><feature var="http://jabber.org/protocol/pubsub#filtered-notifications"></feature><feature var="http://jabber.org/protocol/pubsub#get-pending"></feature><feature var="http://jabber.org/protocol/pubsub#instant-nodes"></feature><feature var="http://jabber.org/protocol/pubsub#item-ids"></feature><feature var="http://jabber.org/protocol/pubsub#last-published"></feature><feature var="http://jabber.org/protocol/pubsub#manage-subscriptions"></feature><feature var="http://jabber.org/protocol/pubsub#member-affiliation"></feature><feature var="http://jabber.org/protocol/pubsub#modify-affiliations"></feature><feature var="http://jabber.org/protocol/pubsub#multi-items"></feature><feature var="http://jabber.org/protocol/pubsub#outcast-affiliation"></feature><feature var="http://jabber.org/protocol/pubsub#persistent-items"></feature><feature var="http://jabber.org/protocol/pubsub#presence-notifications"></feature><feature var="http://jabber.org/protocol/pubsub#presence-subscribe"></feature><feature var="http://jabber.org/protocol/pubsub#publish"></feature><feature var="http://jabber.org/protocol/pubsub#publish-only-affiliation"></feature><feature var="http://jabber.org/protocol/pubsub#publish-options"></feature><feature var="http://jabber.org/protocol/pubsub#publisher-affiliation"></feature><feature var="http://jabber.org/protocol/pubsub#purge-nodes"></feature><feature var="http://jabber.org/protocol/pubsub#retract-items"></feature><feature var="http://jabber.org/protocol/pubsub#retrieve-affiliations"></feature><feature var="http://jabber.org/protocol/pubsub#retrieve-default"></feature><feature var="http://jabber.org/protocol/pubsub#retrieve-items"></feature><feature var="http://jabber.org/protocol/pubsub#retrieve-subscriptions"></feature><feature var="http://jabber.org/protocol/rsm"></feature><feature var="http://jabber.org/protocol/pubsub#shim"></feature><feature var="http://jabber.org/protocol/pubsub#subscribe"></feature><feature var="http://jabber.org/protocol/pubsub#subscription-notifications"></feature><x xmlns="jabber:x:data" type="result"><field var="FORM_TYPE" type="hidden"><value>http://jabber.org/network/serverinfo</value></field></x></query></iq><iq xmlns="jabber:client" xml:lang="en" to="hero@local-jabber.entenhausen.pazz.de/238315012352992814329478" from="upload.local-jabber.entenhausen.pazz.de" type="result" id="1e593bf5-371b-4f38-91c0-95d788905f49:sendIQ"><query xmlns="http://jabber.org/protocol/disco#info"><identity name="HTTP File Upload" type="file" category="store"></identity><feature var="urn:xmpp:http:upload"></feature><feature var="urn:xmpp:http:upload:0"></feature><feature var="eu:siacs:conversations:http:upload"></feature><feature var="vcard-temp"></feature><feature var="http://jabber.org/protocol/disco#info"></feature><feature var="http://jabber.org/protocol/disco#items"></feature><x xmlns="jabber:x:data" type="result"><field var="FORM_TYPE" type="hidden"><value>urn:xmpp:http:upload</value></field><field var="max-file-size" type="text-single" label="Maximum file size"><value>104857600</value></field></x><x xmlns="jabber:x:data" type="result"><field var="FORM_TYPE" type="hidden"><value>urn:xmpp:http:upload:0</value></field><field var="max-file-size" type="text-single" label="Maximum file size"><value>104857600</value></field></x><x xmlns="jabber:x:data" type="result"><field var="FORM_TYPE" type="hidden"><value>http://jabber.org/network/serverinfo</value></field></x></query></iq></incoming:xml><outgoing:xml><iq type="get" to="local-jabber.entenhausen.pazz.de" xmlns="jabber:client" id="fc5f6866-befc-486d-9606-81e39b916016:sendIQ"><query xmlns="http://jabber.org/protocol/disco#info"></query></iq></outgoing:xml><incoming:xml><iq xmlns="jabber:client" xml:lang="en" to="hero@local-jabber.entenhausen.pazz.de/238315012352992814329478" from="local-jabber.entenhausen.pazz.de" type="result" id="fc5f6866-befc-486d-9606-81e39b916016:sendIQ"><query xmlns="http://jabber.org/protocol/disco#info"><identity type="pep" category="pubsub"></identity><identity name="ejabberd" type="im" category="server"></identity><feature var="http://jabber.org/protocol/commands"></feature><feature var="http://jabber.org/protocol/disco#info"></feature><feature var="http://jabber.org/protocol/disco#items"></feature><feature var="http://jabber.org/protocol/offline"></feature><feature var="http://jabber.org/protocol/pubsub"></feature><feature var="http://jabber.org/protocol/pubsub#access-authorize"></feature><feature var="http://jabber.org/protocol/pubsub#access-open"></feature><feature var="http://jabber.org/protocol/pubsub#access-presence"></feature><feature var="http://jabber.org/protocol/pubsub#access-whitelist"></feature><feature var="http://jabber.org/protocol/pubsub#auto-create"></feature><feature var="http://jabber.org/protocol/pubsub#auto-subscribe"></feature><feature var="http://jabber.org/protocol/pubsub#collections"></feature><feature var="http://jabber.org/protocol/pubsub#config-node"></feature><feature var="http://jabber.org/protocol/pubsub#config-node-max"></feature><feature var="http://jabber.org/protocol/pubsub#create-and-configure"></feature><feature var="http://jabber.org/protocol/pubsub#create-nodes"></feature><feature var="http://jabber.org/protocol/pubsub#delete-items"></feature><feature var="http://jabber.org/protocol/pubsub#delete-nodes"></feature><feature var="http://jabber.org/protocol/pubsub#filtered-notifications"></feature><feature var="http://jabber.org/protocol/pubsub#get-pending"></feature><feature var="http://jabber.org/protocol/pubsub#instant-nodes"></feature><feature var="http://jabber.org/protocol/pubsub#item-ids"></feature><feature var="http://jabber.org/protocol/pubsub#last-published"></feature><feature var="http://jabber.org/protocol/pubsub#manage-subscriptions"></feature><feature var="http://jabber.org/protocol/pubsub#member-affiliation"></feature><feature var="http://jabber.org/protocol/pubsub#modify-affiliations"></feature><feature var="http://jabber.org/protocol/pubsub#multi-items"></feature><feature var="http://jabber.org/protocol/pubsub#outcast-affiliation"></feature><feature var="http://jabber.org/protocol/pubsub#persistent-items"></feature><feature var="http://jabber.org/protocol/pubsub#presence-notifications"></feature><feature var="http://jabber.org/protocol/pubsub#presence-subscribe"></feature><feature var="http://jabber.org/protocol/pubsub#publish"></feature><feature var="http://jabber.org/protocol/pubsub#publish-only-affiliation"></feature><feature var="http://jabber.org/protocol/pubsub#publish-options"></feature><feature var="http://jabber.org/protocol/pubsub#publisher-affiliation"></feature><feature var="http://jabber.org/protocol/pubsub#purge-nodes"></feature><feature var="http://jabber.org/protocol/pubsub#retract-items"></feature><feature var="http://jabber.org/protocol/pubsub#retrieve-affiliations"></feature><feature var="http://jabber.org/protocol/pubsub#retrieve-default"></feature><feature var="http://jabber.org/protocol/pubsub#retrieve-items"></feature><feature var="http://jabber.org/protocol/pubsub#retrieve-subscriptions"></feature><feature var="http://jabber.org/protocol/pubsub#shim"></feature><feature var="http://jabber.org/protocol/pubsub#subscribe"></feature><feature var="http://jabber.org/protocol/pubsub#subscription-notifications"></feature><feature var="http://jabber.org/protocol/rsm"></feature><feature var="http://jabber.org/protocol/stats"></feature><feature var="iq"></feature><feature var="jabber:iq:last"></feature><feature var="jabber:iq:privacy"></feature><feature var="jabber:iq:register"></feature><feature var="jabber:iq:version"></feature><feature var="msgoffline"></feature><feature var="presence"></feature><feature var="urn:xmpp:blocking"></feature><feature var="urn:xmpp:carbons:2"></feature><feature var="urn:xmpp:carbons:rules:0"></feature><feature var="urn:xmpp:mam:0"></feature><feature var="urn:xmpp:mam:1"></feature><feature var="urn:xmpp:mam:2"></feature><feature var="urn:xmpp:mam:tmp"></feature><feature var="urn:xmpp:ping"></feature><feature var="urn:xmpp:time"></feature><feature var="vcard-temp"></feature><x xmlns="jabber:x:data" type="result"><field var="FORM_TYPE" type="hidden"><value>http://jabber.org/network/serverinfo</value></field></x></query></iq></incoming:xml><outgoing:xml><iq type="set" xmlns="jabber:client" id="e539e00a-5afb-4c1f-ac3c-25a3577b0946:sendIQ"><prefs xmlns="urn:xmpp:mam:2" default="always"></prefs></iq></outgoing:xml><incoming:xml><iq xmlns="jabber:client" xml:lang="en" to="hero@local-jabber.entenhausen.pazz.de/238315012352992814329478" from="hero@local-jabber.entenhausen.pazz.de" type="result" id="e539e00a-5afb-4c1f-ac3c-25a3577b0946:sendIQ"><prefs xmlns="urn:xmpp:mam:2" default="always"><always></always><never></never></prefs></iq></incoming:xml><outgoing:xml><presence type="available" xmlns="jabber:client"></presence></outgoing:xml></xml:debug:log>
LOG LOG: [36m'[TestUtils] Cleaning up 5 tracked rooms...'[39m
LOG: '[TestUtils] Cleaning up 5 tracked rooms...'
LOG LOG: [36m'[Ejabberd API] Requesting destroy_room from http://localhost:52810/api/ with user local-admin@local-jabber.entenhausen.pazz.de'[39m
LOG: '[Ejabberd API] Requesting destroy_room from http://localhost:52810/api/ with user local-admin@local-jabber.entenhausen.pazz.de'
LOG LOG: [36m'[Ejabberd API] Response destroy_room: 200 OK'[39m
LOG: '[Ejabberd API] Response destroy_room: 200 OK'
LOG LOG: [36m'[Ejabberd API] Requesting destroy_room from http://localhost:52810/api/ with user local-admin@local-jabber.entenhausen.pazz.de'[39m
LOG: '[Ejabberd API] Requesting destroy_room from http://localhost:52810/api/ with user local-admin@local-jabber.entenhausen.pazz.de'
LOG LOG: [36m'[Ejabberd API] Response destroy_room: 400 Bad Request'[39m
LOG: '[Ejabberd API] Response destroy_room: 400 Bad Request'
LOG LOG: [36m'[Ejabberd API] Requesting destroy_room from http://localhost:52810/api/ with user local-admin@local-jabber.entenhausen.pazz.de'[39m
LOG: '[Ejabberd API] Requesting destroy_room from http://localhost:52810/api/ with user local-admin@local-jabber.entenhausen.pazz.de'
LOG LOG: [36m'[Ejabberd API] Response destroy_room: 400 Bad Request'[39m
LOG: '[Ejabberd API] Response destroy_room: 400 Bad Request'
LOG LOG: [36m'[Ejabberd API] Requesting destroy_room from http://localhost:52810/api/ with user local-admin@local-jabber.entenhausen.pazz.de'[39m
LOG: '[Ejabberd API] Requesting destroy_room from http://localhost:52810/api/ with user local-admin@local-jabber.entenhausen.pazz.de'
LOG LOG: [36m'[Ejabberd API] Response destroy_room: 400 Bad Request'[39m
LOG: '[Ejabberd API] Response destroy_room: 400 Bad Request'
LOG LOG: [36m'[Ejabberd API] Requesting destroy_room from http://localhost:52810/api/ with user local-admin@local-jabber.entenhausen.pazz.de'[39m
LOG: '[Ejabberd API] Requesting destroy_room from http://localhost:52810/api/ with user local-admin@local-jabber.entenhausen.pazz.de'
LOG LOG: [36m'[Ejabberd API] Response destroy_room: 400 Bad Request'[39m
LOG: '[Ejabberd API] Response destroy_room: 400 Bad Request'
LOG LOG: [36m'[Ejabberd API] Requesting destroy_room from http://localhost:52810/api/ with user local-admin@local-jabber.entenhausen.pazz.de'[39m
LOG: '[Ejabberd API] Requesting destroy_room from http://localhost:52810/api/ with user local-admin@local-jabber.entenhausen.pazz.de'
LOG LOG: [36m'[Ejabberd API] Response destroy_room: 400 Bad Request'[39m
LOG: '[Ejabberd API] Response destroy_room: 400 Bad Request'
LOG LOG: [36m'[Ejabberd API] Requesting destroy_room from http://localhost:52810/api/ with user local-admin@local-jabber.entenhausen.pazz.de'[39m
LOG: '[Ejabberd API] Requesting destroy_room from http://localhost:52810/api/ with user local-admin@local-jabber.entenhausen.pazz.de'
LOG LOG: [36m'[Ejabberd API] Response destroy_room: 400 Bad Request'[39m
LOG: '[Ejabberd API] Response destroy_room: 400 Bad Request'
LOG LOG: [36m'[Ejabberd API] Requesting destroy_room from http://localhost:52810/api/ with user local-admin@local-jabber.entenhausen.pazz.de'[39m
LOG: '[Ejabberd API] Requesting destroy_room from http://localhost:52810/api/ with user local-admin@local-jabber.entenhausen.pazz.de'
LOG LOG: [36m'[Ejabberd API] Response destroy_room: 400 Bad Request'[39m
LOG: '[Ejabberd API] Response destroy_room: 400 Bad Request'
LOG LOG: [36m'[Ejabberd API] Requesting destroy_room from http://localhost:52810/api/ with user local-admin@local-jabber.entenhausen.pazz.de'[39m
LOG: '[Ejabberd API] Requesting destroy_room from http://localhost:52810/api/ with user local-admin@local-jabber.entenhausen.pazz.de'
LOG LOG: [36m'[Ejabberd API] Response destroy_room: 400 Bad Request'[39m
LOG: '[Ejabberd API] Response destroy_room: 400 Bad Request'
LOG LOG: [36m'[Ejabberd API] Requesting destroy_room from http://localhost:52810/api/ with user local-admin@local-jabber.entenhausen.pazz.de'[39m
LOG: '[Ejabberd API] Requesting destroy_room from http://localhost:52810/api/ with user local-admin@local-jabber.entenhausen.pazz.de'
LOG LOG: [36m'[Ejabberd API] Response destroy_room: 400 Bad Request'[39m
LOG: '[Ejabberd API] Response destroy_room: 400 Bad Request'
LOG LOG: [36m'[Ejabberd API] Requesting registered_users from http://localhost:52810/api/ with user local-admin@local-jabber.entenhausen.pazz.de'[39m
LOG: '[Ejabberd API] Requesting registered_users from http://localhost:52810/api/ with user local-admin@local-jabber.entenhausen.pazz.de'
LOG LOG: [36m'[Ejabberd API] Requesting registered_users from http://localhost:52810/api/ with user local-admin@local-jabber.entenhausen.pazz.de'[39m
LOG: '[Ejabberd API] Requesting registered_users from http://localhost:52810/api/ with user local-admin@local-jabber.entenhausen.pazz.de'
LOG LOG: [36m'[Ejabberd API] Requesting registered_users from http://localhost:52810/api/ with user local-admin@local-jabber.entenhausen.pazz.de'[39m
LOG: '[Ejabberd API] Requesting registered_users from http://localhost:52810/api/ with user local-admin@local-jabber.entenhausen.pazz.de'
LOG LOG: [36m'[Ejabberd API] Requesting registered_users from http://localhost:52810/api/ with user local-admin@local-jabber.entenhausen.pazz.de'[39m
LOG: '[Ejabberd API] Requesting registered_users from http://localhost:52810/api/ with user local-admin@local-jabber.entenhausen.pazz.de'
LOG LOG: [36m'[Ejabberd API] Requesting registered_users from http://localhost:52810/api/ with user local-admin@local-jabber.entenhausen.pazz.de'[39m
LOG: '[Ejabberd API] Requesting registered_users from http://localhost:52810/api/ with user local-admin@local-jabber.entenhausen.pazz.de'
LOG LOG: [36m'[Ejabberd API] Response registered_users: 200 OK'[39m
LOG: '[Ejabberd API] Response registered_users: 200 OK'
LOG LOG: [36m'[Ejabberd API] Response registered_users: 200 OK'[39m
LOG: '[Ejabberd API] Response registered_users: 200 OK'
LOG LOG: [36m'[Ejabberd API] Requesting check_account from http://localhost:52810/api/ with user local-admin@local-jabber.entenhausen.pazz.de'[39m
LOG: '[Ejabberd API] Requesting check_account from http://localhost:52810/api/ with user local-admin@local-jabber.entenhausen.pazz.de'
LOG LOG: [36m'[Ejabberd API] Response registered_users: 200 OK'[39m
LOG: '[Ejabberd API] Response registered_users: 200 OK'
LOG LOG: [36m'[Ejabberd API] Requesting check_account from http://localhost:52810/api/ with user local-admin@local-jabber.entenhausen.pazz.de'[39m
LOG: '[Ejabberd API] Requesting check_account from http://localhost:52810/api/ with user local-admin@local-jabber.entenhausen.pazz.de'
LOG LOG: [36m'[Ejabberd API] Response registered_users: 200 OK'[39m
LOG: '[Ejabberd API] Response registered_users: 200 OK'
LOG LOG: [36m'[Ejabberd API] Response registered_users: 200 OK'[39m
LOG: '[Ejabberd API] Response registered_users: 200 OK'
LOG LOG: [36m'[Ejabberd API] Response check_account: 200 OK'[39m
LOG: '[Ejabberd API] Response check_account: 200 OK'
LOG LOG: [36m'[Ejabberd API] Response check_account: 200 OK'[39m
LOG: '[Ejabberd API] Response check_account: 200 OK'
LOG LOG: [36m'[Ejabberd API] Requesting unregister from http://localhost:52810/api/ with user local-admin@local-jabber.entenhausen.pazz.de'[39m
LOG: '[Ejabberd API] Requesting unregister from http://localhost:52810/api/ with user local-admin@local-jabber.entenhausen.pazz.de'
LOG LOG: [36m'[Ejabberd API] Requesting unregister from http://localhost:52810/api/ with user local-admin@local-jabber.entenhausen.pazz.de'[39m
LOG: '[Ejabberd API] Requesting unregister from http://localhost:52810/api/ with user local-admin@local-jabber.entenhausen.pazz.de'
LOG LOG: [36m'[Ejabberd API] Response unregister: 200 OK'[39m
LOG: '[Ejabberd API] Response unregister: 200 OK'
LOG LOG: [36m'[Ejabberd API] Response unregister: 200 OK'[39m
LOG: '[Ejabberd API] Response unregister: 200 OK'
      [32m✓ [39mshould handle banning and unbanning of a room occupant
LOG LOG: [36m'[Ejabberd API] Requesting registered_users from http://localhost:52810/api/ with user local-admin@local-jabber.entenhausen.pazz.de'[39m
LOG: '[Ejabberd API] Requesting registered_users from http://localhost:52810/api/ with user local-admin@local-jabber.entenhausen.pazz.de'
LOG LOG: [36m'[Ejabberd API] Response registered_users: 200 OK'[39m
LOG: '[Ejabberd API] Response registered_users: 200 OK'
LOG LOG: [36m'[Ejabberd API] Requesting muc_online_rooms from http://localhost:52810/api/ with user local-admin@local-jabber.entenhausen.pazz.de'[39m
LOG: '[Ejabberd API] Requesting muc_online_rooms from http://localhost:52810/api/ with user local-admin@local-jabber.entenhausen.pazz.de'
LOG LOG: [36m'[Ejabberd API] Response muc_online_rooms: 200 OK'[39m
LOG: '[Ejabberd API] Response muc_online_rooms: 200 OK'
LOG LOG: [36m'[Ejabberd API] Requesting registered_users from http://localhost:52810/api/ with user local-admin@local-jabber.entenhausen.pazz.de'[39m
LOG: '[Ejabberd API] Requesting registered_users from http://localhost:52810/api/ with user local-admin@local-jabber.entenhausen.pazz.de'
LOG LOG: [36m'[Ejabberd API] Requesting registered_users from http://localhost:52810/api/ with user local-admin@local-jabber.entenhausen.pazz.de'[39m
LOG: '[Ejabberd API] Requesting registered_users from http://localhost:52810/api/ with user local-admin@local-jabber.entenhausen.pazz.de'
LOG LOG: [36m'[Ejabberd API] Requesting registered_users from http://localhost:52810/api/ with user local-admin@local-jabber.entenhausen.pazz.de'[39m
LOG: '[Ejabberd API] Requesting registered_users from http://localhost:52810/api/ with user local-admin@local-jabber.entenhausen.pazz.de'
LOG LOG: [36m'[Ejabberd API] Requesting registered_users from http://localhost:52810/api/ with user local-admin@local-jabber.entenhausen.pazz.de'[39m
LOG: '[Ejabberd API] Requesting registered_users from http://localhost:52810/api/ with user local-admin@local-jabber.entenhausen.pazz.de'
LOG LOG: [36m'[Ejabberd API] Requesting registered_users from http://localhost:52810/api/ with user local-admin@local-jabber.entenhausen.pazz.de'[39m
LOG: '[Ejabberd API] Requesting registered_users from http://localhost:52810/api/ with user local-admin@local-jabber.entenhausen.pazz.de'
LOG LOG: [36m'[Ejabberd API] Response registered_users: 200 OK'[39m
LOG: '[Ejabberd API] Response registered_users: 200 OK'
LOG LOG: [36m'[Ejabberd API] Response registered_users: 200 OK'[39m
LOG: '[Ejabberd API] Response registered_users: 200 OK'
LOG LOG: [36m'[Ejabberd API] Response registered_users: 200 OK'[39m
LOG: '[Ejabberd API] Response registered_users: 200 OK'
LOG LOG: [36m'[Ejabberd API] Response registered_users: 200 OK'[39m
LOG: '[Ejabberd API] Response registered_users: 200 OK'
LOG LOG: [36m'[Ejabberd API] Response registered_users: 200 OK'[39m
LOG: '[Ejabberd API] Response registered_users: 200 OK'
LOG LOG: [36m'[Ejabberd API] Requesting registered_users from http://localhost:52810/api/ with user local-admin@local-jabber.entenhausen.pazz.de'[39m
LOG: '[Ejabberd API] Requesting registered_users from http://localhost:52810/api/ with user local-admin@local-jabber.entenhausen.pazz.de'
LOG LOG: [36m'[Ejabberd API] Response registered_users: 200 OK'[39m
LOG: '[Ejabberd API] Response registered_users: 200 OK'
LOG LOG: [36m'[Ejabberd API] Requesting check_account from http://localhost:52810/api/ with user local-admin@local-jabber.entenhausen.pazz.de'[39m
LOG: '[Ejabberd API] Requesting check_account from http://localhost:52810/api/ with user local-admin@local-jabber.entenhausen.pazz.de'
LOG LOG: [36m'[Ejabberd API] Response check_account: 200 OK'[39m
LOG: '[Ejabberd API] Response check_account: 200 OK'
LOG LOG: [36m'[Ejabberd API] Requesting register from http://localhost:52810/api/ with user local-admin@local-jabber.entenhausen.pazz.de'[39m
LOG: '[Ejabberd API] Requesting register from http://localhost:52810/api/ with user local-admin@local-jabber.entenhausen.pazz.de'
LOG LOG: [36m'[Ejabberd API] Response register: 200 OK'[39m
LOG: '[Ejabberd API] Response register: 200 OK'
LOG LOG: [36m'[Ejabberd API] Requesting registered_users from http://localhost:52810/api/ with user local-admin@local-jabber.entenhausen.pazz.de'[39m
LOG: '[Ejabberd API] Requesting registered_users from http://localhost:52810/api/ with user local-admin@local-jabber.entenhausen.pazz.de'
LOG LOG: [36m'[Ejabberd API] Response registered_users: 200 OK'[39m
LOG: '[Ejabberd API] Response registered_users: 200 OK'
LOG LOG: [36m'[Ejabberd API] Requesting check_account from http://localhost:52810/api/ with user local-admin@local-jabber.entenhausen.pazz.de'[39m
LOG: '[Ejabberd API] Requesting check_account from http://localhost:52810/api/ with user local-admin@local-jabber.entenhausen.pazz.de'
LOG LOG: [36m'[Ejabberd API] Response check_account: 200 OK'[39m
LOG: '[Ejabberd API] Response check_account: 200 OK'
LOG LOG: [36m'[Ejabberd API] Requesting register from http://localhost:52810/api/ with user local-admin@local-jabber.entenhausen.pazz.de'[39m
LOG: '[Ejabberd API] Requesting register from http://localhost:52810/api/ with user local-admin@local-jabber.entenhausen.pazz.de'
LOG LOG: [36m'[Ejabberd API] Response register: 200 OK'[39m
LOG: '[Ejabberd API] Response register: 200 OK'
LOG LOG: [36m'[Ejabberd API] Requesting get_room_affiliation from http://localhost:52810/api/ with user local-admin@local-jabber.entenhausen.pazz.de'[39m
LOG: '[Ejabberd API] Requesting get_room_affiliation from http://localhost:52810/api/ with user local-admin@local-jabber.entenhausen.pazz.de'
LOG LOG: [36m'[Ejabberd API] Response get_room_affiliation: 200 OK'[39m
LOG: '[Ejabberd API] Response get_room_affiliation: 200 OK'
LOG LOG: [36m'DEBUG: Princess Affiliation:', 'owner'[39m
LOG: 'DEBUG: Princess Affiliation:', 'owner'
LOG LOG: [36m'DEBUG: Hero joining room:', 'princessroom-4zmlet@conference.local-jabber.entenhausen.pazz.de'[39m
LOG: 'DEBUG: Hero joining room:', 'princessroom-4zmlet@conference.local-jabber.entenhausen.pazz.de'
LOG LOG: [36m'DEBUG: Hero nick:', 'hero'[39m
LOG: 'DEBUG: Hero nick:', 'hero'
LOG LOG: [36m'DEBUG: Princess watching room:', 'princessroom-4zmlet@conference.local-jabber.entenhausen.pazz.de'[39m
LOG: 'DEBUG: Princess watching room:', 'princessroom-4zmlet@conference.local-jabber.entenhausen.pazz.de'
LOG LOG: [36m'[TestUtils] Cleaning up 5 tracked rooms...'[39m
LOG: '[TestUtils] Cleaning up 5 tracked rooms...'
LOG LOG: [36m'[Ejabberd API] Requesting destroy_room from http://localhost:52810/api/ with user local-admin@local-jabber.entenhausen.pazz.de'[39m
LOG: '[Ejabberd API] Requesting destroy_room from http://localhost:52810/api/ with user local-admin@local-jabber.entenhausen.pazz.de'
LOG LOG: [36m'[Ejabberd API] Response destroy_room: 400 Bad Request'[39m
LOG: '[Ejabberd API] Response destroy_room: 400 Bad Request'
LOG LOG: [36m'[Ejabberd API] Requesting destroy_room from http://localhost:52810/api/ with user local-admin@local-jabber.entenhausen.pazz.de'[39m
LOG: '[Ejabberd API] Requesting destroy_room from http://localhost:52810/api/ with user local-admin@local-jabber.entenhausen.pazz.de'
LOG LOG: [36m'[Ejabberd API] Response destroy_room: 400 Bad Request'[39m
LOG: '[Ejabberd API] Response destroy_room: 400 Bad Request'
LOG LOG: [36m'[Ejabberd API] Requesting destroy_room from http://localhost:52810/api/ with user local-admin@local-jabber.entenhausen.pazz.de'[39m
LOG: '[Ejabberd API] Requesting destroy_room from http://localhost:52810/api/ with user local-admin@local-jabber.entenhausen.pazz.de'
LOG LOG: [36m'[Ejabberd API] Response destroy_room: 400 Bad Request'[39m
LOG: '[Ejabberd API] Response destroy_room: 400 Bad Request'
LOG LOG: [36m'[Ejabberd API] Requesting destroy_room from http://localhost:52810/api/ with user local-admin@local-jabber.entenhausen.pazz.de'[39m
LOG: '[Ejabberd API] Requesting destroy_room from http://localhost:52810/api/ with user local-admin@local-jabber.entenhausen.pazz.de'
LOG LOG: [36m'[Ejabberd API] Response destroy_room: 400 Bad Request'[39m
LOG: '[Ejabberd API] Response destroy_room: 400 Bad Request'
LOG LOG: [36m'[Ejabberd API] Requesting destroy_room from http://localhost:52810/api/ with user local-admin@local-jabber.entenhausen.pazz.de'[39m
LOG: '[Ejabberd API] Requesting destroy_room from http://localhost:52810/api/ with user local-admin@local-jabber.entenhausen.pazz.de'
LOG LOG: [36m'[Ejabberd API] Response destroy_room: 200 OK'[39m
LOG: '[Ejabberd API] Response destroy_room: 200 OK'
LOG LOG: [36m'[Ejabberd API] Requesting destroy_room from http://localhost:52810/api/ with user local-admin@local-jabber.entenhausen.pazz.de'[39m
LOG: '[Ejabberd API] Requesting destroy_room from http://localhost:52810/api/ with user local-admin@local-jabber.entenhausen.pazz.de'
LOG LOG: [36m'[Ejabberd API] Response destroy_room: 400 Bad Request'[39m
LOG: '[Ejabberd API] Response destroy_room: 400 Bad Request'
LOG LOG: [36m'[Ejabberd API] Requesting destroy_room from http://localhost:52810/api/ with user local-admin@local-jabber.entenhausen.pazz.de'[39m
LOG: '[Ejabberd API] Requesting destroy_room from http://localhost:52810/api/ with user local-admin@local-jabber.entenhausen.pazz.de'
LOG LOG: [36m'[Ejabberd API] Response destroy_room: 400 Bad Request'[39m
LOG: '[Ejabberd API] Response destroy_room: 400 Bad Request'
LOG LOG: [36m'[Ejabberd API] Requesting destroy_room from http://localhost:52810/api/ with user local-admin@local-jabber.entenhausen.pazz.de'[39m
LOG: '[Ejabberd API] Requesting destroy_room from http://localhost:52810/api/ with user local-admin@local-jabber.entenhausen.pazz.de'
LOG LOG: [36m'[Ejabberd API] Response destroy_room: 400 Bad Request'[39m
LOG: '[Ejabberd API] Response destroy_room: 400 Bad Request'
LOG LOG: [36m'[Ejabberd API] Requesting destroy_room from http://localhost:52810/api/ with user local-admin@local-jabber.entenhausen.pazz.de'[39m
LOG: '[Ejabberd API] Requesting destroy_room from http://localhost:52810/api/ with user local-admin@local-jabber.entenhausen.pazz.de'
LOG LOG: [36m'[Ejabberd API] Response destroy_room: 400 Bad Request'[39m
LOG: '[Ejabberd API] Response destroy_room: 400 Bad Request'
LOG LOG: [36m'[Ejabberd API] Requesting destroy_room from http://localhost:52810/api/ with user local-admin@local-jabber.entenhausen.pazz.de'[39m
LOG: '[Ejabberd API] Requesting destroy_room from http://localhost:52810/api/ with user local-admin@local-jabber.entenhausen.pazz.de'
LOG LOG: [36m'[Ejabberd API] Response destroy_room: 400 Bad Request'[39m
LOG: '[Ejabberd API] Response destroy_room: 400 Bad Request'
LOG LOG: [36m'[Ejabberd API] Requesting registered_users from http://localhost:52810/api/ with user local-admin@local-jabber.entenhausen.pazz.de'[39m
LOG: '[Ejabberd API] Requesting registered_users from http://localhost:52810/api/ with user local-admin@local-jabber.entenhausen.pazz.de'
LOG LOG: [36m'[Ejabberd API] Requesting registered_users from http://localhost:52810/api/ with user local-admin@local-jabber.entenhausen.pazz.de'[39m
LOG: '[Ejabberd API] Requesting registered_users from http://localhost:52810/api/ with user local-admin@local-jabber.entenhausen.pazz.de'
LOG LOG: [36m'[Ejabberd API] Requesting registered_users from http://localhost:52810/api/ with user local-admin@local-jabber.entenhausen.pazz.de'[39m
LOG: '[Ejabberd API] Requesting registered_users from http://localhost:52810/api/ with user local-admin@local-jabber.entenhausen.pazz.de'
LOG LOG: [36m'[Ejabberd API] Requesting registered_users from http://localhost:52810/api/ with user local-admin@local-jabber.entenhausen.pazz.de'[39m
LOG: '[Ejabberd API] Requesting registered_users from http://localhost:52810/api/ with user local-admin@local-jabber.entenhausen.pazz.de'
LOG LOG: [36m'[Ejabberd API] Requesting registered_users from http://localhost:52810/api/ with user local-admin@local-jabber.entenhausen.pazz.de'[39m
LOG: '[Ejabberd API] Requesting registered_users from http://localhost:52810/api/ with user local-admin@local-jabber.entenhausen.pazz.de'
LOG LOG: [36m'[Ejabberd API] Response registered_users: 200 OK'[39m
LOG: '[Ejabberd API] Response registered_users: 200 OK'
LOG LOG: [36m'[Ejabberd API] Requesting check_account from http://localhost:52810/api/ with user local-admin@local-jabber.entenhausen.pazz.de'[39m
LOG: '[Ejabberd API] Requesting check_account from http://localhost:52810/api/ with user local-admin@local-jabber.entenhausen.pazz.de'
LOG LOG: [36m'[Ejabberd API] Response registered_users: 200 OK'[39m
LOG: '[Ejabberd API] Response registered_users: 200 OK'
LOG LOG: [36m'[Ejabberd API] Response registered_users: 200 OK'[39m
LOG: '[Ejabberd API] Response registered_users: 200 OK'
LOG LOG: [36m'[Ejabberd API] Response registered_users: 200 OK'[39m
LOG: '[Ejabberd API] Response registered_users: 200 OK'
LOG LOG: [36m'[Ejabberd API] Response registered_users: 200 OK'[39m
LOG: '[Ejabberd API] Response registered_users: 200 OK'
LOG LOG: [36m'[Ejabberd API] Requesting check_account from http://localhost:52810/api/ with user local-admin@local-jabber.entenhausen.pazz.de'[39m
LOG: '[Ejabberd API] Requesting check_account from http://localhost:52810/api/ with user local-admin@local-jabber.entenhausen.pazz.de'
LOG LOG: [36m'[Ejabberd API] Response check_account: 200 OK'[39m
LOG: '[Ejabberd API] Response check_account: 200 OK'
LOG LOG: [36m'[Ejabberd API] Requesting unregister from http://localhost:52810/api/ with user local-admin@local-jabber.entenhausen.pazz.de'[39m
LOG: '[Ejabberd API] Requesting unregister from http://localhost:52810/api/ with user local-admin@local-jabber.entenhausen.pazz.de'
LOG LOG: [36m'[Ejabberd API] Response check_account: 200 OK'[39m
LOG: '[Ejabberd API] Response check_account: 200 OK'
LOG LOG: [36m'[Ejabberd API] Requesting unregister from http://localhost:52810/api/ with user local-admin@local-jabber.entenhausen.pazz.de'[39m
LOG: '[Ejabberd API] Requesting unregister from http://localhost:52810/api/ with user local-admin@local-jabber.entenhausen.pazz.de'
LOG LOG: [36m'[Ejabberd API] Response unregister: 200 OK'[39m
LOG: '[Ejabberd API] Response unregister: 200 OK'
LOG LOG: [36m'[Ejabberd API] Response unregister: 200 OK'[39m
LOG: '[Ejabberd API] Response unregister: 200 OK'
      [31m✗ [39m[31mshould handle kicked occupant and leave room[39m
	Error: Timeout - Async function did not complete within 60000ms (set by jasmine.DEFAULT_TIMEOUT_INTERVAL)
	    at <Jasmine>
LOG LOG: [36m'[Ejabberd API] Requesting registered_users from http://localhost:52810/api/ with user local-admin@local-jabber.entenhausen.pazz.de'[39m
LOG: '[Ejabberd API] Requesting registered_users from http://localhost:52810/api/ with user local-admin@local-jabber.entenhausen.pazz.de'
LOG LOG: [36m'[Ejabberd API] Response registered_users: 200 OK'[39m
LOG: '[Ejabberd API] Response registered_users: 200 OK'
LOG LOG: [36m'[Ejabberd API] Requesting muc_online_rooms from http://localhost:52810/api/ with user local-admin@local-jabber.entenhausen.pazz.de'[39m
LOG: '[Ejabberd API] Requesting muc_online_rooms from http://localhost:52810/api/ with user local-admin@local-jabber.entenhausen.pazz.de'
LOG LOG: [36m'[Ejabberd API] Response muc_online_rooms: 200 OK'[39m
LOG: '[Ejabberd API] Response muc_online_rooms: 200 OK'
LOG LOG: [36m'[Ejabberd API] Requesting registered_users from http://localhost:52810/api/ with user local-admin@local-jabber.entenhausen.pazz.de'[39m
LOG: '[Ejabberd API] Requesting registered_users from http://localhost:52810/api/ with user local-admin@local-jabber.entenhausen.pazz.de'
LOG LOG: [36m'[Ejabberd API] Requesting registered_users from http://localhost:52810/api/ with user local-admin@local-jabber.entenhausen.pazz.de'[39m
LOG: '[Ejabberd API] Requesting registered_users from http://localhost:52810/api/ with user local-admin@local-jabber.entenhausen.pazz.de'
LOG LOG: [36m'[Ejabberd API] Requesting registered_users from http://localhost:52810/api/ with user local-admin@local-jabber.entenhausen.pazz.de'[39m
LOG: '[Ejabberd API] Requesting registered_users from http://localhost:52810/api/ with user local-admin@local-jabber.entenhausen.pazz.de'
LOG LOG: [36m'[Ejabberd API] Requesting registered_users from http://localhost:52810/api/ with user local-admin@local-jabber.entenhausen.pazz.de'[39m
LOG: '[Ejabberd API] Requesting registered_users from http://localhost:52810/api/ with user local-admin@local-jabber.entenhausen.pazz.de'
LOG LOG: [36m'[Ejabberd API] Requesting registered_users from http://localhost:52810/api/ with user local-admin@local-jabber.entenhausen.pazz.de'[39m
LOG: '[Ejabberd API] Requesting registered_users from http://localhost:52810/api/ with user local-admin@local-jabber.entenhausen.pazz.de'
LOG LOG: [36m'[Ejabberd API] Response registered_users: 200 OK'[39m
LOG: '[Ejabberd API] Response registered_users: 200 OK'
LOG LOG: [36m'[Ejabberd API] Response registered_users: 200 OK'[39m
LOG: '[Ejabberd API] Response registered_users: 200 OK'
LOG LOG: [36m'[Ejabberd API] Response registered_users: 200 OK'[39m
LOG: '[Ejabberd API] Response registered_users: 200 OK'
LOG LOG: [36m'[Ejabberd API] Response registered_users: 200 OK'[39m
LOG: '[Ejabberd API] Response registered_users: 200 OK'
LOG LOG: [36m'[Ejabberd API] Response registered_users: 200 OK'[39m
LOG: '[Ejabberd API] Response registered_users: 200 OK'
LOG LOG: [36m'[Ejabberd API] Requesting registered_users from http://localhost:52810/api/ with user local-admin@local-jabber.entenhausen.pazz.de'[39m
LOG: '[Ejabberd API] Requesting registered_users from http://localhost:52810/api/ with user local-admin@local-jabber.entenhausen.pazz.de'
LOG LOG: [36m'[Ejabberd API] Response registered_users: 200 OK'[39m
LOG: '[Ejabberd API] Response registered_users: 200 OK'
LOG LOG: [36m'[Ejabberd API] Requesting check_account from http://localhost:52810/api/ with user local-admin@local-jabber.entenhausen.pazz.de'[39m
LOG: '[Ejabberd API] Requesting check_account from http://localhost:52810/api/ with user local-admin@local-jabber.entenhausen.pazz.de'
LOG LOG: [36m'[Ejabberd API] Response check_account: 200 OK'[39m
LOG: '[Ejabberd API] Response check_account: 200 OK'
LOG LOG: [36m'[Ejabberd API] Requesting register from http://localhost:52810/api/ with user local-admin@local-jabber.entenhausen.pazz.de'[39m
LOG: '[Ejabberd API] Requesting register from http://localhost:52810/api/ with user local-admin@local-jabber.entenhausen.pazz.de'
LOG LOG: [36m'[Ejabberd API] Response register: 200 OK'[39m
LOG: '[Ejabberd API] Response register: 200 OK'
LOG LOG: [36m'[MUC-MSG-DEBUG] Handling message from chatroom@conference.local-jabber.entenhausen.pazz.de/hero: "message body". Room found: true'[39m
LOG: '[MUC-MSG-DEBUG] Handling message from chatroom@conference.local-jabber.entenhausen.pazz.de/hero: "message body". Room found: true'
LOG LOG: [36m'[Ejabberd API] Requesting registered_users from http://localhost:52810/api/ with user local-admin@local-jabber.entenhausen.pazz.de'[39m
LOG: '[Ejabberd API] Requesting registered_users from http://localhost:52810/api/ with user local-admin@local-jabber.entenhausen.pazz.de'
LOG LOG: [36m'[Ejabberd API] Response registered_users: 200 OK'[39m
LOG: '[Ejabberd API] Response registered_users: 200 OK'
LOG LOG: [36m'[Ejabberd API] Requesting check_account from http://localhost:52810/api/ with user local-admin@local-jabber.entenhausen.pazz.de'[39m
LOG: '[Ejabberd API] Requesting check_account from http://localhost:52810/api/ with user local-admin@local-jabber.entenhausen.pazz.de'
LOG LOG: [36m'[Ejabberd API] Response check_account: 200 OK'[39m
LOG: '[Ejabberd API] Response check_account: 200 OK'
LOG LOG: [36m'[Ejabberd API] Requesting unregister from http://localhost:52810/api/ with user local-admin@local-jabber.entenhausen.pazz.de'[39m
LOG: '[Ejabberd API] Requesting unregister from http://localhost:52810/api/ with user local-admin@local-jabber.entenhausen.pazz.de'
LOG LOG: [36m'[Ejabberd API] Response unregister: 200 OK'[39m
LOG: '[Ejabberd API] Response unregister: 200 OK'
LOG LOG: [36m'[TestUtils] Cleaning up 6 tracked rooms...'[39m
LOG: '[TestUtils] Cleaning up 6 tracked rooms...'
LOG LOG: [36m'[Ejabberd API] Requesting destroy_room from http://localhost:52810/api/ with user local-admin@local-jabber.entenhausen.pazz.de'[39m
LOG: '[Ejabberd API] Requesting destroy_room from http://localhost:52810/api/ with user local-admin@local-jabber.entenhausen.pazz.de'
LOG LOG: [36m'[Ejabberd API] Response destroy_room: 400 Bad Request'[39m
LOG: '[Ejabberd API] Response destroy_room: 400 Bad Request'
LOG LOG: [36m'[Ejabberd API] Requesting destroy_room from http://localhost:52810/api/ with user local-admin@local-jabber.entenhausen.pazz.de'[39m
LOG: '[Ejabberd API] Requesting destroy_room from http://localhost:52810/api/ with user local-admin@local-jabber.entenhausen.pazz.de'
LOG LOG: [36m'[Ejabberd API] Response destroy_room: 400 Bad Request'[39m
LOG: '[Ejabberd API] Response destroy_room: 400 Bad Request'
LOG LOG: [36m'[Ejabberd API] Requesting destroy_room from http://localhost:52810/api/ with user local-admin@local-jabber.entenhausen.pazz.de'[39m
LOG: '[Ejabberd API] Requesting destroy_room from http://localhost:52810/api/ with user local-admin@local-jabber.entenhausen.pazz.de'
LOG LOG: [36m'[Ejabberd API] Response destroy_room: 400 Bad Request'[39m
LOG: '[Ejabberd API] Response destroy_room: 400 Bad Request'
LOG LOG: [36m'[Ejabberd API] Requesting destroy_room from http://localhost:52810/api/ with user local-admin@local-jabber.entenhausen.pazz.de'[39m
LOG: '[Ejabberd API] Requesting destroy_room from http://localhost:52810/api/ with user local-admin@local-jabber.entenhausen.pazz.de'
LOG LOG: [36m'[Ejabberd API] Response destroy_room: 400 Bad Request'[39m
LOG: '[Ejabberd API] Response destroy_room: 400 Bad Request'
LOG LOG: [36m'[Ejabberd API] Requesting destroy_room from http://localhost:52810/api/ with user local-admin@local-jabber.entenhausen.pazz.de'[39m
LOG: '[Ejabberd API] Requesting destroy_room from http://localhost:52810/api/ with user local-admin@local-jabber.entenhausen.pazz.de'
LOG LOG: [36m'[Ejabberd API] Response destroy_room: 400 Bad Request'[39m
LOG: '[Ejabberd API] Response destroy_room: 400 Bad Request'
LOG LOG: [36m'[Ejabberd API] Requesting destroy_room from http://localhost:52810/api/ with user local-admin@local-jabber.entenhausen.pazz.de'[39m
LOG: '[Ejabberd API] Requesting destroy_room from http://localhost:52810/api/ with user local-admin@local-jabber.entenhausen.pazz.de'
LOG LOG: [36m'[Ejabberd API] Response destroy_room: 400 Bad Request'[39m
LOG: '[Ejabberd API] Response destroy_room: 400 Bad Request'
LOG LOG: [36m'[Ejabberd API] Requesting destroy_room from http://localhost:52810/api/ with user local-admin@local-jabber.entenhausen.pazz.de'[39m
LOG: '[Ejabberd API] Requesting destroy_room from http://localhost:52810/api/ with user local-admin@local-jabber.entenhausen.pazz.de'
LOG LOG: [36m'[Ejabberd API] Response destroy_room: 400 Bad Request'[39m
LOG: '[Ejabberd API] Response destroy_room: 400 Bad Request'
LOG LOG: [36m'[Ejabberd API] Requesting destroy_room from http://localhost:52810/api/ with user local-admin@local-jabber.entenhausen.pazz.de'[39m
LOG: '[Ejabberd API] Requesting destroy_room from http://localhost:52810/api/ with user local-admin@local-jabber.entenhausen.pazz.de'
LOG LOG: [36m'[Ejabberd API] Response destroy_room: 400 Bad Request'[39m
LOG: '[Ejabberd API] Response destroy_room: 400 Bad Request'
LOG LOG: [36m'[Ejabberd API] Requesting destroy_room from http://localhost:52810/api/ with user local-admin@local-jabber.entenhausen.pazz.de'[39m
LOG: '[Ejabberd API] Requesting destroy_room from http://localhost:52810/api/ with user local-admin@local-jabber.entenhausen.pazz.de'
LOG LOG: [36m'[Ejabberd API] Response destroy_room: 400 Bad Request'[39m
LOG: '[Ejabberd API] Response destroy_room: 400 Bad Request'
LOG LOG: [36m'[Ejabberd API] Requesting destroy_room from http://localhost:52810/api/ with user local-admin@local-jabber.entenhausen.pazz.de'[39m
LOG: '[Ejabberd API] Requesting destroy_room from http://localhost:52810/api/ with user local-admin@local-jabber.entenhausen.pazz.de'
LOG LOG: [36m'[Ejabberd API] Response destroy_room: 400 Bad Request'[39m
LOG: '[Ejabberd API] Response destroy_room: 400 Bad Request'
LOG LOG: [36m'[Ejabberd API] Requesting destroy_room from http://localhost:52810/api/ with user local-admin@local-jabber.entenhausen.pazz.de'[39m
LOG: '[Ejabberd API] Requesting destroy_room from http://localhost:52810/api/ with user local-admin@local-jabber.entenhausen.pazz.de'
LOG LOG: [36m'[Ejabberd API] Response destroy_room: 400 Bad Request'[39m
LOG: '[Ejabberd API] Response destroy_room: 400 Bad Request'
LOG LOG: [36m'[Ejabberd API] Requesting registered_users from http://localhost:52810/api/ with user local-admin@local-jabber.entenhausen.pazz.de'[39m
LOG: '[Ejabberd API] Requesting registered_users from http://localhost:52810/api/ with user local-admin@local-jabber.entenhausen.pazz.de'
LOG LOG: [36m'[Ejabberd API] Requesting registered_users from http://localhost:52810/api/ with user local-admin@local-jabber.entenhausen.pazz.de'[39m
LOG: '[Ejabberd API] Requesting registered_users from http://localhost:52810/api/ with user local-admin@local-jabber.entenhausen.pazz.de'
LOG LOG: [36m'[Ejabberd API] Requesting registered_users from http://localhost:52810/api/ with user local-admin@local-jabber.entenhausen.pazz.de'[39m
LOG: '[Ejabberd API] Requesting registered_users from http://localhost:52810/api/ with user local-admin@local-jabber.entenhausen.pazz.de'
LOG LOG: [36m'[Ejabberd API] Requesting registered_users from http://localhost:52810/api/ with user local-admin@local-jabber.entenhausen.pazz.de'[39m
LOG: '[Ejabberd API] Requesting registered_users from http://localhost:52810/api/ with user local-admin@local-jabber.entenhausen.pazz.de'
LOG LOG: [36m'[Ejabberd API] Requesting registered_users from http://localhost:52810/api/ with user local-admin@local-jabber.entenhausen.pazz.de'[39m
LOG: '[Ejabberd API] Requesting registered_users from http://localhost:52810/api/ with user local-admin@local-jabber.entenhausen.pazz.de'
LOG LOG: [36m'[Ejabberd API] Response registered_users: 200 OK'[39m
LOG: '[Ejabberd API] Response registered_users: 200 OK'
LOG LOG: [36m'[Ejabberd API] Response registered_users: 200 OK'[39m
LOG: '[Ejabberd API] Response registered_users: 200 OK'
LOG LOG: [36m'[Ejabberd API] Response registered_users: 200 OK'[39m
LOG: '[Ejabberd API] Response registered_users: 200 OK'
LOG LOG: [36m'[Ejabberd API] Response registered_users: 200 OK'[39m
LOG: '[Ejabberd API] Response registered_users: 200 OK'
LOG LOG: [36m'[Ejabberd API] Response registered_users: 200 OK'[39m
LOG: '[Ejabberd API] Response registered_users: 200 OK'
    room messaging
      [32m✓ [39mshould be able to send messages
LOG LOG: [36m'[Ejabberd API] Requesting registered_users from http://localhost:52810/api/ with user local-admin@local-jabber.entenhausen.pazz.de'[39m
LOG: '[Ejabberd API] Requesting registered_users from http://localhost:52810/api/ with user local-admin@local-jabber.entenhausen.pazz.de'
LOG LOG: [36m'[Ejabberd API] Response registered_users: 200 OK'[39m
LOG: '[Ejabberd API] Response registered_users: 200 OK'
LOG LOG: [36m'[Ejabberd API] Requesting muc_online_rooms from http://localhost:52810/api/ with user local-admin@local-jabber.entenhausen.pazz.de'[39m
LOG: '[Ejabberd API] Requesting muc_online_rooms from http://localhost:52810/api/ with user local-admin@local-jabber.entenhausen.pazz.de'
LOG LOG: [36m'[Ejabberd API] Response muc_online_rooms: 200 OK'[39m
LOG: '[Ejabberd API] Response muc_online_rooms: 200 OK'
LOG LOG: [36m'[Ejabberd API] Requesting registered_users from http://localhost:52810/api/ with user local-admin@local-jabber.entenhausen.pazz.de'[39m
LOG: '[Ejabberd API] Requesting registered_users from http://localhost:52810/api/ with user local-admin@local-jabber.entenhausen.pazz.de'
LOG LOG: [36m'[Ejabberd API] Requesting registered_users from http://localhost:52810/api/ with user local-admin@local-jabber.entenhausen.pazz.de'[39m
LOG: '[Ejabberd API] Requesting registered_users from http://localhost:52810/api/ with user local-admin@local-jabber.entenhausen.pazz.de'
LOG LOG: [36m'[Ejabberd API] Requesting registered_users from http://localhost:52810/api/ with user local-admin@local-jabber.entenhausen.pazz.de'[39m
LOG: '[Ejabberd API] Requesting registered_users from http://localhost:52810/api/ with user local-admin@local-jabber.entenhausen.pazz.de'
LOG LOG: [36m'[Ejabberd API] Requesting registered_users from http://localhost:52810/api/ with user local-admin@local-jabber.entenhausen.pazz.de'[39m
LOG: '[Ejabberd API] Requesting registered_users from http://localhost:52810/api/ with user local-admin@local-jabber.entenhausen.pazz.de'
LOG LOG: [36m'[Ejabberd API] Requesting registered_users from http://localhost:52810/api/ with user local-admin@local-jabber.entenhausen.pazz.de'[39m
LOG: '[Ejabberd API] Requesting registered_users from http://localhost:52810/api/ with user local-admin@local-jabber.entenhausen.pazz.de'
LOG LOG: [36m'[Ejabberd API] Response registered_users: 200 OK'[39m
LOG: '[Ejabberd API] Response registered_users: 200 OK'
LOG LOG: [36m'[Ejabberd API] Response registered_users: 200 OK'[39m
LOG: '[Ejabberd API] Response registered_users: 200 OK'
LOG LOG: [36m'[Ejabberd API] Response registered_users: 200 OK'[39m
LOG: '[Ejabberd API] Response registered_users: 200 OK'
LOG LOG: [36m'[Ejabberd API] Response registered_users: 200 OK'[39m
LOG: '[Ejabberd API] Response registered_users: 200 OK'
LOG LOG: [36m'[Ejabberd API] Response registered_users: 200 OK'[39m
LOG: '[Ejabberd API] Response registered_users: 200 OK'
LOG LOG: [36m'[Ejabberd API] Requesting registered_users from http://localhost:52810/api/ with user local-admin@local-jabber.entenhausen.pazz.de'[39m
LOG: '[Ejabberd API] Requesting registered_users from http://localhost:52810/api/ with user local-admin@local-jabber.entenhausen.pazz.de'
LOG LOG: [36m'[Ejabberd API] Response registered_users: 200 OK'[39m
LOG: '[Ejabberd API] Response registered_users: 200 OK'
LOG LOG: [36m'[Ejabberd API] Requesting check_account from http://localhost:52810/api/ with user local-admin@local-jabber.entenhausen.pazz.de'[39m
LOG: '[Ejabberd API] Requesting check_account from http://localhost:52810/api/ with user local-admin@local-jabber.entenhausen.pazz.de'
LOG LOG: [36m'[Ejabberd API] Response check_account: 200 OK'[39m
LOG: '[Ejabberd API] Response check_account: 200 OK'
LOG LOG: [36m'[Ejabberd API] Requesting register from http://localhost:52810/api/ with user local-admin@local-jabber.entenhausen.pazz.de'[39m
LOG: '[Ejabberd API] Requesting register from http://localhost:52810/api/ with user local-admin@local-jabber.entenhausen.pazz.de'
LOG LOG: [36m'[Ejabberd API] Response register: 200 OK'[39m
LOG: '[Ejabberd API] Response register: 200 OK'
LOG LOG: [36m'[Ejabberd API] Requesting registered_users from http://localhost:52810/api/ with user local-admin@local-jabber.entenhausen.pazz.de'[39m
LOG: '[Ejabberd API] Requesting registered_users from http://localhost:52810/api/ with user local-admin@local-jabber.entenhausen.pazz.de'
LOG LOG: [36m'[Ejabberd API] Response registered_users: 200 OK'[39m
LOG: '[Ejabberd API] Response registered_users: 200 OK'
LOG LOG: [36m'[Ejabberd API] Requesting check_account from http://localhost:52810/api/ with user local-admin@local-jabber.entenhausen.pazz.de'[39m
LOG: '[Ejabberd API] Requesting check_account from http://localhost:52810/api/ with user local-admin@local-jabber.entenhausen.pazz.de'
LOG LOG: [36m'[Ejabberd API] Response check_account: 200 OK'[39m
LOG: '[Ejabberd API] Response check_account: 200 OK'
LOG LOG: [36m'[Ejabberd API] Requesting register from http://localhost:52810/api/ with user local-admin@local-jabber.entenhausen.pazz.de'[39m
LOG: '[Ejabberd API] Requesting register from http://localhost:52810/api/ with user local-admin@local-jabber.entenhausen.pazz.de'
LOG LOG: [36m'[Ejabberd API] Response register: 200 OK'[39m
LOG: '[Ejabberd API] Response register: 200 OK'
LOG LOG: [36m'[MUC-MSG-DEBUG] Handling message from princessroom-arkdbk@conference.local-jabber.entenhausen.pazz.de/hero: "first message". Room found: true'[39m
LOG: '[MUC-MSG-DEBUG] Handling message from princessroom-arkdbk@conference.local-jabber.entenhausen.pazz.de/hero: "first message". Room found: true'
LOG LOG: [36m'[MUC-MSG-DEBUG] Handling message from princessroom-arkdbk@conference.local-jabber.entenhausen.pazz.de/hero: "second message". Room found: true'[39m
LOG: '[MUC-MSG-DEBUG] Handling message from princessroom-arkdbk@conference.local-jabber.entenhausen.pazz.de/hero: "second message". Room found: true'
LOG LOG: [36m'[MUC-MSG-DEBUG] Handling message from princessroom-arkdbk@conference.local-jabber.entenhausen.pazz.de/hero: "first message". Room found: true'[39m
LOG: '[MUC-MSG-DEBUG] Handling message from princessroom-arkdbk@conference.local-jabber.entenhausen.pazz.de/hero: "first message". Room found: true'
LOG LOG: [36m'[MUC-MSG-DEBUG] Handling message from princessroom-arkdbk@conference.local-jabber.entenhausen.pazz.de/hero: "second message". Room found: true'[39m
LOG: '[MUC-MSG-DEBUG] Handling message from princessroom-arkdbk@conference.local-jabber.entenhausen.pazz.de/hero: "second message". Room found: true'
LOG LOG: [36m'[MUC-MSG-DEBUG] Handling message from princessroom-arkdbk@conference.local-jabber.entenhausen.pazz.de/hero: "first message". Room found: true'[39m
LOG: '[MUC-MSG-DEBUG] Handling message from princessroom-arkdbk@conference.local-jabber.entenhausen.pazz.de/hero: "first message". Room found: true'
LOG LOG: [36m'[MUC-MSG-DEBUG] Handling message from princessroom-arkdbk@conference.local-jabber.entenhausen.pazz.de/hero: "second message". Room found: true'[39m
LOG: '[MUC-MSG-DEBUG] Handling message from princessroom-arkdbk@conference.local-jabber.entenhausen.pazz.de/hero: "second message". Room found: true'
LOG LOG: [36m'[Ejabberd API] Requesting registered_users from http://localhost:52810/api/ with user local-admin@local-jabber.entenhausen.pazz.de'[39m
LOG: '[Ejabberd API] Requesting registered_users from http://localhost:52810/api/ with user local-admin@local-jabber.entenhausen.pazz.de'
LOG LOG: [36m'[Ejabberd API] Response registered_users: 200 OK'[39m
LOG: '[Ejabberd API] Response registered_users: 200 OK'
LOG LOG: [36m'[Ejabberd API] Requesting check_account from http://localhost:52810/api/ with user local-admin@local-jabber.entenhausen.pazz.de'[39m
LOG: '[Ejabberd API] Requesting check_account from http://localhost:52810/api/ with user local-admin@local-jabber.entenhausen.pazz.de'
LOG LOG: [36m'[Ejabberd API] Response check_account: 200 OK'[39m
LOG: '[Ejabberd API] Response check_account: 200 OK'
LOG LOG: [36m'[Ejabberd API] Requesting unregister from http://localhost:52810/api/ with user local-admin@local-jabber.entenhausen.pazz.de'[39m
LOG: '[Ejabberd API] Requesting unregister from http://localhost:52810/api/ with user local-admin@local-jabber.entenhausen.pazz.de'
LOG LOG: [36m'[Ejabberd API] Response unregister: 200 OK'[39m
LOG: '[Ejabberd API] Response unregister: 200 OK'
LOG LOG: [36m'[TestUtils] Cleaning up 5 tracked rooms...'[39m
LOG: '[TestUtils] Cleaning up 5 tracked rooms...'
LOG LOG: [36m'[Ejabberd API] Requesting destroy_room from http://localhost:52810/api/ with user local-admin@local-jabber.entenhausen.pazz.de'[39m
LOG: '[Ejabberd API] Requesting destroy_room from http://localhost:52810/api/ with user local-admin@local-jabber.entenhausen.pazz.de'
LOG LOG: [36m'[Ejabberd API] Response destroy_room: 400 Bad Request'[39m
LOG: '[Ejabberd API] Response destroy_room: 400 Bad Request'
LOG LOG: [36m'[Ejabberd API] Requesting destroy_room from http://localhost:52810/api/ with user local-admin@local-jabber.entenhausen.pazz.de'[39m
LOG: '[Ejabberd API] Requesting destroy_room from http://localhost:52810/api/ with user local-admin@local-jabber.entenhausen.pazz.de'
LOG LOG: [36m'[Ejabberd API] Response destroy_room: 400 Bad Request'[39m
LOG: '[Ejabberd API] Response destroy_room: 400 Bad Request'
LOG LOG: [36m'[Ejabberd API] Requesting destroy_room from http://localhost:52810/api/ with user local-admin@local-jabber.entenhausen.pazz.de'[39m
LOG: '[Ejabberd API] Requesting destroy_room from http://localhost:52810/api/ with user local-admin@local-jabber.entenhausen.pazz.de'
LOG LOG: [36m'[Ejabberd API] Response destroy_room: 400 Bad Request'[39m
LOG: '[Ejabberd API] Response destroy_room: 400 Bad Request'
LOG LOG: [36m'[Ejabberd API] Requesting destroy_room from http://localhost:52810/api/ with user local-admin@local-jabber.entenhausen.pazz.de'[39m
LOG: '[Ejabberd API] Requesting destroy_room from http://localhost:52810/api/ with user local-admin@local-jabber.entenhausen.pazz.de'
LOG LOG: [36m'[Ejabberd API] Response destroy_room: 400 Bad Request'[39m
LOG: '[Ejabberd API] Response destroy_room: 400 Bad Request'
LOG LOG: [36m'[Ejabberd API] Requesting destroy_room from http://localhost:52810/api/ with user local-admin@local-jabber.entenhausen.pazz.de'[39m
LOG: '[Ejabberd API] Requesting destroy_room from http://localhost:52810/api/ with user local-admin@local-jabber.entenhausen.pazz.de'
LOG LOG: [36m'[Ejabberd API] Response destroy_room: 400 Bad Request'[39m
LOG: '[Ejabberd API] Response destroy_room: 400 Bad Request'
LOG LOG: [36m'[Ejabberd API] Requesting destroy_room from http://localhost:52810/api/ with user local-admin@local-jabber.entenhausen.pazz.de'[39m
LOG: '[Ejabberd API] Requesting destroy_room from http://localhost:52810/api/ with user local-admin@local-jabber.entenhausen.pazz.de'
LOG LOG: [36m'[Ejabberd API] Response destroy_room: 400 Bad Request'[39m
LOG: '[Ejabberd API] Response destroy_room: 400 Bad Request'
LOG LOG: [36m'[Ejabberd API] Requesting destroy_room from http://localhost:52810/api/ with user local-admin@local-jabber.entenhausen.pazz.de'[39m
LOG: '[Ejabberd API] Requesting destroy_room from http://localhost:52810/api/ with user local-admin@local-jabber.entenhausen.pazz.de'
LOG LOG: [36m'[Ejabberd API] Response destroy_room: 400 Bad Request'[39m
LOG: '[Ejabberd API] Response destroy_room: 400 Bad Request'
LOG LOG: [36m'[Ejabberd API] Requesting destroy_room from http://localhost:52810/api/ with user local-admin@local-jabber.entenhausen.pazz.de'[39m
LOG: '[Ejabberd API] Requesting destroy_room from http://localhost:52810/api/ with user local-admin@local-jabber.entenhausen.pazz.de'
LOG LOG: [36m'[Ejabberd API] Response destroy_room: 400 Bad Request'[39m
LOG: '[Ejabberd API] Response destroy_room: 400 Bad Request'
LOG LOG: [36m'[Ejabberd API] Requesting destroy_room from http://localhost:52810/api/ with user local-admin@local-jabber.entenhausen.pazz.de'[39m
LOG: '[Ejabberd API] Requesting destroy_room from http://localhost:52810/api/ with user local-admin@local-jabber.entenhausen.pazz.de'
LOG LOG: [36m'[Ejabberd API] Response destroy_room: 400 Bad Request'[39m
LOG: '[Ejabberd API] Response destroy_room: 400 Bad Request'
LOG LOG: [36m'[Ejabberd API] Requesting destroy_room from http://localhost:52810/api/ with user local-admin@local-jabber.entenhausen.pazz.de'[39m
LOG: '[Ejabberd API] Requesting destroy_room from http://localhost:52810/api/ with user local-admin@local-jabber.entenhausen.pazz.de'
LOG LOG: [36m'[Ejabberd API] Response destroy_room: 400 Bad Request'[39m
LOG: '[Ejabberd API] Response destroy_room: 400 Bad Request'
LOG LOG: [36m'[Ejabberd API] Requesting registered_users from http://localhost:52810/api/ with user local-admin@local-jabber.entenhausen.pazz.de'[39m
LOG: '[Ejabberd API] Requesting registered_users from http://localhost:52810/api/ with user local-admin@local-jabber.entenhausen.pazz.de'
LOG LOG: [36m'[Ejabberd API] Requesting registered_users from http://localhost:52810/api/ with user local-admin@local-jabber.entenhausen.pazz.de'[39m
LOG: '[Ejabberd API] Requesting registered_users from http://localhost:52810/api/ with user local-admin@local-jabber.entenhausen.pazz.de'
LOG LOG: [36m'[Ejabberd API] Requesting registered_users from http://localhost:52810/api/ with user local-admin@local-jabber.entenhausen.pazz.de'[39m
LOG: '[Ejabberd API] Requesting registered_users from http://localhost:52810/api/ with user local-admin@local-jabber.entenhausen.pazz.de'
LOG LOG: [36m'[Ejabberd API] Requesting registered_users from http://localhost:52810/api/ with user local-admin@local-jabber.entenhausen.pazz.de'[39m
LOG: '[Ejabberd API] Requesting registered_users from http://localhost:52810/api/ with user local-admin@local-jabber.entenhausen.pazz.de'
LOG LOG: [36m'[Ejabberd API] Requesting registered_users from http://localhost:52810/api/ with user local-admin@local-jabber.entenhausen.pazz.de'[39m
LOG: '[Ejabberd API] Requesting registered_users from http://localhost:52810/api/ with user local-admin@local-jabber.entenhausen.pazz.de'
LOG LOG: [36m'[Ejabberd API] Response registered_users: 200 OK'[39m
LOG: '[Ejabberd API] Response registered_users: 200 OK'
LOG LOG: [36m'[Ejabberd API] Response registered_users: 200 OK'[39m
LOG: '[Ejabberd API] Response registered_users: 200 OK'
LOG LOG: [36m'[Ejabberd API] Response registered_users: 200 OK'[39m
LOG: '[Ejabberd API] Response registered_users: 200 OK'
LOG LOG: [36m'[Ejabberd API] Requesting check_account from http://localhost:52810/api/ with user local-admin@local-jabber.entenhausen.pazz.de'[39m
LOG: '[Ejabberd API] Requesting check_account from http://localhost:52810/api/ with user local-admin@local-jabber.entenhausen.pazz.de'
LOG LOG: [36m'[Ejabberd API] Response registered_users: 200 OK'[39m
LOG: '[Ejabberd API] Response registered_users: 200 OK'
LOG LOG: [36m'[Ejabberd API] Response registered_users: 200 OK'[39m
LOG: '[Ejabberd API] Response registered_users: 200 OK'
LOG LOG: [36m'[Ejabberd API] Response check_account: 200 OK'[39m
LOG: '[Ejabberd API] Response check_account: 200 OK'
LOG LOG: [36m'[Ejabberd API] Requesting unregister from http://localhost:52810/api/ with user local-admin@local-jabber.entenhausen.pazz.de'[39m
LOG: '[Ejabberd API] Requesting unregister from http://localhost:52810/api/ with user local-admin@local-jabber.entenhausen.pazz.de'
LOG LOG: [36m'[Ejabberd API] Response unregister: 200 OK'[39m
LOG: '[Ejabberd API] Response unregister: 200 OK'
      [32m✓ [39mshould be able to receive messages
LOG LOG: [36m'[Ejabberd API] Requesting registered_users from http://localhost:52810/api/ with user local-admin@local-jabber.entenhausen.pazz.de'[39m
LOG: '[Ejabberd API] Requesting registered_users from http://localhost:52810/api/ with user local-admin@local-jabber.entenhausen.pazz.de'
LOG LOG: [36m'[Ejabberd API] Response registered_users: 200 OK'[39m
LOG: '[Ejabberd API] Response registered_users: 200 OK'
LOG LOG: [36m'[Ejabberd API] Requesting muc_online_rooms from http://localhost:52810/api/ with user local-admin@local-jabber.entenhausen.pazz.de'[39m
LOG: '[Ejabberd API] Requesting muc_online_rooms from http://localhost:52810/api/ with user local-admin@local-jabber.entenhausen.pazz.de'
LOG LOG: [36m'[Ejabberd API] Response muc_online_rooms: 200 OK'[39m
LOG: '[Ejabberd API] Response muc_online_rooms: 200 OK'
LOG LOG: [36m'[Ejabberd API] Requesting registered_users from http://localhost:52810/api/ with user local-admin@local-jabber.entenhausen.pazz.de'[39m
LOG: '[Ejabberd API] Requesting registered_users from http://localhost:52810/api/ with user local-admin@local-jabber.entenhausen.pazz.de'
LOG LOG: [36m'[Ejabberd API] Requesting registered_users from http://localhost:52810/api/ with user local-admin@local-jabber.entenhausen.pazz.de'[39m
LOG: '[Ejabberd API] Requesting registered_users from http://localhost:52810/api/ with user local-admin@local-jabber.entenhausen.pazz.de'
LOG LOG: [36m'[Ejabberd API] Requesting registered_users from http://localhost:52810/api/ with user local-admin@local-jabber.entenhausen.pazz.de'[39m
LOG: '[Ejabberd API] Requesting registered_users from http://localhost:52810/api/ with user local-admin@local-jabber.entenhausen.pazz.de'
LOG LOG: [36m'[Ejabberd API] Requesting registered_users from http://localhost:52810/api/ with user local-admin@local-jabber.entenhausen.pazz.de'[39m
LOG: '[Ejabberd API] Requesting registered_users from http://localhost:52810/api/ with user local-admin@local-jabber.entenhausen.pazz.de'
LOG LOG: [36m'[Ejabberd API] Requesting registered_users from http://localhost:52810/api/ with user local-admin@local-jabber.entenhausen.pazz.de'[39m
LOG: '[Ejabberd API] Requesting registered_users from http://localhost:52810/api/ with user local-admin@local-jabber.entenhausen.pazz.de'
LOG LOG: [36m'[Ejabberd API] Response registered_users: 200 OK'[39m
LOG: '[Ejabberd API] Response registered_users: 200 OK'
LOG LOG: [36m'[Ejabberd API] Response registered_users: 200 OK'[39m
LOG: '[Ejabberd API] Response registered_users: 200 OK'
LOG LOG: [36m'[Ejabberd API] Response registered_users: 200 OK'[39m
LOG: '[Ejabberd API] Response registered_users: 200 OK'
LOG LOG: [36m'[Ejabberd API] Response registered_users: 200 OK'[39m
LOG: '[Ejabberd API] Response registered_users: 200 OK'
LOG LOG: [36m'[Ejabberd API] Response registered_users: 200 OK'[39m
LOG: '[Ejabberd API] Response registered_users: 200 OK'
LOG LOG: [36m'[Ejabberd API] Requesting registered_users from http://localhost:52810/api/ with user local-admin@local-jabber.entenhausen.pazz.de'[39m
LOG: '[Ejabberd API] Requesting registered_users from http://localhost:52810/api/ with user local-admin@local-jabber.entenhausen.pazz.de'
LOG LOG: [36m'[Ejabberd API] Response registered_users: 200 OK'[39m
LOG: '[Ejabberd API] Response registered_users: 200 OK'
LOG LOG: [36m'[Ejabberd API] Requesting check_account from http://localhost:52810/api/ with user local-admin@local-jabber.entenhausen.pazz.de'[39m
LOG: '[Ejabberd API] Requesting check_account from http://localhost:52810/api/ with user local-admin@local-jabber.entenhausen.pazz.de'
LOG LOG: [36m'[Ejabberd API] Response check_account: 200 OK'[39m
LOG: '[Ejabberd API] Response check_account: 200 OK'
LOG LOG: [36m'[Ejabberd API] Requesting register from http://localhost:52810/api/ with user local-admin@local-jabber.entenhausen.pazz.de'[39m
LOG: '[Ejabberd API] Requesting register from http://localhost:52810/api/ with user local-admin@local-jabber.entenhausen.pazz.de'
LOG LOG: [36m'[Ejabberd API] Response register: 200 OK'[39m
LOG: '[Ejabberd API] Response register: 200 OK'
LOG LOG: [36m'[Ejabberd API] Requesting registered_users from http://localhost:52810/api/ with user local-admin@local-jabber.entenhausen.pazz.de'[39m
LOG: '[Ejabberd API] Requesting registered_users from http://localhost:52810/api/ with user local-admin@local-jabber.entenhausen.pazz.de'
LOG LOG: [36m'[Ejabberd API] Response registered_users: 200 OK'[39m
LOG: '[Ejabberd API] Response registered_users: 200 OK'
LOG LOG: [36m'[Ejabberd API] Requesting check_account from http://localhost:52810/api/ with user local-admin@local-jabber.entenhausen.pazz.de'[39m
LOG: '[Ejabberd API] Requesting check_account from http://localhost:52810/api/ with user local-admin@local-jabber.entenhausen.pazz.de'
LOG LOG: [36m'[Ejabberd API] Response check_account: 200 OK'[39m
LOG: '[Ejabberd API] Response check_account: 200 OK'
LOG LOG: [36m'[Ejabberd API] Requesting register from http://localhost:52810/api/ with user local-admin@local-jabber.entenhausen.pazz.de'[39m
LOG: '[Ejabberd API] Requesting register from http://localhost:52810/api/ with user local-admin@local-jabber.entenhausen.pazz.de'
LOG LOG: [36m'[Ejabberd API] Response register: 200 OK'[39m
LOG: '[Ejabberd API] Response register: 200 OK'
LOG LOG: [36m'[TestUtils] Cleaning up 5 tracked rooms...'[39m
LOG: '[TestUtils] Cleaning up 5 tracked rooms...'
LOG LOG: [36m'[Ejabberd API] Requesting destroy_room from http://localhost:52810/api/ with user local-admin@local-jabber.entenhausen.pazz.de'[39m
LOG: '[Ejabberd API] Requesting destroy_room from http://localhost:52810/api/ with user local-admin@local-jabber.entenhausen.pazz.de'
LOG LOG: [36m'[Ejabberd API] Response destroy_room: 400 Bad Request'[39m
LOG: '[Ejabberd API] Response destroy_room: 400 Bad Request'
LOG LOG: [36m'[Ejabberd API] Requesting destroy_room from http://localhost:52810/api/ with user local-admin@local-jabber.entenhausen.pazz.de'[39m
LOG: '[Ejabberd API] Requesting destroy_room from http://localhost:52810/api/ with user local-admin@local-jabber.entenhausen.pazz.de'
LOG LOG: [36m'[Ejabberd API] Response destroy_room: 400 Bad Request'[39m
LOG: '[Ejabberd API] Response destroy_room: 400 Bad Request'
LOG LOG: [36m'[Ejabberd API] Requesting destroy_room from http://localhost:52810/api/ with user local-admin@local-jabber.entenhausen.pazz.de'[39m
LOG: '[Ejabberd API] Requesting destroy_room from http://localhost:52810/api/ with user local-admin@local-jabber.entenhausen.pazz.de'
LOG LOG: [36m'[Ejabberd API] Response destroy_room: 400 Bad Request'[39m
LOG: '[Ejabberd API] Response destroy_room: 400 Bad Request'
LOG LOG: [36m'[Ejabberd API] Requesting destroy_room from http://localhost:52810/api/ with user local-admin@local-jabber.entenhausen.pazz.de'[39m
LOG: '[Ejabberd API] Requesting destroy_room from http://localhost:52810/api/ with user local-admin@local-jabber.entenhausen.pazz.de'
LOG LOG: [36m'[Ejabberd API] Response destroy_room: 400 Bad Request'[39m
LOG: '[Ejabberd API] Response destroy_room: 400 Bad Request'
LOG LOG: [36m'[Ejabberd API] Requesting destroy_room from http://localhost:52810/api/ with user local-admin@local-jabber.entenhausen.pazz.de'[39m
LOG: '[Ejabberd API] Requesting destroy_room from http://localhost:52810/api/ with user local-admin@local-jabber.entenhausen.pazz.de'
LOG LOG: [36m'[Ejabberd API] Response destroy_room: 400 Bad Request'[39m
LOG: '[Ejabberd API] Response destroy_room: 400 Bad Request'
LOG LOG: [36m'[Ejabberd API] Requesting destroy_room from http://localhost:52810/api/ with user local-admin@local-jabber.entenhausen.pazz.de'[39m
LOG: '[Ejabberd API] Requesting destroy_room from http://localhost:52810/api/ with user local-admin@local-jabber.entenhausen.pazz.de'
LOG LOG: [36m'[Ejabberd API] Response destroy_room: 400 Bad Request'[39m
LOG: '[Ejabberd API] Response destroy_room: 400 Bad Request'
LOG LOG: [36m'[Ejabberd API] Requesting destroy_room from http://localhost:52810/api/ with user local-admin@local-jabber.entenhausen.pazz.de'[39m
LOG: '[Ejabberd API] Requesting destroy_room from http://localhost:52810/api/ with user local-admin@local-jabber.entenhausen.pazz.de'
LOG LOG: [36m'[Ejabberd API] Response destroy_room: 400 Bad Request'[39m
LOG: '[Ejabberd API] Response destroy_room: 400 Bad Request'
LOG LOG: [36m'[Ejabberd API] Requesting destroy_room from http://localhost:52810/api/ with user local-admin@local-jabber.entenhausen.pazz.de'[39m
LOG: '[Ejabberd API] Requesting destroy_room from http://localhost:52810/api/ with user local-admin@local-jabber.entenhausen.pazz.de'
LOG LOG: [36m'[Ejabberd API] Response destroy_room: 400 Bad Request'[39m
LOG: '[Ejabberd API] Response destroy_room: 400 Bad Request'
LOG LOG: [36m'[Ejabberd API] Requesting destroy_room from http://localhost:52810/api/ with user local-admin@local-jabber.entenhausen.pazz.de'[39m
LOG: '[Ejabberd API] Requesting destroy_room from http://localhost:52810/api/ with user local-admin@local-jabber.entenhausen.pazz.de'
LOG LOG: [36m'[Ejabberd API] Response destroy_room: 400 Bad Request'[39m
LOG: '[Ejabberd API] Response destroy_room: 400 Bad Request'
LOG LOG: [36m'[Ejabberd API] Requesting destroy_room from http://localhost:52810/api/ with user local-admin@local-jabber.entenhausen.pazz.de'[39m
LOG: '[Ejabberd API] Requesting destroy_room from http://localhost:52810/api/ with user local-admin@local-jabber.entenhausen.pazz.de'
LOG LOG: [36m'[Ejabberd API] Response destroy_room: 400 Bad Request'[39m
LOG: '[Ejabberd API] Response destroy_room: 400 Bad Request'
LOG LOG: [36m'[Ejabberd API] Requesting registered_users from http://localhost:52810/api/ with user local-admin@local-jabber.entenhausen.pazz.de'[39m
LOG: '[Ejabberd API] Requesting registered_users from http://localhost:52810/api/ with user local-admin@local-jabber.entenhausen.pazz.de'
LOG LOG: [36m'[Ejabberd API] Requesting registered_users from http://localhost:52810/api/ with user local-admin@local-jabber.entenhausen.pazz.de'[39m
LOG: '[Ejabberd API] Requesting registered_users from http://localhost:52810/api/ with user local-admin@local-jabber.entenhausen.pazz.de'
LOG LOG: [36m'[Ejabberd API] Requesting registered_users from http://localhost:52810/api/ with user local-admin@local-jabber.entenhausen.pazz.de'[39m
LOG: '[Ejabberd API] Requesting registered_users from http://localhost:52810/api/ with user local-admin@local-jabber.entenhausen.pazz.de'
LOG LOG: [36m'[Ejabberd API] Requesting registered_users from http://localhost:52810/api/ with user local-admin@local-jabber.entenhausen.pazz.de'[39m
LOG: '[Ejabberd API] Requesting registered_users from http://localhost:52810/api/ with user local-admin@local-jabber.entenhausen.pazz.de'
LOG LOG: [36m'[Ejabberd API] Requesting registered_users from http://localhost:52810/api/ with user local-admin@local-jabber.entenhausen.pazz.de'[39m
LOG: '[Ejabberd API] Requesting registered_users from http://localhost:52810/api/ with user local-admin@local-jabber.entenhausen.pazz.de'
LOG LOG: [36m'[Ejabberd API] Response registered_users: 200 OK'[39m
LOG: '[Ejabberd API] Response registered_users: 200 OK'
LOG LOG: [36m'[Ejabberd API] Requesting check_account from http://localhost:52810/api/ with user local-admin@local-jabber.entenhausen.pazz.de'[39m
LOG: '[Ejabberd API] Requesting check_account from http://localhost:52810/api/ with user local-admin@local-jabber.entenhausen.pazz.de'
LOG LOG: [36m'[Ejabberd API] Response registered_users: 200 OK'[39m
LOG: '[Ejabberd API] Response registered_users: 200 OK'
LOG LOG: [36m'[Ejabberd API] Requesting check_account from http://localhost:52810/api/ with user local-admin@local-jabber.entenhausen.pazz.de'[39m
LOG: '[Ejabberd API] Requesting check_account from http://localhost:52810/api/ with user local-admin@local-jabber.entenhausen.pazz.de'
LOG LOG: [36m'[Ejabberd API] Response registered_users: 200 OK'[39m
LOG: '[Ejabberd API] Response registered_users: 200 OK'
LOG LOG: [36m'[Ejabberd API] Response registered_users: 200 OK'[39m
LOG: '[Ejabberd API] Response registered_users: 200 OK'
LOG LOG: [36m'[Ejabberd API] Response registered_users: 200 OK'[39m
LOG: '[Ejabberd API] Response registered_users: 200 OK'
LOG LOG: [36m'[Ejabberd API] Response check_account: 200 OK'[39m
LOG: '[Ejabberd API] Response check_account: 200 OK'
LOG LOG: [36m'[Ejabberd API] Requesting unregister from http://localhost:52810/api/ with user local-admin@local-jabber.entenhausen.pazz.de'[39m
LOG: '[Ejabberd API] Requesting unregister from http://localhost:52810/api/ with user local-admin@local-jabber.entenhausen.pazz.de'
LOG LOG: [36m'[Ejabberd API] Response check_account: 200 OK'[39m
LOG: '[Ejabberd API] Response check_account: 200 OK'
LOG LOG: [36m'[Ejabberd API] Requesting unregister from http://localhost:52810/api/ with user local-admin@local-jabber.entenhausen.pazz.de'[39m
LOG: '[Ejabberd API] Requesting unregister from http://localhost:52810/api/ with user local-admin@local-jabber.entenhausen.pazz.de'
LOG LOG: [36m'[Ejabberd API] Response unregister: 200 OK'[39m
LOG: '[Ejabberd API] Response unregister: 200 OK'
LOG LOG: [36m'[Ejabberd API] Response unregister: 200 OK'[39m
LOG: '[Ejabberd API] Response unregister: 200 OK'
    room joining
      [31m✗ [39m[31mshould be able to keep the rooms when logging out and and in[39m
	Error: Timeout waiting for occupant hero to be present
	    at libs/ngx-xmpp/src/test/multi-user-chat.plugin.spec.ts:55:11
	    at Generator.next (<anonymous>)
	    at asyncGeneratorStep (node_modules/@babel/runtime/helpers/esm/asyncToGenerator.js:3:1)
	    at apply (node_modules/@babel/runtime/helpers/esm/asyncToGenerator.js:22:1)
LOG LOG: [36m'[Ejabberd API] Requesting registered_users from http://localhost:52810/api/ with user local-admin@local-jabber.entenhausen.pazz.de'[39m
LOG: '[Ejabberd API] Requesting registered_users from http://localhost:52810/api/ with user local-admin@local-jabber.entenhausen.pazz.de'
LOG LOG: [36m'[Ejabberd API] Response registered_users: 200 OK'[39m
LOG: '[Ejabberd API] Response registered_users: 200 OK'
LOG LOG: [36m'[Ejabberd API] Requesting muc_online_rooms from http://localhost:52810/api/ with user local-admin@local-jabber.entenhausen.pazz.de'[39m
LOG: '[Ejabberd API] Requesting muc_online_rooms from http://localhost:52810/api/ with user local-admin@local-jabber.entenhausen.pazz.de'
LOG LOG: [36m'[Ejabberd API] Response muc_online_rooms: 200 OK'[39m
LOG: '[Ejabberd API] Response muc_online_rooms: 200 OK'
LOG LOG: [36m'[Ejabberd API] Requesting registered_users from http://localhost:52810/api/ with user local-admin@local-jabber.entenhausen.pazz.de'[39m
LOG: '[Ejabberd API] Requesting registered_users from http://localhost:52810/api/ with user local-admin@local-jabber.entenhausen.pazz.de'
LOG LOG: [36m'[Ejabberd API] Requesting registered_users from http://localhost:52810/api/ with user local-admin@local-jabber.entenhausen.pazz.de'[39m
LOG: '[Ejabberd API] Requesting registered_users from http://localhost:52810/api/ with user local-admin@local-jabber.entenhausen.pazz.de'
LOG LOG: [36m'[Ejabberd API] Requesting registered_users from http://localhost:52810/api/ with user local-admin@local-jabber.entenhausen.pazz.de'[39m
LOG: '[Ejabberd API] Requesting registered_users from http://localhost:52810/api/ with user local-admin@local-jabber.entenhausen.pazz.de'
LOG LOG: [36m'[Ejabberd API] Requesting registered_users from http://localhost:52810/api/ with user local-admin@local-jabber.entenhausen.pazz.de'[39m
LOG: '[Ejabberd API] Requesting registered_users from http://localhost:52810/api/ with user local-admin@local-jabber.entenhausen.pazz.de'
LOG LOG: [36m'[Ejabberd API] Requesting registered_users from http://localhost:52810/api/ with user local-admin@local-jabber.entenhausen.pazz.de'[39m
LOG: '[Ejabberd API] Requesting registered_users from http://localhost:52810/api/ with user local-admin@local-jabber.entenhausen.pazz.de'
LOG LOG: [36m'[Ejabberd API] Response registered_users: 200 OK'[39m
LOG: '[Ejabberd API] Response registered_users: 200 OK'
LOG LOG: [36m'[Ejabberd API] Response registered_users: 200 OK'[39m
LOG: '[Ejabberd API] Response registered_users: 200 OK'
LOG LOG: [36m'[Ejabberd API] Response registered_users: 200 OK'[39m
LOG: '[Ejabberd API] Response registered_users: 200 OK'
LOG LOG: [36m'[Ejabberd API] Response registered_users: 200 OK'[39m
LOG: '[Ejabberd API] Response registered_users: 200 OK'
LOG LOG: [36m'[Ejabberd API] Response registered_users: 200 OK'[39m
LOG: '[Ejabberd API] Response registered_users: 200 OK'
LOG LOG: [36m'[Ejabberd API] Requesting registered_users from http://localhost:52810/api/ with user local-admin@local-jabber.entenhausen.pazz.de'[39m
LOG: '[Ejabberd API] Requesting registered_users from http://localhost:52810/api/ with user local-admin@local-jabber.entenhausen.pazz.de'
LOG LOG: [36m'[Ejabberd API] Response registered_users: 200 OK'[39m
LOG: '[Ejabberd API] Response registered_users: 200 OK'
LOG LOG: [36m'[Ejabberd API] Requesting check_account from http://localhost:52810/api/ with user local-admin@local-jabber.entenhausen.pazz.de'[39m
LOG: '[Ejabberd API] Requesting check_account from http://localhost:52810/api/ with user local-admin@local-jabber.entenhausen.pazz.de'
LOG LOG: [36m'[Ejabberd API] Response check_account: 200 OK'[39m
LOG: '[Ejabberd API] Response check_account: 200 OK'
LOG LOG: [36m'[Ejabberd API] Requesting register from http://localhost:52810/api/ with user local-admin@local-jabber.entenhausen.pazz.de'[39m
LOG: '[Ejabberd API] Requesting register from http://localhost:52810/api/ with user local-admin@local-jabber.entenhausen.pazz.de'
LOG LOG: [36m'[Ejabberd API] Response register: 200 OK'[39m
LOG: '[Ejabberd API] Response register: 200 OK'
LOG LOG: [36m'[Ejabberd API] Requesting registered_users from http://localhost:52810/api/ with user local-admin@local-jabber.entenhausen.pazz.de'[39m
LOG: '[Ejabberd API] Requesting registered_users from http://localhost:52810/api/ with user local-admin@local-jabber.entenhausen.pazz.de'
LOG LOG: [36m'[Ejabberd API] Response registered_users: 200 OK'[39m
LOG: '[Ejabberd API] Response registered_users: 200 OK'
LOG LOG: [36m'[Ejabberd API] Requesting check_account from http://localhost:52810/api/ with user local-admin@local-jabber.entenhausen.pazz.de'[39m
LOG: '[Ejabberd API] Requesting check_account from http://localhost:52810/api/ with user local-admin@local-jabber.entenhausen.pazz.de'
LOG LOG: [36m'[Ejabberd API] Response check_account: 200 OK'[39m
LOG: '[Ejabberd API] Response check_account: 200 OK'
LOG LOG: [36m'[Ejabberd API] Requesting register from http://localhost:52810/api/ with user local-admin@local-jabber.entenhausen.pazz.de'[39m
LOG: '[Ejabberd API] Requesting register from http://localhost:52810/api/ with user local-admin@local-jabber.entenhausen.pazz.de'
LOG LOG: [36m'[Ejabberd API] Response register: 200 OK'[39m
LOG: '[Ejabberd API] Response register: 200 OK'
LOG LOG: [36m'[Ejabberd API] Requesting get_room_affiliation from http://localhost:52810/api/ with user local-admin@local-jabber.entenhausen.pazz.de'[39m
LOG: '[Ejabberd API] Requesting get_room_affiliation from http://localhost:52810/api/ with user local-admin@local-jabber.entenhausen.pazz.de'
LOG LOG: [36m'[Ejabberd API] Response get_room_affiliation: 200 OK'[39m
LOG: '[Ejabberd API] Response get_room_affiliation: 200 OK'
LOG LOG: [36m'[TestUtils] Cleaning up 5 tracked rooms...'[39m
LOG: '[TestUtils] Cleaning up 5 tracked rooms...'
LOG LOG: [36m'[Ejabberd API] Requesting destroy_room from http://localhost:52810/api/ with user local-admin@local-jabber.entenhausen.pazz.de'[39m
LOG: '[Ejabberd API] Requesting destroy_room from http://localhost:52810/api/ with user local-admin@local-jabber.entenhausen.pazz.de'
LOG LOG: [36m'[Ejabberd API] Response destroy_room: 400 Bad Request'[39m
LOG: '[Ejabberd API] Response destroy_room: 400 Bad Request'
LOG LOG: [36m'[Ejabberd API] Requesting destroy_room from http://localhost:52810/api/ with user local-admin@local-jabber.entenhausen.pazz.de'[39m
LOG: '[Ejabberd API] Requesting destroy_room from http://localhost:52810/api/ with user local-admin@local-jabber.entenhausen.pazz.de'
LOG LOG: [36m'[Ejabberd API] Response destroy_room: 400 Bad Request'[39m
LOG: '[Ejabberd API] Response destroy_room: 400 Bad Request'
LOG LOG: [36m'[Ejabberd API] Requesting destroy_room from http://localhost:52810/api/ with user local-admin@local-jabber.entenhausen.pazz.de'[39m
LOG: '[Ejabberd API] Requesting destroy_room from http://localhost:52810/api/ with user local-admin@local-jabber.entenhausen.pazz.de'
LOG LOG: [36m'[Ejabberd API] Response destroy_room: 400 Bad Request'[39m
LOG: '[Ejabberd API] Response destroy_room: 400 Bad Request'
LOG LOG: [36m'[Ejabberd API] Requesting destroy_room from http://localhost:52810/api/ with user local-admin@local-jabber.entenhausen.pazz.de'[39m
LOG: '[Ejabberd API] Requesting destroy_room from http://localhost:52810/api/ with user local-admin@local-jabber.entenhausen.pazz.de'
LOG LOG: [36m'[Ejabberd API] Response destroy_room: 400 Bad Request'[39m
LOG: '[Ejabberd API] Response destroy_room: 400 Bad Request'
LOG LOG: [36m'[Ejabberd API] Requesting destroy_room from http://localhost:52810/api/ with user local-admin@local-jabber.entenhausen.pazz.de'[39m
LOG: '[Ejabberd API] Requesting destroy_room from http://localhost:52810/api/ with user local-admin@local-jabber.entenhausen.pazz.de'
LOG LOG: [36m'[Ejabberd API] Response destroy_room: 400 Bad Request'[39m
LOG: '[Ejabberd API] Response destroy_room: 400 Bad Request'
LOG LOG: [36m'[Ejabberd API] Requesting destroy_room from http://localhost:52810/api/ with user local-admin@local-jabber.entenhausen.pazz.de'[39m
LOG: '[Ejabberd API] Requesting destroy_room from http://localhost:52810/api/ with user local-admin@local-jabber.entenhausen.pazz.de'
LOG LOG: [36m'[Ejabberd API] Response destroy_room: 400 Bad Request'[39m
LOG: '[Ejabberd API] Response destroy_room: 400 Bad Request'
LOG LOG: [36m'[Ejabberd API] Requesting destroy_room from http://localhost:52810/api/ with user local-admin@local-jabber.entenhausen.pazz.de'[39m
LOG: '[Ejabberd API] Requesting destroy_room from http://localhost:52810/api/ with user local-admin@local-jabber.entenhausen.pazz.de'
LOG LOG: [36m'[Ejabberd API] Response destroy_room: 200 OK'[39m
LOG: '[Ejabberd API] Response destroy_room: 200 OK'
LOG LOG: [36m'[Ejabberd API] Requesting destroy_room from http://localhost:52810/api/ with user local-admin@local-jabber.entenhausen.pazz.de'[39m
LOG: '[Ejabberd API] Requesting destroy_room from http://localhost:52810/api/ with user local-admin@local-jabber.entenhausen.pazz.de'
LOG LOG: [36m'[Ejabberd API] Response destroy_room: 400 Bad Request'[39m
LOG: '[Ejabberd API] Response destroy_room: 400 Bad Request'
LOG LOG: [36m'[Ejabberd API] Requesting destroy_room from http://localhost:52810/api/ with user local-admin@local-jabber.entenhausen.pazz.de'[39m
LOG: '[Ejabberd API] Requesting destroy_room from http://localhost:52810/api/ with user local-admin@local-jabber.entenhausen.pazz.de'
LOG LOG: [36m'[Ejabberd API] Response destroy_room: 400 Bad Request'[39m
LOG: '[Ejabberd API] Response destroy_room: 400 Bad Request'
LOG LOG: [36m'[Ejabberd API] Requesting destroy_room from http://localhost:52810/api/ with user local-admin@local-jabber.entenhausen.pazz.de'[39m
LOG: '[Ejabberd API] Requesting destroy_room from http://localhost:52810/api/ with user local-admin@local-jabber.entenhausen.pazz.de'
LOG LOG: [36m'[Ejabberd API] Response destroy_room: 400 Bad Request'[39m
LOG: '[Ejabberd API] Response destroy_room: 400 Bad Request'
LOG LOG: [36m'[Ejabberd API] Requesting registered_users from http://localhost:52810/api/ with user local-admin@local-jabber.entenhausen.pazz.de'[39m
LOG: '[Ejabberd API] Requesting registered_users from http://localhost:52810/api/ with user local-admin@local-jabber.entenhausen.pazz.de'
LOG LOG: [36m'[Ejabberd API] Requesting registered_users from http://localhost:52810/api/ with user local-admin@local-jabber.entenhausen.pazz.de'[39m
LOG: '[Ejabberd API] Requesting registered_users from http://localhost:52810/api/ with user local-admin@local-jabber.entenhausen.pazz.de'
LOG LOG: [36m'[Ejabberd API] Requesting registered_users from http://localhost:52810/api/ with user local-admin@local-jabber.entenhausen.pazz.de'[39m
LOG: '[Ejabberd API] Requesting registered_users from http://localhost:52810/api/ with user local-admin@local-jabber.entenhausen.pazz.de'
LOG LOG: [36m'[Ejabberd API] Requesting registered_users from http://localhost:52810/api/ with user local-admin@local-jabber.entenhausen.pazz.de'[39m
LOG: '[Ejabberd API] Requesting registered_users from http://localhost:52810/api/ with user local-admin@local-jabber.entenhausen.pazz.de'
LOG LOG: [36m'[Ejabberd API] Requesting registered_users from http://localhost:52810/api/ with user local-admin@local-jabber.entenhausen.pazz.de'[39m
LOG: '[Ejabberd API] Requesting registered_users from http://localhost:52810/api/ with user local-admin@local-jabber.entenhausen.pazz.de'
LOG LOG: [36m'[Ejabberd API] Response registered_users: 200 OK'[39m
LOG: '[Ejabberd API] Response registered_users: 200 OK'
LOG LOG: [36m'[Ejabberd API] Response registered_users: 200 OK'[39m
LOG: '[Ejabberd API] Response registered_users: 200 OK'
LOG LOG: [36m'[Ejabberd API] Requesting check_account from http://localhost:52810/api/ with user local-admin@local-jabber.entenhausen.pazz.de'[39m
LOG: '[Ejabberd API] Requesting check_account from http://localhost:52810/api/ with user local-admin@local-jabber.entenhausen.pazz.de'
LOG LOG: [36m'[Ejabberd API] Response registered_users: 200 OK'[39m
LOG: '[Ejabberd API] Response registered_users: 200 OK'
LOG LOG: [36m'[Ejabberd API] Response registered_users: 200 OK'[39m
LOG: '[Ejabberd API] Response registered_users: 200 OK'
LOG LOG: [36m'[Ejabberd API] Requesting check_account from http://localhost:52810/api/ with user local-admin@local-jabber.entenhausen.pazz.de'[39m
LOG: '[Ejabberd API] Requesting check_account from http://localhost:52810/api/ with user local-admin@local-jabber.entenhausen.pazz.de'
LOG LOG: [36m'[Ejabberd API] Response registered_users: 200 OK'[39m
LOG: '[Ejabberd API] Response registered_users: 200 OK'
LOG LOG: [36m'[Ejabberd API] Response check_account: 200 OK'[39m
LOG: '[Ejabberd API] Response check_account: 200 OK'
LOG LOG: [36m'[Ejabberd API] Response check_account: 200 OK'[39m
LOG: '[Ejabberd API] Response check_account: 200 OK'
LOG LOG: [36m'[Ejabberd API] Requesting unregister from http://localhost:52810/api/ with user local-admin@local-jabber.entenhausen.pazz.de'[39m
LOG: '[Ejabberd API] Requesting unregister from http://localhost:52810/api/ with user local-admin@local-jabber.entenhausen.pazz.de'
LOG LOG: [36m'[Ejabberd API] Requesting unregister from http://localhost:52810/api/ with user local-admin@local-jabber.entenhausen.pazz.de'[39m
LOG: '[Ejabberd API] Requesting unregister from http://localhost:52810/api/ with user local-admin@local-jabber.entenhausen.pazz.de'
LOG LOG: [36m'[Ejabberd API] Response unregister: 200 OK'[39m
LOG: '[Ejabberd API] Response unregister: 200 OK'
LOG LOG: [36m'[Ejabberd API] Response unregister: 200 OK'[39m
LOG: '[Ejabberd API] Response unregister: 200 OK'
      [31m✗ [39m[31mshould be able to join a room with a invite[39m
	TimeoutError: Timeout has occurred
	error properties: null({ info: Object({ meta: null, lastValue: null, seen: 0 }), constructor: Function })
	    at _super (node_modules/rxjs/dist/esm/internal/util/createErrorClass.js:4:26)
	    at new TimeoutErrorImpl (node_modules/rxjs/dist/esm/internal/operators/timeout.js:9:5)
	    at _with (node_modules/rxjs/dist/esm/internal/operators/timeout.js:54:11)
LOG LOG: [36m'[Ejabberd API] Requesting registered_users from http://localhost:52810/api/ with user local-admin@local-jabber.entenhausen.pazz.de'[39m
LOG: '[Ejabberd API] Requesting registered_users from http://localhost:52810/api/ with user local-admin@local-jabber.entenhausen.pazz.de'
LOG LOG: [36m'[Ejabberd API] Response registered_users: 200 OK'[39m
LOG: '[Ejabberd API] Response registered_users: 200 OK'
LOG LOG: [36m'[Ejabberd API] Requesting muc_online_rooms from http://localhost:52810/api/ with user local-admin@local-jabber.entenhausen.pazz.de'[39m
LOG: '[Ejabberd API] Requesting muc_online_rooms from http://localhost:52810/api/ with user local-admin@local-jabber.entenhausen.pazz.de'
LOG LOG: [36m'[Ejabberd API] Response muc_online_rooms: 200 OK'[39m
LOG: '[Ejabberd API] Response muc_online_rooms: 200 OK'
LOG LOG: [36m'[Ejabberd API] Requesting registered_users from http://localhost:52810/api/ with user local-admin@local-jabber.entenhausen.pazz.de'[39m
LOG: '[Ejabberd API] Requesting registered_users from http://localhost:52810/api/ with user local-admin@local-jabber.entenhausen.pazz.de'
LOG LOG: [36m'[Ejabberd API] Requesting registered_users from http://localhost:52810/api/ with user local-admin@local-jabber.entenhausen.pazz.de'[39m
LOG: '[Ejabberd API] Requesting registered_users from http://localhost:52810/api/ with user local-admin@local-jabber.entenhausen.pazz.de'
LOG LOG: [36m'[Ejabberd API] Requesting registered_users from http://localhost:52810/api/ with user local-admin@local-jabber.entenhausen.pazz.de'[39m
LOG: '[Ejabberd API] Requesting registered_users from http://localhost:52810/api/ with user local-admin@local-jabber.entenhausen.pazz.de'
LOG LOG: [36m'[Ejabberd API] Requesting registered_users from http://localhost:52810/api/ with user local-admin@local-jabber.entenhausen.pazz.de'[39m
LOG: '[Ejabberd API] Requesting registered_users from http://localhost:52810/api/ with user local-admin@local-jabber.entenhausen.pazz.de'
LOG LOG: [36m'[Ejabberd API] Requesting registered_users from http://localhost:52810/api/ with user local-admin@local-jabber.entenhausen.pazz.de'[39m
LOG: '[Ejabberd API] Requesting registered_users from http://localhost:52810/api/ with user local-admin@local-jabber.entenhausen.pazz.de'
LOG LOG: [36m'[Ejabberd API] Response registered_users: 200 OK'[39m
LOG: '[Ejabberd API] Response registered_users: 200 OK'
LOG LOG: [36m'[Ejabberd API] Response registered_users: 200 OK'[39m
LOG: '[Ejabberd API] Response registered_users: 200 OK'
LOG LOG: [36m'[Ejabberd API] Response registered_users: 200 OK'[39m
LOG: '[Ejabberd API] Response registered_users: 200 OK'
LOG LOG: [36m'[Ejabberd API] Response registered_users: 200 OK'[39m
LOG: '[Ejabberd API] Response registered_users: 200 OK'
LOG LOG: [36m'[Ejabberd API] Response registered_users: 200 OK'[39m
LOG: '[Ejabberd API] Response registered_users: 200 OK'
LOG LOG: [36m'[Ejabberd API] Requesting registered_users from http://localhost:52810/api/ with user local-admin@local-jabber.entenhausen.pazz.de'[39m
LOG: '[Ejabberd API] Requesting registered_users from http://localhost:52810/api/ with user local-admin@local-jabber.entenhausen.pazz.de'
LOG LOG: [36m'[Ejabberd API] Response registered_users: 200 OK'[39m
LOG: '[Ejabberd API] Response registered_users: 200 OK'
LOG LOG: [36m'[Ejabberd API] Requesting check_account from http://localhost:52810/api/ with user local-admin@local-jabber.entenhausen.pazz.de'[39m
LOG: '[Ejabberd API] Requesting check_account from http://localhost:52810/api/ with user local-admin@local-jabber.entenhausen.pazz.de'
LOG LOG: [36m'[Ejabberd API] Response check_account: 200 OK'[39m
LOG: '[Ejabberd API] Response check_account: 200 OK'
LOG LOG: [36m'[Ejabberd API] Requesting register from http://localhost:52810/api/ with user local-admin@local-jabber.entenhausen.pazz.de'[39m
LOG: '[Ejabberd API] Requesting register from http://localhost:52810/api/ with user local-admin@local-jabber.entenhausen.pazz.de'
LOG LOG: [36m'[Ejabberd API] Response register: 200 OK'[39m
LOG: '[Ejabberd API] Response register: 200 OK'
LOG LOG: [36m'[Ejabberd API] Requesting registered_users from http://localhost:52810/api/ with user local-admin@local-jabber.entenhausen.pazz.de'[39m
LOG: '[Ejabberd API] Requesting registered_users from http://localhost:52810/api/ with user local-admin@local-jabber.entenhausen.pazz.de'
LOG LOG: [36m'[Ejabberd API] Response registered_users: 200 OK'[39m
LOG: '[Ejabberd API] Response registered_users: 200 OK'
LOG LOG: [36m'[Ejabberd API] Requesting check_account from http://localhost:52810/api/ with user local-admin@local-jabber.entenhausen.pazz.de'[39m
LOG: '[Ejabberd API] Requesting check_account from http://localhost:52810/api/ with user local-admin@local-jabber.entenhausen.pazz.de'
LOG LOG: [36m'[Ejabberd API] Response check_account: 200 OK'[39m
LOG: '[Ejabberd API] Response check_account: 200 OK'
LOG LOG: [36m'[Ejabberd API] Requesting register from http://localhost:52810/api/ with user local-admin@local-jabber.entenhausen.pazz.de'[39m
LOG: '[Ejabberd API] Requesting register from http://localhost:52810/api/ with user local-admin@local-jabber.entenhausen.pazz.de'
LOG LOG: [36m'[Ejabberd API] Response register: 200 OK'[39m
LOG: '[Ejabberd API] Response register: 200 OK'
LOG LOG: [36m'[TestUtils] Cleaning up 5 tracked rooms...'[39m
LOG: '[TestUtils] Cleaning up 5 tracked rooms...'
LOG LOG: [36m'[Ejabberd API] Requesting destroy_room from http://localhost:52810/api/ with user local-admin@local-jabber.entenhausen.pazz.de'[39m
LOG: '[Ejabberd API] Requesting destroy_room from http://localhost:52810/api/ with user local-admin@local-jabber.entenhausen.pazz.de'
LOG LOG: [36m'[Ejabberd API] Response destroy_room: 200 OK'[39m
LOG: '[Ejabberd API] Response destroy_room: 200 OK'
LOG LOG: [36m'[Ejabberd API] Requesting destroy_room from http://localhost:52810/api/ with user local-admin@local-jabber.entenhausen.pazz.de'[39m
LOG: '[Ejabberd API] Requesting destroy_room from http://localhost:52810/api/ with user local-admin@local-jabber.entenhausen.pazz.de'
LOG LOG: [36m'[Ejabberd API] Response destroy_room: 400 Bad Request'[39m
LOG: '[Ejabberd API] Response destroy_room: 400 Bad Request'
LOG LOG: [36m'[Ejabberd API] Requesting destroy_room from http://localhost:52810/api/ with user local-admin@local-jabber.entenhausen.pazz.de'[39m
LOG: '[Ejabberd API] Requesting destroy_room from http://localhost:52810/api/ with user local-admin@local-jabber.entenhausen.pazz.de'
LOG LOG: [36m'[Ejabberd API] Response destroy_room: 400 Bad Request'[39m
LOG: '[Ejabberd API] Response destroy_room: 400 Bad Request'
LOG LOG: [36m'[Ejabberd API] Requesting destroy_room from http://localhost:52810/api/ with user local-admin@local-jabber.entenhausen.pazz.de'[39m
LOG: '[Ejabberd API] Requesting destroy_room from http://localhost:52810/api/ with user local-admin@local-jabber.entenhausen.pazz.de'
LOG LOG: [36m'[Ejabberd API] Response destroy_room: 400 Bad Request'[39m
LOG: '[Ejabberd API] Response destroy_room: 400 Bad Request'
LOG LOG: [36m'[Ejabberd API] Requesting destroy_room from http://localhost:52810/api/ with user local-admin@local-jabber.entenhausen.pazz.de'[39m
LOG: '[Ejabberd API] Requesting destroy_room from http://localhost:52810/api/ with user local-admin@local-jabber.entenhausen.pazz.de'
LOG LOG: [36m'[Ejabberd API] Response destroy_room: 200 OK'[39m
LOG: '[Ejabberd API] Response destroy_room: 200 OK'
LOG LOG: [36m'[Ejabberd API] Requesting destroy_room from http://localhost:52810/api/ with user local-admin@local-jabber.entenhausen.pazz.de'[39m
LOG: '[Ejabberd API] Requesting destroy_room from http://localhost:52810/api/ with user local-admin@local-jabber.entenhausen.pazz.de'
LOG LOG: [36m'[Ejabberd API] Response destroy_room: 400 Bad Request'[39m
LOG: '[Ejabberd API] Response destroy_room: 400 Bad Request'
LOG LOG: [36m'[Ejabberd API] Requesting destroy_room from http://localhost:52810/api/ with user local-admin@local-jabber.entenhausen.pazz.de'[39m
LOG: '[Ejabberd API] Requesting destroy_room from http://localhost:52810/api/ with user local-admin@local-jabber.entenhausen.pazz.de'
LOG LOG: [36m'[Ejabberd API] Response destroy_room: 200 OK'[39m
LOG: '[Ejabberd API] Response destroy_room: 200 OK'
LOG LOG: [36m'[Ejabberd API] Requesting destroy_room from http://localhost:52810/api/ with user local-admin@local-jabber.entenhausen.pazz.de'[39m
LOG: '[Ejabberd API] Requesting destroy_room from http://localhost:52810/api/ with user local-admin@local-jabber.entenhausen.pazz.de'
LOG LOG: [36m'[Ejabberd API] Response destroy_room: 400 Bad Request'[39m
LOG: '[Ejabberd API] Response destroy_room: 400 Bad Request'
LOG LOG: [36m'[Ejabberd API] Requesting destroy_room from http://localhost:52810/api/ with user local-admin@local-jabber.entenhausen.pazz.de'[39m
LOG: '[Ejabberd API] Requesting destroy_room from http://localhost:52810/api/ with user local-admin@local-jabber.entenhausen.pazz.de'
LOG LOG: [36m'[Ejabberd API] Response destroy_room: 400 Bad Request'[39m
LOG: '[Ejabberd API] Response destroy_room: 400 Bad Request'
LOG LOG: [36m'[Ejabberd API] Requesting destroy_room from http://localhost:52810/api/ with user local-admin@local-jabber.entenhausen.pazz.de'[39m
LOG: '[Ejabberd API] Requesting destroy_room from http://localhost:52810/api/ with user local-admin@local-jabber.entenhausen.pazz.de'
LOG LOG: [36m'[Ejabberd API] Response destroy_room: 400 Bad Request'[39m
LOG: '[Ejabberd API] Response destroy_room: 400 Bad Request'
LOG LOG: [36m'[Ejabberd API] Requesting registered_users from http://localhost:52810/api/ with user local-admin@local-jabber.entenhausen.pazz.de'[39m
LOG: '[Ejabberd API] Requesting registered_users from http://localhost:52810/api/ with user local-admin@local-jabber.entenhausen.pazz.de'
LOG LOG: [36m'[Ejabberd API] Requesting registered_users from http://localhost:52810/api/ with user local-admin@local-jabber.entenhausen.pazz.de'[39m
LOG: '[Ejabberd API] Requesting registered_users from http://localhost:52810/api/ with user local-admin@local-jabber.entenhausen.pazz.de'
LOG LOG: [36m'[Ejabberd API] Requesting registered_users from http://localhost:52810/api/ with user local-admin@local-jabber.entenhausen.pazz.de'[39m
LOG: '[Ejabberd API] Requesting registered_users from http://localhost:52810/api/ with user local-admin@local-jabber.entenhausen.pazz.de'
LOG LOG: [36m'[Ejabberd API] Requesting registered_users from http://localhost:52810/api/ with user local-admin@local-jabber.entenhausen.pazz.de'[39m
LOG: '[Ejabberd API] Requesting registered_users from http://localhost:52810/api/ with user local-admin@local-jabber.entenhausen.pazz.de'
LOG LOG: [36m'[Ejabberd API] Requesting registered_users from http://localhost:52810/api/ with user local-admin@local-jabber.entenhausen.pazz.de'[39m
LOG: '[Ejabberd API] Requesting registered_users from http://localhost:52810/api/ with user local-admin@local-jabber.entenhausen.pazz.de'
LOG LOG: [36m'[Ejabberd API] Response registered_users: 200 OK'[39m
LOG: '[Ejabberd API] Response registered_users: 200 OK'
LOG LOG: [36m'[Ejabberd API] Requesting check_account from http://localhost:52810/api/ with user local-admin@local-jabber.entenhausen.pazz.de'[39m
LOG: '[Ejabberd API] Requesting check_account from http://localhost:52810/api/ with user local-admin@local-jabber.entenhausen.pazz.de'
LOG LOG: [36m'[Ejabberd API] Response registered_users: 200 OK'[39m
LOG: '[Ejabberd API] Response registered_users: 200 OK'
LOG LOG: [36m'[Ejabberd API] Response registered_users: 200 OK'[39m
LOG: '[Ejabberd API] Response registered_users: 200 OK'
LOG LOG: [36m'[Ejabberd API] Response registered_users: 200 OK'[39m
LOG: '[Ejabberd API] Response registered_users: 200 OK'
LOG LOG: [36m'[Ejabberd API] Response registered_users: 200 OK'[39m
LOG: '[Ejabberd API] Response registered_users: 200 OK'
LOG LOG: [36m'[Ejabberd API] Requesting check_account from http://localhost:52810/api/ with user local-admin@local-jabber.entenhausen.pazz.de'[39m
LOG: '[Ejabberd API] Requesting check_account from http://localhost:52810/api/ with user local-admin@local-jabber.entenhausen.pazz.de'
LOG LOG: [36m'[Ejabberd API] Response check_account: 200 OK'[39m
LOG: '[Ejabberd API] Response check_account: 200 OK'
LOG LOG: [36m'[Ejabberd API] Requesting unregister from http://localhost:52810/api/ with user local-admin@local-jabber.entenhausen.pazz.de'[39m
LOG: '[Ejabberd API] Requesting unregister from http://localhost:52810/api/ with user local-admin@local-jabber.entenhausen.pazz.de'
LOG LOG: [36m'[Ejabberd API] Response check_account: 200 OK'[39m
LOG: '[Ejabberd API] Response check_account: 200 OK'
LOG LOG: [36m'[Ejabberd API] Requesting unregister from http://localhost:52810/api/ with user local-admin@local-jabber.entenhausen.pazz.de'[39m
LOG: '[Ejabberd API] Requesting unregister from http://localhost:52810/api/ with user local-admin@local-jabber.entenhausen.pazz.de'
LOG LOG: [36m'[Ejabberd API] Response unregister: 200 OK'[39m
LOG: '[Ejabberd API] Response unregister: 200 OK'
LOG LOG: [36m'[Ejabberd API] Response unregister: 200 OK'[39m
LOG: '[Ejabberd API] Response unregister: 200 OK'
      [31m✗ [39m[31mshould be able to leave all rooms[39m
	TimeoutError: Timeout has occurred
	error properties: null({ info: Object({ meta: null, lastValue: null, seen: 0 }), constructor: Function })
	    at _super (node_modules/rxjs/dist/esm/internal/util/createErrorClass.js:4:26)
	    at new TimeoutErrorImpl (node_modules/rxjs/dist/esm/internal/operators/timeout.js:9:5)
	    at _with (node_modules/rxjs/dist/esm/internal/operators/timeout.js:54:11)
LOG LOG: [36m'[Ejabberd API] Requesting registered_users from http://localhost:52810/api/ with user local-admin@local-jabber.entenhausen.pazz.de'[39m
LOG: '[Ejabberd API] Requesting registered_users from http://localhost:52810/api/ with user local-admin@local-jabber.entenhausen.pazz.de'
LOG LOG: [36m'[Ejabberd API] Response registered_users: 200 OK'[39m
LOG: '[Ejabberd API] Response registered_users: 200 OK'
LOG LOG: [36m'[Ejabberd API] Requesting muc_online_rooms from http://localhost:52810/api/ with user local-admin@local-jabber.entenhausen.pazz.de'[39m
LOG: '[Ejabberd API] Requesting muc_online_rooms from http://localhost:52810/api/ with user local-admin@local-jabber.entenhausen.pazz.de'
LOG LOG: [36m'[Ejabberd API] Response muc_online_rooms: 200 OK'[39m
LOG: '[Ejabberd API] Response muc_online_rooms: 200 OK'
LOG LOG: [36m'[Ejabberd API] Requesting registered_users from http://localhost:52810/api/ with user local-admin@local-jabber.entenhausen.pazz.de'[39m
LOG: '[Ejabberd API] Requesting registered_users from http://localhost:52810/api/ with user local-admin@local-jabber.entenhausen.pazz.de'
LOG LOG: [36m'[Ejabberd API] Requesting registered_users from http://localhost:52810/api/ with user local-admin@local-jabber.entenhausen.pazz.de'[39m
LOG: '[Ejabberd API] Requesting registered_users from http://localhost:52810/api/ with user local-admin@local-jabber.entenhausen.pazz.de'
LOG LOG: [36m'[Ejabberd API] Requesting registered_users from http://localhost:52810/api/ with user local-admin@local-jabber.entenhausen.pazz.de'[39m
LOG: '[Ejabberd API] Requesting registered_users from http://localhost:52810/api/ with user local-admin@local-jabber.entenhausen.pazz.de'
LOG LOG: [36m'[Ejabberd API] Requesting registered_users from http://localhost:52810/api/ with user local-admin@local-jabber.entenhausen.pazz.de'[39m
LOG: '[Ejabberd API] Requesting registered_users from http://localhost:52810/api/ with user local-admin@local-jabber.entenhausen.pazz.de'
LOG LOG: [36m'[Ejabberd API] Requesting registered_users from http://localhost:52810/api/ with user local-admin@local-jabber.entenhausen.pazz.de'[39m
LOG: '[Ejabberd API] Requesting registered_users from http://localhost:52810/api/ with user local-admin@local-jabber.entenhausen.pazz.de'
LOG LOG: [36m'[Ejabberd API] Response registered_users: 200 OK'[39m
LOG: '[Ejabberd API] Response registered_users: 200 OK'
LOG LOG: [36m'[Ejabberd API] Response registered_users: 200 OK'[39m
LOG: '[Ejabberd API] Response registered_users: 200 OK'
LOG LOG: [36m'[Ejabberd API] Response registered_users: 200 OK'[39m
LOG: '[Ejabberd API] Response registered_users: 200 OK'
LOG LOG: [36m'[Ejabberd API] Response registered_users: 200 OK'[39m
LOG: '[Ejabberd API] Response registered_users: 200 OK'
LOG LOG: [36m'[Ejabberd API] Response registered_users: 200 OK'[39m
LOG: '[Ejabberd API] Response registered_users: 200 OK'
LOG LOG: [36m'[Ejabberd API] Requesting registered_users from http://localhost:52810/api/ with user local-admin@local-jabber.entenhausen.pazz.de'[39m
LOG: '[Ejabberd API] Requesting registered_users from http://localhost:52810/api/ with user local-admin@local-jabber.entenhausen.pazz.de'
LOG LOG: [36m'[Ejabberd API] Response registered_users: 200 OK'[39m
LOG: '[Ejabberd API] Response registered_users: 200 OK'
LOG LOG: [36m'[Ejabberd API] Requesting check_account from http://localhost:52810/api/ with user local-admin@local-jabber.entenhausen.pazz.de'[39m
LOG: '[Ejabberd API] Requesting check_account from http://localhost:52810/api/ with user local-admin@local-jabber.entenhausen.pazz.de'
LOG LOG: [36m'[Ejabberd API] Response check_account: 200 OK'[39m
LOG: '[Ejabberd API] Response check_account: 200 OK'
LOG LOG: [36m'[Ejabberd API] Requesting register from http://localhost:52810/api/ with user local-admin@local-jabber.entenhausen.pazz.de'[39m
LOG: '[Ejabberd API] Requesting register from http://localhost:52810/api/ with user local-admin@local-jabber.entenhausen.pazz.de'
LOG LOG: [36m'[Ejabberd API] Response register: 200 OK'[39m
LOG: '[Ejabberd API] Response register: 200 OK'
LOG LOG: [36m'[Ejabberd API] Requesting registered_users from http://localhost:52810/api/ with user local-admin@local-jabber.entenhausen.pazz.de'[39m
LOG: '[Ejabberd API] Requesting registered_users from http://localhost:52810/api/ with user local-admin@local-jabber.entenhausen.pazz.de'
LOG LOG: [36m'[Ejabberd API] Response registered_users: 200 OK'[39m
LOG: '[Ejabberd API] Response registered_users: 200 OK'
LOG LOG: [36m'[Ejabberd API] Requesting check_account from http://localhost:52810/api/ with user local-admin@local-jabber.entenhausen.pazz.de'[39m
LOG: '[Ejabberd API] Requesting check_account from http://localhost:52810/api/ with user local-admin@local-jabber.entenhausen.pazz.de'
LOG LOG: [36m'[Ejabberd API] Response check_account: 200 OK'[39m
LOG: '[Ejabberd API] Response check_account: 200 OK'
LOG LOG: [36m'[Ejabberd API] Requesting register from http://localhost:52810/api/ with user local-admin@local-jabber.entenhausen.pazz.de'[39m
LOG: '[Ejabberd API] Requesting register from http://localhost:52810/api/ with user local-admin@local-jabber.entenhausen.pazz.de'
LOG LOG: [36m'[Ejabberd API] Response register: 200 OK'[39m
LOG: '[Ejabberd API] Response register: 200 OK'
LOG LOG: [36m'[Ejabberd API] Requesting get_room_affiliation from http://localhost:52810/api/ with user local-admin@local-jabber.entenhausen.pazz.de'[39m
LOG: '[Ejabberd API] Requesting get_room_affiliation from http://localhost:52810/api/ with user local-admin@local-jabber.entenhausen.pazz.de'
LOG LOG: [36m'[Ejabberd API] Response get_room_affiliation: 200 OK'[39m
LOG: '[Ejabberd API] Response get_room_affiliation: 200 OK'
LOG LOG: [36m'[Ejabberd API] Requesting get_room_affiliation from http://localhost:52810/api/ with user local-admin@local-jabber.entenhausen.pazz.de'[39m
LOG: '[Ejabberd API] Requesting get_room_affiliation from http://localhost:52810/api/ with user local-admin@local-jabber.entenhausen.pazz.de'
LOG LOG: [36m'[Ejabberd API] Response get_room_affiliation: 200 OK'[39m
LOG: '[Ejabberd API] Response get_room_affiliation: 200 OK'
LOG LOG: [36m'[Ejabberd API] Requesting get_room_affiliation from http://localhost:52810/api/ with user local-admin@local-jabber.entenhausen.pazz.de'[39m
LOG: '[Ejabberd API] Requesting get_room_affiliation from http://localhost:52810/api/ with user local-admin@local-jabber.entenhausen.pazz.de'
LOG LOG: [36m'[Ejabberd API] Response get_room_affiliation: 200 OK'[39m
LOG: '[Ejabberd API] Response get_room_affiliation: 200 OK'
LOG LOG: [36m'[TestUtils] Cleaning up 5 tracked rooms...'[39m
LOG: '[TestUtils] Cleaning up 5 tracked rooms...'
LOG LOG: [36m'[Ejabberd API] Requesting destroy_room from http://localhost:52810/api/ with user local-admin@local-jabber.entenhausen.pazz.de'[39m
LOG: '[Ejabberd API] Requesting destroy_room from http://localhost:52810/api/ with user local-admin@local-jabber.entenhausen.pazz.de'
LOG LOG: [36m'[Ejabberd API] Response destroy_room: 200 OK'[39m
LOG: '[Ejabberd API] Response destroy_room: 200 OK'
LOG LOG: [36m'[Ejabberd API] Requesting destroy_room from http://localhost:52810/api/ with user local-admin@local-jabber.entenhausen.pazz.de'[39m
LOG: '[Ejabberd API] Requesting destroy_room from http://localhost:52810/api/ with user local-admin@local-jabber.entenhausen.pazz.de'
LOG LOG: [36m'[Ejabberd API] Response destroy_room: 400 Bad Request'[39m
LOG: '[Ejabberd API] Response destroy_room: 400 Bad Request'
LOG LOG: [36m'[Ejabberd API] Requesting destroy_room from http://localhost:52810/api/ with user local-admin@local-jabber.entenhausen.pazz.de'[39m
LOG: '[Ejabberd API] Requesting destroy_room from http://localhost:52810/api/ with user local-admin@local-jabber.entenhausen.pazz.de'
LOG LOG: [36m'[Ejabberd API] Response destroy_room: 400 Bad Request'[39m
LOG: '[Ejabberd API] Response destroy_room: 400 Bad Request'
LOG LOG: [36m'[Ejabberd API] Requesting destroy_room from http://localhost:52810/api/ with user local-admin@local-jabber.entenhausen.pazz.de'[39m
LOG: '[Ejabberd API] Requesting destroy_room from http://localhost:52810/api/ with user local-admin@local-jabber.entenhausen.pazz.de'
LOG LOG: [36m'[Ejabberd API] Response destroy_room: 400 Bad Request'[39m
LOG: '[Ejabberd API] Response destroy_room: 400 Bad Request'
LOG LOG: [36m'[Ejabberd API] Requesting destroy_room from http://localhost:52810/api/ with user local-admin@local-jabber.entenhausen.pazz.de'[39m
LOG: '[Ejabberd API] Requesting destroy_room from http://localhost:52810/api/ with user local-admin@local-jabber.entenhausen.pazz.de'
LOG LOG: [36m'[Ejabberd API] Response destroy_room: 200 OK'[39m
LOG: '[Ejabberd API] Response destroy_room: 200 OK'
LOG LOG: [36m'[Ejabberd API] Requesting destroy_room from http://localhost:52810/api/ with user local-admin@local-jabber.entenhausen.pazz.de'[39m
LOG: '[Ejabberd API] Requesting destroy_room from http://localhost:52810/api/ with user local-admin@local-jabber.entenhausen.pazz.de'
LOG LOG: [36m'[Ejabberd API] Response destroy_room: 400 Bad Request'[39m
LOG: '[Ejabberd API] Response destroy_room: 400 Bad Request'
LOG LOG: [36m'[Ejabberd API] Requesting destroy_room from http://localhost:52810/api/ with user local-admin@local-jabber.entenhausen.pazz.de'[39m
LOG: '[Ejabberd API] Requesting destroy_room from http://localhost:52810/api/ with user local-admin@local-jabber.entenhausen.pazz.de'
LOG LOG: [36m'[Ejabberd API] Response destroy_room: 200 OK'[39m
LOG: '[Ejabberd API] Response destroy_room: 200 OK'
LOG LOG: [36m'[Ejabberd API] Requesting destroy_room from http://localhost:52810/api/ with user local-admin@local-jabber.entenhausen.pazz.de'[39m
LOG: '[Ejabberd API] Requesting destroy_room from http://localhost:52810/api/ with user local-admin@local-jabber.entenhausen.pazz.de'
LOG LOG: [36m'[Ejabberd API] Response destroy_room: 400 Bad Request'[39m
LOG: '[Ejabberd API] Response destroy_room: 400 Bad Request'
LOG LOG: [36m'[Ejabberd API] Requesting destroy_room from http://localhost:52810/api/ with user local-admin@local-jabber.entenhausen.pazz.de'[39m
LOG: '[Ejabberd API] Requesting destroy_room from http://localhost:52810/api/ with user local-admin@local-jabber.entenhausen.pazz.de'
LOG LOG: [36m'[Ejabberd API] Response destroy_room: 400 Bad Request'[39m
LOG: '[Ejabberd API] Response destroy_room: 400 Bad Request'
LOG LOG: [36m'[Ejabberd API] Requesting destroy_room from http://localhost:52810/api/ with user local-admin@local-jabber.entenhausen.pazz.de'[39m
LOG: '[Ejabberd API] Requesting destroy_room from http://localhost:52810/api/ with user local-admin@local-jabber.entenhausen.pazz.de'
LOG LOG: [36m'[Ejabberd API] Response destroy_room: 400 Bad Request'[39m
LOG: '[Ejabberd API] Response destroy_room: 400 Bad Request'
LOG LOG: [36m'[Ejabberd API] Requesting registered_users from http://localhost:52810/api/ with user local-admin@local-jabber.entenhausen.pazz.de'[39m
LOG: '[Ejabberd API] Requesting registered_users from http://localhost:52810/api/ with user local-admin@local-jabber.entenhausen.pazz.de'
LOG LOG: [36m'[Ejabberd API] Requesting registered_users from http://localhost:52810/api/ with user local-admin@local-jabber.entenhausen.pazz.de'[39m
LOG: '[Ejabberd API] Requesting registered_users from http://localhost:52810/api/ with user local-admin@local-jabber.entenhausen.pazz.de'
LOG LOG: [36m'[Ejabberd API] Requesting registered_users from http://localhost:52810/api/ with user local-admin@local-jabber.entenhausen.pazz.de'[39m
LOG: '[Ejabberd API] Requesting registered_users from http://localhost:52810/api/ with user local-admin@local-jabber.entenhausen.pazz.de'
LOG LOG: [36m'[Ejabberd API] Requesting registered_users from http://localhost:52810/api/ with user local-admin@local-jabber.entenhausen.pazz.de'[39m
LOG: '[Ejabberd API] Requesting registered_users from http://localhost:52810/api/ with user local-admin@local-jabber.entenhausen.pazz.de'
LOG LOG: [36m'[Ejabberd API] Requesting registered_users from http://localhost:52810/api/ with user local-admin@local-jabber.entenhausen.pazz.de'[39m
LOG: '[Ejabberd API] Requesting registered_users from http://localhost:52810/api/ with user local-admin@local-jabber.entenhausen.pazz.de'
LOG LOG: [36m'[Ejabberd API] Response registered_users: 200 OK'[39m
LOG: '[Ejabberd API] Response registered_users: 200 OK'
LOG LOG: [36m'[Ejabberd API] Response registered_users: 200 OK'[39m
LOG: '[Ejabberd API] Response registered_users: 200 OK'
LOG LOG: [36m'[Ejabberd API] Response registered_users: 200 OK'[39m
LOG: '[Ejabberd API] Response registered_users: 200 OK'
LOG LOG: [36m'[Ejabberd API] Requesting check_account from http://localhost:52810/api/ with user local-admin@local-jabber.entenhausen.pazz.de'[39m
LOG: '[Ejabberd API] Requesting check_account from http://localhost:52810/api/ with user local-admin@local-jabber.entenhausen.pazz.de'
LOG LOG: [36m'[Ejabberd API] Response registered_users: 200 OK'[39m
LOG: '[Ejabberd API] Response registered_users: 200 OK'
LOG LOG: [36m'[Ejabberd API] Requesting check_account from http://localhost:52810/api/ with user local-admin@local-jabber.entenhausen.pazz.de'[39m
LOG: '[Ejabberd API] Requesting check_account from http://localhost:52810/api/ with user local-admin@local-jabber.entenhausen.pazz.de'
LOG LOG: [36m'[Ejabberd API] Response registered_users: 200 OK'[39m
LOG: '[Ejabberd API] Response registered_users: 200 OK'
LOG LOG: [36m'[Ejabberd API] Response check_account: 200 OK'[39m
LOG: '[Ejabberd API] Response check_account: 200 OK'
LOG LOG: [36m'[Ejabberd API] Requesting unregister from http://localhost:52810/api/ with user local-admin@local-jabber.entenhausen.pazz.de'[39m
LOG: '[Ejabberd API] Requesting unregister from http://localhost:52810/api/ with user local-admin@local-jabber.entenhausen.pazz.de'
LOG LOG: [36m'[Ejabberd API] Response check_account: 200 OK'[39m
LOG: '[Ejabberd API] Response check_account: 200 OK'
LOG LOG: [36m'[Ejabberd API] Requesting unregister from http://localhost:52810/api/ with user local-admin@local-jabber.entenhausen.pazz.de'[39m
LOG: '[Ejabberd API] Requesting unregister from http://localhost:52810/api/ with user local-admin@local-jabber.entenhausen.pazz.de'
LOG LOG: [36m'[Ejabberd API] Response unregister: 200 OK'[39m
LOG: '[Ejabberd API] Response unregister: 200 OK'
LOG LOG: [36m'[Ejabberd API] Response unregister: 200 OK'[39m
LOG: '[Ejabberd API] Response unregister: 200 OK'
      [31m✗ [39m[31mshould be able to join multiple rooms[39m
	TimeoutError: Timeout has occurred
	error properties: null({ info: Object({ meta: null, lastValue: null, seen: 0 }), constructor: Function })
	    at _super (node_modules/rxjs/dist/esm/internal/util/createErrorClass.js:4:26)
	    at new TimeoutErrorImpl (node_modules/rxjs/dist/esm/internal/operators/timeout.js:9:5)
	    at _with (node_modules/rxjs/dist/esm/internal/operators/timeout.js:54:11)
LOG LOG: [36m'[Ejabberd API] Requesting registered_users from http://localhost:52810/api/ with user local-admin@local-jabber.entenhausen.pazz.de'[39m
LOG: '[Ejabberd API] Requesting registered_users from http://localhost:52810/api/ with user local-admin@local-jabber.entenhausen.pazz.de'
LOG LOG: [36m'[Ejabberd API] Response registered_users: 200 OK'[39m
LOG: '[Ejabberd API] Response registered_users: 200 OK'
LOG LOG: [36m'[Ejabberd API] Requesting muc_online_rooms from http://localhost:52810/api/ with user local-admin@local-jabber.entenhausen.pazz.de'[39m
LOG: '[Ejabberd API] Requesting muc_online_rooms from http://localhost:52810/api/ with user local-admin@local-jabber.entenhausen.pazz.de'
LOG LOG: [36m'[Ejabberd API] Response muc_online_rooms: 200 OK'[39m
LOG: '[Ejabberd API] Response muc_online_rooms: 200 OK'
LOG LOG: [36m'[Ejabberd API] Requesting registered_users from http://localhost:52810/api/ with user local-admin@local-jabber.entenhausen.pazz.de'[39m
LOG: '[Ejabberd API] Requesting registered_users from http://localhost:52810/api/ with user local-admin@local-jabber.entenhausen.pazz.de'
LOG LOG: [36m'[Ejabberd API] Requesting registered_users from http://localhost:52810/api/ with user local-admin@local-jabber.entenhausen.pazz.de'[39m
LOG: '[Ejabberd API] Requesting registered_users from http://localhost:52810/api/ with user local-admin@local-jabber.entenhausen.pazz.de'
LOG LOG: [36m'[Ejabberd API] Requesting registered_users from http://localhost:52810/api/ with user local-admin@local-jabber.entenhausen.pazz.de'[39m
LOG: '[Ejabberd API] Requesting registered_users from http://localhost:52810/api/ with user local-admin@local-jabber.entenhausen.pazz.de'
LOG LOG: [36m'[Ejabberd API] Requesting registered_users from http://localhost:52810/api/ with user local-admin@local-jabber.entenhausen.pazz.de'[39m
LOG: '[Ejabberd API] Requesting registered_users from http://localhost:52810/api/ with user local-admin@local-jabber.entenhausen.pazz.de'
LOG LOG: [36m'[Ejabberd API] Requesting registered_users from http://localhost:52810/api/ with user local-admin@local-jabber.entenhausen.pazz.de'[39m
LOG: '[Ejabberd API] Requesting registered_users from http://localhost:52810/api/ with user local-admin@local-jabber.entenhausen.pazz.de'
LOG LOG: [36m'[Ejabberd API] Response registered_users: 200 OK'[39m
LOG: '[Ejabberd API] Response registered_users: 200 OK'
LOG LOG: [36m'[Ejabberd API] Response registered_users: 200 OK'[39m
LOG: '[Ejabberd API] Response registered_users: 200 OK'
LOG LOG: [36m'[Ejabberd API] Response registered_users: 200 OK'[39m
LOG: '[Ejabberd API] Response registered_users: 200 OK'
LOG LOG: [36m'[Ejabberd API] Response registered_users: 200 OK'[39m
LOG: '[Ejabberd API] Response registered_users: 200 OK'
LOG LOG: [36m'[Ejabberd API] Response registered_users: 200 OK'[39m
LOG: '[Ejabberd API] Response registered_users: 200 OK'
LOG LOG: [36m'[Ejabberd API] Requesting registered_users from http://localhost:52810/api/ with user local-admin@local-jabber.entenhausen.pazz.de'[39m
LOG: '[Ejabberd API] Requesting registered_users from http://localhost:52810/api/ with user local-admin@local-jabber.entenhausen.pazz.de'
LOG LOG: [36m'[Ejabberd API] Response registered_users: 200 OK'[39m
LOG: '[Ejabberd API] Response registered_users: 200 OK'
LOG LOG: [36m'[Ejabberd API] Requesting check_account from http://localhost:52810/api/ with user local-admin@local-jabber.entenhausen.pazz.de'[39m
LOG: '[Ejabberd API] Requesting check_account from http://localhost:52810/api/ with user local-admin@local-jabber.entenhausen.pazz.de'
LOG LOG: [36m'[Ejabberd API] Response check_account: 200 OK'[39m
LOG: '[Ejabberd API] Response check_account: 200 OK'
LOG LOG: [36m'[Ejabberd API] Requesting register from http://localhost:52810/api/ with user local-admin@local-jabber.entenhausen.pazz.de'[39m
LOG: '[Ejabberd API] Requesting register from http://localhost:52810/api/ with user local-admin@local-jabber.entenhausen.pazz.de'
LOG LOG: [36m'[Ejabberd API] Response register: 200 OK'[39m
LOG: '[Ejabberd API] Response register: 200 OK'
LOG LOG: [36m'[Ejabberd API] Requesting registered_users from http://localhost:52810/api/ with user local-admin@local-jabber.entenhausen.pazz.de'[39m
LOG: '[Ejabberd API] Requesting registered_users from http://localhost:52810/api/ with user local-admin@local-jabber.entenhausen.pazz.de'
LOG LOG: [36m'[Ejabberd API] Response registered_users: 200 OK'[39m
LOG: '[Ejabberd API] Response registered_users: 200 OK'
LOG LOG: [36m'[Ejabberd API] Requesting check_account from http://localhost:52810/api/ with user local-admin@local-jabber.entenhausen.pazz.de'[39m
LOG: '[Ejabberd API] Requesting check_account from http://localhost:52810/api/ with user local-admin@local-jabber.entenhausen.pazz.de'
LOG LOG: [36m'[Ejabberd API] Response check_account: 200 OK'[39m
LOG: '[Ejabberd API] Response check_account: 200 OK'
LOG LOG: [36m'[Ejabberd API] Requesting register from http://localhost:52810/api/ with user local-admin@local-jabber.entenhausen.pazz.de'[39m
LOG: '[Ejabberd API] Requesting register from http://localhost:52810/api/ with user local-admin@local-jabber.entenhausen.pazz.de'
LOG LOG: [36m'[Ejabberd API] Response register: 200 OK'[39m
LOG: '[Ejabberd API] Response register: 200 OK'
LOG LOG: [36m'[TestUtils] Cleaning up 5 tracked rooms...'[39m
LOG: '[TestUtils] Cleaning up 5 tracked rooms...'
LOG LOG: [36m'[Ejabberd API] Requesting destroy_room from http://localhost:52810/api/ with user local-admin@local-jabber.entenhausen.pazz.de'[39m
LOG: '[Ejabberd API] Requesting destroy_room from http://localhost:52810/api/ with user local-admin@local-jabber.entenhausen.pazz.de'
LOG LOG: [36m'[Ejabberd API] Response destroy_room: 400 Bad Request'[39m
LOG: '[Ejabberd API] Response destroy_room: 400 Bad Request'
LOG LOG: [36m'[Ejabberd API] Requesting destroy_room from http://localhost:52810/api/ with user local-admin@local-jabber.entenhausen.pazz.de'[39m
LOG: '[Ejabberd API] Requesting destroy_room from http://localhost:52810/api/ with user local-admin@local-jabber.entenhausen.pazz.de'
LOG LOG: [36m'[Ejabberd API] Response destroy_room: 400 Bad Request'[39m
LOG: '[Ejabberd API] Response destroy_room: 400 Bad Request'
LOG LOG: [36m'[Ejabberd API] Requesting destroy_room from http://localhost:52810/api/ with user local-admin@local-jabber.entenhausen.pazz.de'[39m
LOG: '[Ejabberd API] Requesting destroy_room from http://localhost:52810/api/ with user local-admin@local-jabber.entenhausen.pazz.de'
LOG LOG: [36m'[Ejabberd API] Response destroy_room: 400 Bad Request'[39m
LOG: '[Ejabberd API] Response destroy_room: 400 Bad Request'
LOG LOG: [36m'[Ejabberd API] Requesting destroy_room from http://localhost:52810/api/ with user local-admin@local-jabber.entenhausen.pazz.de'[39m
LOG: '[Ejabberd API] Requesting destroy_room from http://localhost:52810/api/ with user local-admin@local-jabber.entenhausen.pazz.de'
LOG LOG: [36m'[Ejabberd API] Response destroy_room: 400 Bad Request'[39m
LOG: '[Ejabberd API] Response destroy_room: 400 Bad Request'
LOG LOG: [36m'[Ejabberd API] Requesting destroy_room from http://localhost:52810/api/ with user local-admin@local-jabber.entenhausen.pazz.de'[39m
LOG: '[Ejabberd API] Requesting destroy_room from http://localhost:52810/api/ with user local-admin@local-jabber.entenhausen.pazz.de'
LOG LOG: [36m'[Ejabberd API] Response destroy_room: 400 Bad Request'[39m
LOG: '[Ejabberd API] Response destroy_room: 400 Bad Request'
LOG LOG: [36m'[Ejabberd API] Requesting destroy_room from http://localhost:52810/api/ with user local-admin@local-jabber.entenhausen.pazz.de'[39m
LOG: '[Ejabberd API] Requesting destroy_room from http://localhost:52810/api/ with user local-admin@local-jabber.entenhausen.pazz.de'
LOG LOG: [36m'[Ejabberd API] Response destroy_room: 400 Bad Request'[39m
LOG: '[Ejabberd API] Response destroy_room: 400 Bad Request'
LOG LOG: [36m'[Ejabberd API] Requesting destroy_room from http://localhost:52810/api/ with user local-admin@local-jabber.entenhausen.pazz.de'[39m
LOG: '[Ejabberd API] Requesting destroy_room from http://localhost:52810/api/ with user local-admin@local-jabber.entenhausen.pazz.de'
LOG LOG: [36m'[Ejabberd API] Response destroy_room: 400 Bad Request'[39m
LOG: '[Ejabberd API] Response destroy_room: 400 Bad Request'
LOG LOG: [36m'[Ejabberd API] Requesting destroy_room from http://localhost:52810/api/ with user local-admin@local-jabber.entenhausen.pazz.de'[39m
LOG: '[Ejabberd API] Requesting destroy_room from http://localhost:52810/api/ with user local-admin@local-jabber.entenhausen.pazz.de'
LOG LOG: [36m'[Ejabberd API] Response destroy_room: 400 Bad Request'[39m
LOG: '[Ejabberd API] Response destroy_room: 400 Bad Request'
LOG LOG: [36m'[Ejabberd API] Requesting destroy_room from http://localhost:52810/api/ with user local-admin@local-jabber.entenhausen.pazz.de'[39m
LOG: '[Ejabberd API] Requesting destroy_room from http://localhost:52810/api/ with user local-admin@local-jabber.entenhausen.pazz.de'
LOG LOG: [36m'[Ejabberd API] Response destroy_room: 400 Bad Request'[39m
LOG: '[Ejabberd API] Response destroy_room: 400 Bad Request'
LOG LOG: [36m'[Ejabberd API] Requesting destroy_room from http://localhost:52810/api/ with user local-admin@local-jabber.entenhausen.pazz.de'[39m
LOG: '[Ejabberd API] Requesting destroy_room from http://localhost:52810/api/ with user local-admin@local-jabber.entenhausen.pazz.de'
LOG LOG: [36m'[Ejabberd API] Response destroy_room: 400 Bad Request'[39m
LOG: '[Ejabberd API] Response destroy_room: 400 Bad Request'
LOG LOG: [36m'[Ejabberd API] Requesting registered_users from http://localhost:52810/api/ with user local-admin@local-jabber.entenhausen.pazz.de'[39m
LOG: '[Ejabberd API] Requesting registered_users from http://localhost:52810/api/ with user local-admin@local-jabber.entenhausen.pazz.de'
LOG LOG: [36m'[Ejabberd API] Requesting registered_users from http://localhost:52810/api/ with user local-admin@local-jabber.entenhausen.pazz.de'[39m
LOG: '[Ejabberd API] Requesting registered_users from http://localhost:52810/api/ with user local-admin@local-jabber.entenhausen.pazz.de'
LOG LOG: [36m'[Ejabberd API] Requesting registered_users from http://localhost:52810/api/ with user local-admin@local-jabber.entenhausen.pazz.de'[39m
LOG: '[Ejabberd API] Requesting registered_users from http://localhost:52810/api/ with user local-admin@local-jabber.entenhausen.pazz.de'
LOG LOG: [36m'[Ejabberd API] Requesting registered_users from http://localhost:52810/api/ with user local-admin@local-jabber.entenhausen.pazz.de'[39m
LOG: '[Ejabberd API] Requesting registered_users from http://localhost:52810/api/ with user local-admin@local-jabber.entenhausen.pazz.de'
LOG LOG: [36m'[Ejabberd API] Requesting registered_users from http://localhost:52810/api/ with user local-admin@local-jabber.entenhausen.pazz.de'[39m
LOG: '[Ejabberd API] Requesting registered_users from http://localhost:52810/api/ with user local-admin@local-jabber.entenhausen.pazz.de'
LOG LOG: [36m'[Ejabberd API] Response registered_users: 200 OK'[39m
LOG: '[Ejabberd API] Response registered_users: 200 OK'
LOG LOG: [36m'[Ejabberd API] Response registered_users: 200 OK'[39m
LOG: '[Ejabberd API] Response registered_users: 200 OK'
LOG LOG: [36m'[Ejabberd API] Response registered_users: 200 OK'[39m
LOG: '[Ejabberd API] Response registered_users: 200 OK'
LOG LOG: [36m'[Ejabberd API] Requesting check_account from http://localhost:52810/api/ with user local-admin@local-jabber.entenhausen.pazz.de'[39m
LOG: '[Ejabberd API] Requesting check_account from http://localhost:52810/api/ with user local-admin@local-jabber.entenhausen.pazz.de'
LOG LOG: [36m'[Ejabberd API] Response registered_users: 200 OK'[39m
LOG: '[Ejabberd API] Response registered_users: 200 OK'
LOG LOG: [36m'[Ejabberd API] Requesting check_account from http://localhost:52810/api/ with user local-admin@local-jabber.entenhausen.pazz.de'[39m
LOG: '[Ejabberd API] Requesting check_account from http://localhost:52810/api/ with user local-admin@local-jabber.entenhausen.pazz.de'
LOG LOG: [36m'[Ejabberd API] Response registered_users: 200 OK'[39m
LOG: '[Ejabberd API] Response registered_users: 200 OK'
LOG LOG: [36m'[Ejabberd API] Response check_account: 200 OK'[39m
LOG: '[Ejabberd API] Response check_account: 200 OK'
LOG LOG: [36m'[Ejabberd API] Requesting unregister from http://localhost:52810/api/ with user local-admin@local-jabber.entenhausen.pazz.de'[39m
LOG: '[Ejabberd API] Requesting unregister from http://localhost:52810/api/ with user local-admin@local-jabber.entenhausen.pazz.de'
LOG LOG: [36m'[Ejabberd API] Response check_account: 200 OK'[39m
LOG: '[Ejabberd API] Response check_account: 200 OK'
LOG LOG: [36m'[Ejabberd API] Requesting unregister from http://localhost:52810/api/ with user local-admin@local-jabber.entenhausen.pazz.de'[39m
LOG: '[Ejabberd API] Requesting unregister from http://localhost:52810/api/ with user local-admin@local-jabber.entenhausen.pazz.de'
LOG LOG: [36m'[Ejabberd API] Response unregister: 200 OK'[39m
LOG: '[Ejabberd API] Response unregister: 200 OK'
LOG LOG: [36m'[Ejabberd API] Response unregister: 200 OK'[39m
LOG: '[Ejabberd API] Response unregister: 200 OK'
      [32m✓ [39mshould be able to query only for rooms joined
LOG LOG: [36m'[Ejabberd API] Requesting registered_users from http://localhost:52810/api/ with user local-admin@local-jabber.entenhausen.pazz.de'[39m
LOG: '[Ejabberd API] Requesting registered_users from http://localhost:52810/api/ with user local-admin@local-jabber.entenhausen.pazz.de'
LOG LOG: [36m'[Ejabberd API] Response registered_users: 200 OK'[39m
LOG: '[Ejabberd API] Response registered_users: 200 OK'
LOG LOG: [36m'[Ejabberd API] Requesting muc_online_rooms from http://localhost:52810/api/ with user local-admin@local-jabber.entenhausen.pazz.de'[39m
LOG: '[Ejabberd API] Requesting muc_online_rooms from http://localhost:52810/api/ with user local-admin@local-jabber.entenhausen.pazz.de'
LOG LOG: [36m'[Ejabberd API] Response muc_online_rooms: 200 OK'[39m
LOG: '[Ejabberd API] Response muc_online_rooms: 200 OK'
LOG LOG: [36m'[Ejabberd API] Requesting registered_users from http://localhost:52810/api/ with user local-admin@local-jabber.entenhausen.pazz.de'[39m
LOG: '[Ejabberd API] Requesting registered_users from http://localhost:52810/api/ with user local-admin@local-jabber.entenhausen.pazz.de'
LOG LOG: [36m'[Ejabberd API] Requesting registered_users from http://localhost:52810/api/ with user local-admin@local-jabber.entenhausen.pazz.de'[39m
LOG: '[Ejabberd API] Requesting registered_users from http://localhost:52810/api/ with user local-admin@local-jabber.entenhausen.pazz.de'
LOG LOG: [36m'[Ejabberd API] Requesting registered_users from http://localhost:52810/api/ with user local-admin@local-jabber.entenhausen.pazz.de'[39m
LOG: '[Ejabberd API] Requesting registered_users from http://localhost:52810/api/ with user local-admin@local-jabber.entenhausen.pazz.de'
LOG LOG: [36m'[Ejabberd API] Requesting registered_users from http://localhost:52810/api/ with user local-admin@local-jabber.entenhausen.pazz.de'[39m
LOG: '[Ejabberd API] Requesting registered_users from http://localhost:52810/api/ with user local-admin@local-jabber.entenhausen.pazz.de'
LOG LOG: [36m'[Ejabberd API] Requesting registered_users from http://localhost:52810/api/ with user local-admin@local-jabber.entenhausen.pazz.de'[39m
LOG: '[Ejabberd API] Requesting registered_users from http://localhost:52810/api/ with user local-admin@local-jabber.entenhausen.pazz.de'
LOG LOG: [36m'[Ejabberd API] Response registered_users: 200 OK'[39m
LOG: '[Ejabberd API] Response registered_users: 200 OK'
LOG LOG: [36m'[Ejabberd API] Response registered_users: 200 OK'[39m
LOG: '[Ejabberd API] Response registered_users: 200 OK'
LOG LOG: [36m'[Ejabberd API] Response registered_users: 200 OK'[39m
LOG: '[Ejabberd API] Response registered_users: 200 OK'
LOG LOG: [36m'[Ejabberd API] Response registered_users: 200 OK'[39m
LOG: '[Ejabberd API] Response registered_users: 200 OK'
LOG LOG: [36m'[Ejabberd API] Response registered_users: 200 OK'[39m
LOG: '[Ejabberd API] Response registered_users: 200 OK'
LOG LOG: [36m'[Ejabberd API] Requesting registered_users from http://localhost:52810/api/ with user local-admin@local-jabber.entenhausen.pazz.de'[39m
LOG: '[Ejabberd API] Requesting registered_users from http://localhost:52810/api/ with user local-admin@local-jabber.entenhausen.pazz.de'
LOG LOG: [36m'[Ejabberd API] Response registered_users: 200 OK'[39m
LOG: '[Ejabberd API] Response registered_users: 200 OK'
LOG LOG: [36m'[Ejabberd API] Requesting check_account from http://localhost:52810/api/ with user local-admin@local-jabber.entenhausen.pazz.de'[39m
LOG: '[Ejabberd API] Requesting check_account from http://localhost:52810/api/ with user local-admin@local-jabber.entenhausen.pazz.de'
LOG LOG: [36m'[Ejabberd API] Response check_account: 200 OK'[39m
LOG: '[Ejabberd API] Response check_account: 200 OK'
LOG LOG: [36m'[Ejabberd API] Requesting register from http://localhost:52810/api/ with user local-admin@local-jabber.entenhausen.pazz.de'[39m
LOG: '[Ejabberd API] Requesting register from http://localhost:52810/api/ with user local-admin@local-jabber.entenhausen.pazz.de'
LOG LOG: [36m'[Ejabberd API] Response register: 200 OK'[39m
LOG: '[Ejabberd API] Response register: 200 OK'
